Archive member included to satisfy reference by file (symbol)

c:/siliconlabs/simplicitystudio/v5/developer/toolchains/gnu_arm/12.2.rel1_2023.7/bin/../lib/gcc/arm-none-eabi/12.2.1/thumb/v8-m.main+fp/hard\libgcc.a(_aeabi_ldivmod.o)
                              ./simplicity_sdk_2024.6.0/platform/emlib/src/em_usart.o (__aeabi_ldivmod)
c:/siliconlabs/simplicitystudio/v5/developer/toolchains/gnu_arm/12.2.rel1_2023.7/bin/../lib/gcc/arm-none-eabi/12.2.1/thumb/v8-m.main+fp/hard\libgcc.a(_aeabi_uldivmod.o)
                              ./simplicity_sdk_2024.6.0/platform/emlib/src/em_usart.o (__aeabi_uldivmod)
c:/siliconlabs/simplicitystudio/v5/developer/toolchains/gnu_arm/12.2.rel1_2023.7/bin/../lib/gcc/arm-none-eabi/12.2.1/thumb/v8-m.main+fp/hard\libgcc.a(_udivmoddi4.o)
                              c:/siliconlabs/simplicitystudio/v5/developer/toolchains/gnu_arm/12.2.rel1_2023.7/bin/../lib/gcc/arm-none-eabi/12.2.1/thumb/v8-m.main+fp/hard\libgcc.a(_aeabi_ldivmod.o) (__udivmoddi4)
c:/siliconlabs/simplicitystudio/v5/developer/toolchains/gnu_arm/12.2.rel1_2023.7/bin/../lib/gcc/arm-none-eabi/12.2.1/thumb/v8-m.main+fp/hard\libgcc.a(_dvmd_tls.o)
                              c:/siliconlabs/simplicitystudio/v5/developer/toolchains/gnu_arm/12.2.rel1_2023.7/bin/../lib/gcc/arm-none-eabi/12.2.1/thumb/v8-m.main+fp/hard\libgcc.a(_aeabi_ldivmod.o) (__aeabi_ldiv0)
c:/siliconlabs/simplicitystudio/v5/developer/toolchains/gnu_arm/12.2.rel1_2023.7/bin/../lib/gcc/arm-none-eabi/12.2.1/thumb/v8-m.main+fp/hard\libc_nano.a(libc_a-atoi.o)
                              ./simplicity_sdk_2024.6.0/util/third_party/lwip/lwip/src/core/netif.o (atoi)
c:/siliconlabs/simplicitystudio/v5/developer/toolchains/gnu_arm/12.2.rel1_2023.7/bin/../lib/gcc/arm-none-eabi/12.2.1/thumb/v8-m.main+fp/hard\libc_nano.a(libc_a-exit.o)
                              c:/siliconlabs/simplicitystudio/v5/developer/toolchains/gnu_arm/12.2.rel1_2023.7/bin/../lib/gcc/arm-none-eabi/12.2.1/thumb/v8-m.main+fp/hard/crt0.o (exit)
c:/siliconlabs/simplicitystudio/v5/developer/toolchains/gnu_arm/12.2.rel1_2023.7/bin/../lib/gcc/arm-none-eabi/12.2.1/thumb/v8-m.main+fp/hard\libc_nano.a(libc_a-malloc.o)
                              ./simplicity_sdk_2024.6.0/util/third_party/freertos/kernel/portable/MemMang/heap_3.o (malloc)
c:/siliconlabs/simplicitystudio/v5/developer/toolchains/gnu_arm/12.2.rel1_2023.7/bin/../lib/gcc/arm-none-eabi/12.2.1/thumb/v8-m.main+fp/hard\libc_nano.a(libc_a-rand.o)
                              ./simplicity_sdk_2024.6.0/util/third_party/lwip/lwip/src/core/tcp.o (rand)
c:/siliconlabs/simplicitystudio/v5/developer/toolchains/gnu_arm/12.2.rel1_2023.7/bin/../lib/gcc/arm-none-eabi/12.2.1/thumb/v8-m.main+fp/hard\libc_nano.a(libc_a-strtol.o)
                              c:/siliconlabs/simplicitystudio/v5/developer/toolchains/gnu_arm/12.2.rel1_2023.7/bin/../lib/gcc/arm-none-eabi/12.2.1/thumb/v8-m.main+fp/hard\libc_nano.a(libc_a-atoi.o) (_strtol_r)
c:/siliconlabs/simplicitystudio/v5/developer/toolchains/gnu_arm/12.2.rel1_2023.7/bin/../lib/gcc/arm-none-eabi/12.2.1/thumb/v8-m.main+fp/hard\libc_nano.a(libc_a-ctype_.o)
                              ./simplicity_sdk_2024.6.0/util/third_party/lwip/lwip/src/core/ipv4/ip4_addr.o (_ctype_)
c:/siliconlabs/simplicitystudio/v5/developer/toolchains/gnu_arm/12.2.rel1_2023.7/bin/../lib/gcc/arm-none-eabi/12.2.1/thumb/v8-m.main+fp/hard\libc_nano.a(libc_a-findfp.o)
                              c:/siliconlabs/simplicitystudio/v5/developer/toolchains/gnu_arm/12.2.rel1_2023.7/bin/../lib/gcc/arm-none-eabi/12.2.1/thumb/v8-m.main+fp/hard\libc_nano.a(libc_a-exit.o) (__stdio_exit_handler)
c:/siliconlabs/simplicitystudio/v5/developer/toolchains/gnu_arm/12.2.rel1_2023.7/bin/../lib/gcc/arm-none-eabi/12.2.1/thumb/v8-m.main+fp/hard\libc_nano.a(libc_a-fwalk.o)
                              c:/siliconlabs/simplicitystudio/v5/developer/toolchains/gnu_arm/12.2.rel1_2023.7/bin/../lib/gcc/arm-none-eabi/12.2.1/thumb/v8-m.main+fp/hard\libc_nano.a(libc_a-findfp.o) (_fwalk_sglue)
c:/siliconlabs/simplicitystudio/v5/developer/toolchains/gnu_arm/12.2.rel1_2023.7/bin/../lib/gcc/arm-none-eabi/12.2.1/thumb/v8-m.main+fp/hard\libc_nano.a(libc_a-printf.o)
                              ./middlewares/freertos_tcpip_stack/port/ethernetif.o (printf)
c:/siliconlabs/simplicitystudio/v5/developer/toolchains/gnu_arm/12.2.rel1_2023.7/bin/../lib/gcc/arm-none-eabi/12.2.1/thumb/v8-m.main+fp/hard\libc_nano.a(libc_a-putchar.o)
                              ./utilities/dm9051_cboard_conf.o (putchar)
c:/siliconlabs/simplicitystudio/v5/developer/toolchains/gnu_arm/12.2.rel1_2023.7/bin/../lib/gcc/arm-none-eabi/12.2.1/thumb/v8-m.main+fp/hard\libc_nano.a(libc_a-puts.o)
                              ./middlewares/freertos_tcpip_stack/port/ethernetif.o (puts)
c:/siliconlabs/simplicitystudio/v5/developer/toolchains/gnu_arm/12.2.rel1_2023.7/bin/../lib/gcc/arm-none-eabi/12.2.1/thumb/v8-m.main+fp/hard\libc_nano.a(libc_a-snprintf.o)
[...]
Memory Configuration

Name             Origin             Length             Attributes
FLASH            0x08000000         0x0017e000         xr
RAM              0x20000000         0x00040000         xrw
*default*        0x00000000         0xffffffff

Linker script and memory map

LOAD c:/siliconlabs/simplicitystudio/v5/developer/toolchains/gnu_arm/12.2.rel1_2023.7/bin/../lib/gcc/arm-none-eabi/12.2.1/thumb/v8-m.main+fp/hard/crti.o
LOAD c:/siliconlabs/simplicitystudio/v5/developer/toolchains/gnu_arm/12.2.rel1_2023.7/bin/../lib/gcc/arm-none-eabi/12.2.1/thumb/v8-m.main+fp/hard/crtbegin.o
LOAD c:/siliconlabs/simplicitystudio/v5/developer/toolchains/gnu_arm/12.2.rel1_2023.7/bin/../lib/gcc/arm-none-eabi/12.2.1/thumb/v8-m.main+fp/hard/crt0.o
START GROUP
LOAD ./app.o
LOAD ./blink.o
LOAD ./main.o
LOAD ./autogen/sl_board_default_init.o
LOAD ./autogen/sl_event_handler.o
LOAD ./autogen/sl_simple_led_instances.o
LOAD ./middlewares/freertos_tcpip_stack/port/ethernetif.o
LOAD ./middlewares/freertos_tcpip_stack/src/netif/ethernet.o
LOAD ./simplicity_sdk_2024.6.0/hardware/board/src/sl_board_control_gpio.o
LOAD ./simplicity_sdk_2024.6.0/hardware/board/src/sl_board_init.o
LOAD ./simplicity_sdk_2024.6.0/hardware/driver/configuration_over_swo/src/sl_cos.o
LOAD ./simplicity_sdk_2024.6.0/hardware/driver/mx25_flash_shutdown/src/sl_mx25_flash_shutdown_usart/sl_mx25_flash_shutdown.o
LOAD ./simplicity_sdk_2024.6.0/platform/CMSIS/RTOS2/Source/os_systick.o
LOAD ./simplicity_sdk_2024.6.0/platform/Device/SiliconLabs/MGM24/Source/startup_mgm24.o
LOAD ./simplicity_sdk_2024.6.0/platform/Device/SiliconLabs/MGM24/Source/system_mgm24.o
LOAD ./simplicity_sdk_2024.6.0/platform/common/src/sl_assert.o
LOAD ./simplicity_sdk_2024.6.0/platform/common/src/sl_core_cortexm.o
LOAD ./simplicity_sdk_2024.6.0/platform/common/src/sl_syscalls.o
LOAD ./simplicity_sdk_2024.6.0/platform/driver/debug/src/sl_debug_swo.o
LOAD ./simplicity_sdk_2024.6.0/platform/driver/leddrv/src/sl_led.o
LOAD ./simplicity_sdk_2024.6.0/platform/driver/leddrv/src/sl_simple_led.o
LOAD ./simplicity_sdk_2024.6.0/platform/emlib/src/em_burtc.o
LOAD ./simplicity_sdk_2024.6.0/platform/emlib/src/em_cmu.o
LOAD ./simplicity_sdk_2024.6.0/platform/emlib/src/em_core.o
LOAD ./simplicity_sdk_2024.6.0/platform/emlib/src/em_emu.o
LOAD ./simplicity_sdk_2024.6.0/platform/emlib/src/em_gpio.o
LOAD ./simplicity_sdk_2024.6.0/platform/emlib/src/em_msc.o
LOAD ./simplicity_sdk_2024.6.0/platform/emlib/src/em_prs.o
LOAD ./simplicity_sdk_2024.6.0/platform/emlib/src/em_system.o
LOAD ./simplicity_sdk_2024.6.0/platform/emlib/src/em_timer.o
LOAD ./simplicity_sdk_2024.6.0/platform/emlib/src/em_usart.o
LOAD ./simplicity_sdk_2024.6.0/platform/peripheral/src/sl_hal_sysrtc.o
LOAD ./simplicity_sdk_2024.6.0/platform/service/clock_manager/src/sl_clock_manager.o
LOAD ./simplicity_sdk_2024.6.0/platform/service/clock_manager/src/sl_clock_manager_hal_s2.o
LOAD ./simplicity_sdk_2024.6.0/platform/service/clock_manager/src/sl_clock_manager_init.o
LOAD ./simplicity_sdk_2024.6.0/platform/service/clock_manager/src/sl_clock_manager_init_hal_s2.o
LOAD ./simplicity_sdk_2024.6.0/platform/service/device_init/src/sl_device_init_dcdc_s2.o
LOAD ./simplicity_sdk_2024.6.0/platform/service/device_init/src/sl_device_init_emu_s2.o
LOAD ./simplicity_sdk_2024.6.0/platform/service/device_manager/clocks/sl_device_clock_efr32xg24.o
LOAD ./simplicity_sdk_2024.6.0/platform/service/device_manager/devices/sl_device_peripheral_hal_efr32xg24.o
LOAD ./simplicity_sdk_2024.6.0/platform/service/device_manager/src/sl_device_clock.o
LOAD ./simplicity_sdk_2024.6.0/platform/service/device_manager/src/sl_device_peripheral.o
LOAD ./simplicity_sdk_2024.6.0/platform/service/interrupt_manager/src/sl_interrupt_manager_cortexm.o
LOAD ./simplicity_sdk_2024.6.0/platform/service/memory_manager/src/sl_memory_manager.o
LOAD ./simplicity_sdk_2024.6.0/platform/service/memory_manager/src/sl_memory_manager_dynamic_reservation.o
LOAD ./simplicity_sdk_2024.6.0/platform/service/memory_manager/src/sl_memory_manager_pool.o
LOAD ./simplicity_sdk_2024.6.0/platform/service/memory_manager/src/sl_memory_manager_region.o
LOAD ./simplicity_sdk_2024.6.0/platform/service/memory_manager/src/sl_memory_manager_retarget.o
LOAD ./simplicity_sdk_2024.6.0/platform/service/memory_manager/src/sli_memory_manager_common.o
LOAD ./simplicity_sdk_2024.6.0/platform/service/sleeptimer/src/sl_sleeptimer.o
LOAD ./simplicity_sdk_2024.6.0/platform/service/sleeptimer/src/sl_sleeptimer_hal_burtc.o
LOAD ./simplicity_sdk_2024.6.0/platform/service/sleeptimer/src/sl_sleeptimer_hal_sysrtc.o
LOAD ./simplicity_sdk_2024.6.0/platform/service/sleeptimer/src/sl_sleeptimer_hal_timer.o
LOAD ./simplicity_sdk_2024.6.0/platform/service/system/src/sl_system_init.o
LOAD ./simplicity_sdk_2024.6.0/platform/service/system/src/sl_system_kernel.o
LOAD ./simplicity_sdk_2024.6.0/platform/service/udelay/src/sl_udelay.o
LOAD ./simplicity_sdk_2024.6.0/platform/service/udelay/src/sl_udelay_armv6m_gcc.o
LOAD ./simplicity_sdk_2024.6.0/util/third_party/freertos/cmsis/Source/cmsis_os2.o
LOAD ./simplicity_sdk_2024.6.0/util/third_party/freertos/kernel/croutine.o
LOAD ./simplicity_sdk_2024.6.0/util/third_party/freertos/kernel/event_groups.o
LOAD ./simplicity_sdk_2024.6.0/util/third_party/freertos/kernel/list.o
LOAD ./simplicity_sdk_2024.6.0/util/third_party/freertos/kernel/queue.o
LOAD ./simplicity_sdk_2024.6.0/util/third_party/freertos/kernel/stream_buffer.o
LOAD ./simplicity_sdk_2024.6.0/util/third_party/freertos/kernel/tasks.o
LOAD ./simplicity_sdk_2024.6.0/util/third_party/freertos/kernel/timers.o
LOAD ./simplicity_sdk_2024.6.0/util/third_party/freertos/kernel/portable/GCC/ARM_CM33_NTZ/non_secure/port.o
LOAD ./simplicity_sdk_2024.6.0/util/third_party/freertos/kernel/portable/GCC/ARM_CM33_NTZ/non_secure/portasm.o
LOAD ./simplicity_sdk_2024.6.0/util/third_party/freertos/kernel/portable/MemMang/heap_3.o
LOAD ./simplicity_sdk_2024.6.0/util/third_party/lwip/lwip/src/api/api_lib.o
LOAD ./simplicity_sdk_2024.6.0/util/third_party/lwip/lwip/src/api/api_msg.o
LOAD ./simplicity_sdk_2024.6.0/util/third_party/lwip/lwip/src/api/err.o
LOAD ./simplicity_sdk_2024.6.0/util/third_party/lwip/lwip/src/api/if_api.o
LOAD ./simplicity_sdk_2024.6.0/util/third_party/lwip/lwip/src/api/netbuf.o
LOAD ./simplicity_sdk_2024.6.0/util/third_party/lwip/lwip/src/api/netdb.o
LOAD ./simplicity_sdk_2024.6.0/util/third_party/lwip/lwip/src/api/netifapi.o
LOAD ./simplicity_sdk_2024.6.0/util/third_party/lwip/lwip/src/api/sockets.o
LOAD ./simplicity_sdk_2024.6.0/util/third_party/lwip/lwip/src/api/tcpip.o
LOAD ./simplicity_sdk_2024.6.0/util/third_party/lwip/lwip/src/core/altcp.o
LOAD ./simplicity_sdk_2024.6.0/util/third_party/lwip/lwip/src/core/altcp_alloc.o
LOAD ./simplicity_sdk_2024.6.0/util/third_party/lwip/lwip/src/core/altcp_tcp.o
LOAD ./simplicity_sdk_2024.6.0/util/third_party/lwip/lwip/src/core/def.o
LOAD ./simplicity_sdk_2024.6.0/util/third_party/lwip/lwip/src/core/dns.o
LOAD ./simplicity_sdk_2024.6.0/util/third_party/lwip/lwip/src/core/inet_chksum.o
LOAD ./simplicity_sdk_2024.6.0/util/third_party/lwip/lwip/src/core/init.o
LOAD ./simplicity_sdk_2024.6.0/util/third_party/lwip/lwip/src/core/ip.o
LOAD ./simplicity_sdk_2024.6.0/util/third_party/lwip/lwip/src/core/mem.o
LOAD ./simplicity_sdk_2024.6.0/util/third_party/lwip/lwip/src/core/memp.o
LOAD ./simplicity_sdk_2024.6.0/util/third_party/lwip/lwip/src/core/netif.o
LOAD ./simplicity_sdk_2024.6.0/util/third_party/lwip/lwip/src/core/pbuf.o
LOAD ./simplicity_sdk_2024.6.0/util/third_party/lwip/lwip/src/core/raw.o
LOAD ./simplicity_sdk_2024.6.0/util/third_party/lwip/lwip/src/core/stats.o
LOAD ./simplicity_sdk_2024.6.0/util/third_party/lwip/lwip/src/core/sys.o
LOAD ./simplicity_sdk_2024.6.0/util/third_party/lwip/lwip/src/core/tcp.o
LOAD ./simplicity_sdk_2024.6.0/util/third_party/lwip/lwip/src/core/tcp_in.o
LOAD ./simplicity_sdk_2024.6.0/util/third_party/lwip/lwip/src/core/tcp_out.o
LOAD ./simplicity_sdk_2024.6.0/util/third_party/lwip/lwip/src/core/timeouts.o
LOAD ./simplicity_sdk_2024.6.0/util/third_party/lwip/lwip/src/core/udp.o
LOAD ./simplicity_sdk_2024.6.0/util/third_party/lwip/lwip/src/core/ipv4/autoip.o
LOAD ./simplicity_sdk_2024.6.0/util/third_party/lwip/lwip/src/core/ipv4/dhcp.o
LOAD ./simplicity_sdk_2024.6.0/util/third_party/lwip/lwip/src/core/ipv4/etharp.o
LOAD ./simplicity_sdk_2024.6.0/util/third_party/lwip/lwip/src/core/ipv4/icmp.o
LOAD ./simplicity_sdk_2024.6.0/util/third_party/lwip/lwip/src/core/ipv4/igmp.o
LOAD ./simplicity_sdk_2024.6.0/util/third_party/lwip/lwip/src/core/ipv4/ip4.o
LOAD ./simplicity_sdk_2024.6.0/util/third_party/lwip/lwip/src/core/ipv4/ip4_addr.o
LOAD ./simplicity_sdk_2024.6.0/util/third_party/lwip/lwip/src/core/ipv4/ip4_frag.o
LOAD ./simplicity_sdk_2024.6.0/util/third_party/lwip/lwip/src/netif/ppp/auth.o
LOAD ./simplicity_sdk_2024.6.0/util/third_party/lwip/lwip/src/netif/ppp/ccp.o
LOAD ./simplicity_sdk_2024.6.0/util/third_party/lwip/lwip/src/netif/ppp/chap-md5.o
LOAD ./simplicity_sdk_2024.6.0/util/third_party/lwip/lwip/src/netif/ppp/chap-new.o
LOAD ./simplicity_sdk_2024.6.0/util/third_party/lwip/lwip/src/netif/ppp/chap_ms.o
LOAD ./simplicity_sdk_2024.6.0/util/third_party/lwip/lwip/src/netif/ppp/demand.o
LOAD ./simplicity_sdk_2024.6.0/util/third_party/lwip/lwip/src/netif/ppp/eap.o
LOAD ./simplicity_sdk_2024.6.0/util/third_party/lwip/lwip/src/netif/ppp/ecp.o
LOAD ./simplicity_sdk_2024.6.0/util/third_party/lwip/lwip/src/netif/ppp/eui64.o
LOAD ./simplicity_sdk_2024.6.0/util/third_party/lwip/lwip/src/netif/ppp/fsm.o
LOAD ./simplicity_sdk_2024.6.0/util/third_party/lwip/lwip/src/netif/ppp/ipcp.o
LOAD ./simplicity_sdk_2024.6.0/util/third_party/lwip/lwip/src/netif/ppp/ipv6cp.o
LOAD ./simplicity_sdk_2024.6.0/util/third_party/lwip/lwip/src/netif/ppp/lcp.o
LOAD ./simplicity_sdk_2024.6.0/util/third_party/lwip/lwip/src/netif/ppp/magic.o
LOAD ./simplicity_sdk_2024.6.0/util/third_party/lwip/lwip/src/netif/ppp/mppe.o
LOAD ./simplicity_sdk_2024.6.0/util/third_party/lwip/lwip/src/netif/ppp/multilink.o
LOAD ./simplicity_sdk_2024.6.0/util/third_party/lwip/lwip/src/netif/ppp/ppp.o
LOAD ./simplicity_sdk_2024.6.0/util/third_party/lwip/lwip/src/netif/ppp/pppapi.o
LOAD ./simplicity_sdk_2024.6.0/util/third_party/lwip/lwip/src/netif/ppp/pppcrypt.o
LOAD ./simplicity_sdk_2024.6.0/util/third_party/lwip/lwip/src/netif/ppp/pppoe.o
LOAD ./simplicity_sdk_2024.6.0/util/third_party/lwip/lwip/src/netif/ppp/pppol2tp.o
LOAD ./simplicity_sdk_2024.6.0/util/third_party/lwip/lwip/src/netif/ppp/pppos.o
LOAD ./simplicity_sdk_2024.6.0/util/third_party/lwip/lwip/src/netif/ppp/upap.o
LOAD ./simplicity_sdk_2024.6.0/util/third_party/lwip/lwip/src/netif/ppp/utils.o
LOAD ./simplicity_sdk_2024.6.0/util/third_party/lwip/lwip/src/netif/ppp/vj.o
LOAD ./simplicity_sdk_2024.6.0/util/third_party/lwip/lwip/src/netif/ppp/polarssl/arc4.o
LOAD ./simplicity_sdk_2024.6.0/util/third_party/lwip/lwip/src/netif/ppp/polarssl/des.o
LOAD ./simplicity_sdk_2024.6.0/util/third_party/lwip/lwip/src/netif/ppp/polarssl/md4.o
LOAD ./simplicity_sdk_2024.6.0/util/third_party/lwip/lwip/src/netif/ppp/polarssl/md5.o
LOAD ./simplicity_sdk_2024.6.0/util/third_party/lwip/lwip/src/netif/ppp/polarssl/sha1.o
LOAD ./simplicity_sdk_2024.6.0/util/third_party/lwip/lwip-contrib/ports/freertos/sys_arch.o
LOAD ./utilities/demo/freertos_tasks_debug.o
LOAD ./utilities/demo/src/dm_eth.o
LOAD ./utilities/demo/src/netconf.o
LOAD ./utilities/demo/src/netconf1.o
LOAD ./utilities/dm9051_cboard.o
LOAD ./utilities/dm9051_cboard_conf.o
LOAD ./utilities/dm9051_cint.o
LOAD ./utilities/dm9051_crst_cgpio.o
LOAD ./utilities/dm9051_cspi.o
LOAD ./utilities/dm9051_driver/dm9051_lw/dm9051_lw.o
LOAD ./utilities/dm9051_driver/dm9051_lw/dm9051_lw_conf.o
LOAD ./utilities/dm9051_driver/dm9051_lw/dm9051_lw_control_cblock.o
LOAD ./utilities/dm9051_driver/dm9051_lw/dm9051_lw_function_code.o
LOAD ./utilities/dm9051_driver/dm9051_lw/dm9051_rtos.o
LOAD ./utilities/lwip_web2403v2_freelw/fs_jjdynamic.o
LOAD ./utilities/lwip_web2403v2_freelw/httpd.o
LOAD c:/siliconlabs/simplicitystudio/v5/developer/toolchains/gnu_arm/12.2.rel1_2023.7/bin/../lib/gcc/arm-none-eabi/12.2.1/thumb/v8-m.main+fp/hard\libgcc.a
LOAD c:/siliconlabs/simplicitystudio/v5/developer/toolchains/gnu_arm/12.2.rel1_2023.7/bin/../lib/gcc/arm-none-eabi/12.2.1/thumb/v8-m.main+fp/hard\libc_nano.a
LOAD c:/siliconlabs/simplicitystudio/v5/developer/toolchains/gnu_arm/12.2.rel1_2023.7/bin/../lib/gcc/arm-none-eabi/12.2.1/thumb/v8-m.main+fp/hard\libm.a
LOAD c:/siliconlabs/simplicitystudio/v5/developer/toolchains/gnu_arm/12.2.rel1_2023.7/bin/../lib/gcc/arm-none-eabi/12.2.1/thumb/v8-m.main+fp/hard\libnosys.a
END GROUP
START GROUP
LOAD c:/siliconlabs/simplicitystudio/v5/developer/toolchains/gnu_arm/12.2.rel1_2023.7/bin/../lib/gcc/arm-none-eabi/12.2.1/thumb/v8-m.main+fp/hard\libgcc.a
LOAD c:/siliconlabs/simplicitystudio/v5/developer/toolchains/gnu_arm/12.2.rel1_2023.7/bin/../lib/gcc/arm-none-eabi/12.2.1/thumb/v8-m.main+fp/hard\libc_nano.a
LOAD c:/siliconlabs/simplicitystudio/v5/developer/toolchains/gnu_arm/12.2.rel1_2023.7/bin/../lib/gcc/arm-none-eabi/12.2.1/thumb/v8-m.main+fp/hard\libnosys.a
END GROUP
START GROUP
LOAD c:/siliconlabs/simplicitystudio/v5/developer/toolchains/gnu_arm/12.2.rel1_2023.7/bin/../lib/gcc/arm-none-eabi/12.2.1/thumb/v8-m.main+fp/hard\libgcc.a
LOAD c:/siliconlabs/simplicitystudio/v5/developer/toolchains/gnu_arm/12.2.rel1_2023.7/bin/../lib/gcc/arm-none-eabi/12.2.1/thumb/v8-m.main+fp/hard\libg_nano.a
LOAD c:/siliconlabs/simplicitystudio/v5/developer/toolchains/gnu_arm/12.2.rel1_2023.7/bin/../lib/gcc/arm-none-eabi/12.2.1/thumb/v8-m.main+fp/hard\libc_nano.a
END GROUP
START GROUP
LOAD c:/siliconlabs/simplicitystudio/v5/developer/toolchains/gnu_arm/12.2.rel1_2023.7/bin/../lib/gcc/arm-none-eabi/12.2.1/thumb/v8-m.main+fp/hard\libgcc.a
LOAD c:/siliconlabs/simplicitystudio/v5/developer/toolchains/gnu_arm/12.2.rel1_2023.7/bin/../lib/gcc/arm-none-eabi/12.2.1/thumb/v8-m.main+fp/hard\libc_nano.a
END GROUP
LOAD c:/siliconlabs/simplicitystudio/v5/developer/toolchains/gnu_arm/12.2.rel1_2023.7/bin/../lib/gcc/arm-none-eabi/12.2.1/thumb/v8-m.main+fp/hard/crtend.o
LOAD c:/siliconlabs/simplicitystudio/v5/developer/toolchains/gnu_arm/12.2.rel1_2023.7/bin/../lib/gcc/arm-none-eabi/12.2.1/thumb/v8-m.main+fp/hard/crtn.o

.vectors        0x08000000      0x170
                0x08000000                linker_vectors_begin = .
 *(.vectors)
 .vectors       0x08000000      0x170 ./simplicity_sdk_2024.6.0/platform/Device/SiliconLabs/MGM24/Source/startup_mgm24.o
                0x08000000                __Vectors
                0x08000170                linker_vectors_end = .
                0x08000170                __Vectors_End = .
                0x08000170                __Vectors_Size = (__Vectors_End - __Vectors)
                0x08000170                __lma_ramfuncs_start__ = .

.stack          0x20000000     0x1000
                0x20000000                . = ALIGN (0x8)
                0x20000000                __StackLimit = .
 *(.stack*)
 .stack         0x20000000     0x1000 ./simplicity_sdk_2024.6.0/platform/service/memory_manager/src/sl_memory_manager_region.o
                0x20001000                . = ALIGN (0x4)
                0x20001000                __StackTop = .
                0x20001000                PROVIDE (__stack = __StackTop)

.noinit
 *(.noinit*)

.bss            0x20001000     0xd6c0
                0x20001000                . = ALIGN (0x4)
                0x20001000                __bss_start__ = .
 *(SORT_BY_ALIGNMENT(.bss*))
 .bss.object.0  0x20001000       0x18 c:/siliconlabs/simplicitystudio/v5/developer/toolchains/gnu_arm/12.2.rel1_2023.7/bin/../lib/gcc/arm-none-eabi/12.2.1/thumb/v8-m.main+fp/hard/crtbegin.o
 .bss.xTaskBuffer.0
                0x20001018       0x58 ./blink.o
 .bss.xStack.1  0x20001070      0x280 ./blink.o
 .bss.link_change_flg
                0x200012f0        0x4 ./middlewares/freertos_tcpip_stack/port/ethernetif.o
                0x200012f0                link_change_flg
 .bss.link_startup_update_flg
                0x200012f4        0x4 ./middlewares/freertos_tcpip_stack/port/ethernetif.o
                0x200012f4                link_startup_update_flg
 .bss.n_verify_id
                0x200012f8        0x4 ./middlewares/freertos_tcpip_stack/port/ethernetif.o
                0x200012f8                n_verify_id
 .bss.lwip_set_MACaddr
                0x200012fc        0x4 ./middlewares/freertos_tcpip_stack/port/ethernetif.o
                0x200012fc                lwip_set_MACaddr
 .bss.heap_high_watermark
                0x20001300        0x4 ./simplicity_sdk_2024.6.0/platform/service/memory_manager/src/sl_memory_manager.o
 .bss.heap_size
                0x20001304        0x4 ./simplicity_sdk_2024.6.0/platform/service/memory_manager/src/sl_memory_manager.o
 .bss.sli_free_blocks_number
                0x20001308        0x4 ./simplicity_sdk_2024.6.0/platform/service/memory_manager/src/sli_memory_manager_common.o
                0x20001308                sli_free_blocks_number
 .bss.sli_free_st_list_head
                0x2000130c        0x4 ./simplicity_sdk_2024.6.0/platform/service/memory_manager/src/sli_memory_manager_common.o
                0x2000130c                sli_free_st_list_head
 .bss.sli_free_lt_list_head
                0x20001310        0x4 ./simplicity_sdk_2024.6.0/platform/service/memory_manager/src/sli_memory_manager_common.o
                0x20001310                sli_free_lt_list_head
 .bss.max_millisecond_conversion
                0x20001314        0x4 ./simplicity_sdk_2024.6.0/platform/service/sleeptimer/src/sl_sleeptimer.o
 .bss.last_delta_update_count
                0x20001318        0x4 ./simplicity_sdk_2024.6.0/platform/service/sleeptimer/src/sl_sleeptimer.o
 .bss.timer_head
                0x2000131c        0x4 ./simplicity_sdk_2024.6.0/platform/service/sleeptimer/src/sl_sleeptimer.o
 .bss.timer_frequency
                0x20001320        0x4 ./simplicity_sdk_2024.6.0/platform/service/sleeptimer/src/sl_sleeptimer.o
 .bss.Timer_Stack.0
                0x20001324      0x280 ./simplicity_sdk_2024.6.0/util/third_party/freertos/cmsis/Source/cmsis_os2.o
 .bss.Timer_TCB.1
                0x200015a4       0x58 ./simplicity_sdk_2024.6.0/util/third_party/freertos/cmsis/Source/cmsis_os2.o
 .bss.Idle_Stack.2
                0x200015fc      0x280 ./simplicity_sdk_2024.6.0/util/third_party/freertos/cmsis/Source/cmsis_os2.o
 .bss.Idle_TCB.3
                0x2000187c       0x58 ./simplicity_sdk_2024.6.0/util/third_party/freertos/cmsis/Source/cmsis_os2.o
 .bss.KernelState
                0x200018d4        0x4 ./simplicity_sdk_2024.6.0/util/third_party/freertos/cmsis/Source/cmsis_os2.o
 .bss.xQueueRegistry
                0x200018d8       0x50 ./simplicity_sdk_2024.6.0/util/third_party/freertos/kernel/queue.o
                0x200018d8                xQueueRegistry
 .bss.uxSchedulerSuspended
                0x20001928        0x4 ./simplicity_sdk_2024.6.0/util/third_party/freertos/kernel/tasks.o
 .bss.xNextTaskUnblockTime
                0x2000192c        0x4 ./simplicity_sdk_2024.6.0/util/third_party/freertos/kernel/tasks.o
 .bss.uxTaskNumber
                0x20001930        0x4 ./simplicity_sdk_2024.6.0/util/third_party/freertos/kernel/tasks.o
 .bss.xNumOfOverflows
                0x20001934        0x4 ./simplicity_sdk_2024.6.0/util/third_party/freertos/kernel/tasks.o
 .bss.xYieldPending
                0x20001938        0x4 ./simplicity_sdk_2024.6.0/util/third_party/freertos/kernel/tasks.o
 .bss.xPendedTicks
                0x2000193c        0x4 ./simplicity_sdk_2024.6.0/util/third_party/freertos/kernel/tasks.o
 .bss.xSchedulerRunning
                0x20001940        0x4 ./simplicity_sdk_2024.6.0/util/third_party/freertos/kernel/tasks.o
 .bss.uxTopReadyPriority
                0x20001944        0x4 ./simplicity_sdk_2024.6.0/util/third_party/freertos/kernel/tasks.o
 .bss.xTickCount
                0x20001948        0x4 ./simplicity_sdk_2024.6.0/util/third_party/freertos/kernel/tasks.o
 .bss.uxCurrentNumberOfTasks
                0x2000194c        0x4 ./simplicity_sdk_2024.6.0/util/third_party/freertos/kernel/tasks.o
 .bss.xSuspendedTaskList
                0x20001950       0x14 ./simplicity_sdk_2024.6.0/util/third_party/freertos/kernel/tasks.o
 .bss.uxDeletedTasksWaitingCleanUp
                0x20001964        0x4 ./simplicity_sdk_2024.6.0/util/third_party/freertos/kernel/tasks.o
 .bss.xTasksWaitingTermination
                0x20001968       0x14 ./simplicity_sdk_2024.6.0/util/third_party/freertos/kernel/tasks.o
 .bss.xPendingReadyList
                0x2000197c       0x14 ./simplicity_sdk_2024.6.0/util/third_party/freertos/kernel/tasks.o
 .bss.pxOverflowDelayedTaskList
                0x20001990        0x4 ./simplicity_sdk_2024.6.0/util/third_party/freertos/kernel/tasks.o
 .bss.pxDelayedTaskList
                0x20001994        0x4 ./simplicity_sdk_2024.6.0/util/third_party/freertos/kernel/tasks.o
 .bss.xDelayedTaskList2
                0x20001998       0x14 ./simplicity_sdk_2024.6.0/util/third_party/freertos/kernel/tasks.o
 .bss.xDelayedTaskList1
                0x200019ac       0x14 ./simplicity_sdk_2024.6.0/util/third_party/freertos/kernel/tasks.o
 .bss.pxReadyTasksLists
                0x200019c0      0x460 ./simplicity_sdk_2024.6.0/util/third_party/freertos/kernel/tasks.o
 .bss.pxCurrentTCB
                0x20001e20        0x4 ./simplicity_sdk_2024.6.0/util/third_party/freertos/kernel/tasks.o
                0x20001e20                pxCurrentTCB
 .bss.xStaticTimerQueue.0
                0x20001e24       0x50 ./simplicity_sdk_2024.6.0/util/third_party/freertos/kernel/timers.o
 .bss.xLastTime.2
                0x20001e74        0x4 ./simplicity_sdk_2024.6.0/util/third_party/freertos/kernel/timers.o
 .bss.xTimerTaskHandle
                0x20001e78        0x4 ./simplicity_sdk_2024.6.0/util/third_party/freertos/kernel/timers.o
 .bss.xTimerQueue
                0x20001e7c        0x4 ./simplicity_sdk_2024.6.0/util/third_party/freertos/kernel/timers.o
 .bss.pxOverflowTimerList
                0x20001e80        0x4 ./simplicity_sdk_2024.6.0/util/third_party/freertos/kernel/timers.o
 .bss.pxCurrentTimerList
                0x20001e84        0x4 ./simplicity_sdk_2024.6.0/util/third_party/freertos/kernel/timers.o
 .bss.xActiveTimerList2
                0x20001e88       0x14 ./simplicity_sdk_2024.6.0/util/third_party/freertos/kernel/timers.o
 .bss.xActiveTimerList1
                0x20001e9c       0x14 ./simplicity_sdk_2024.6.0/util/third_party/freertos/kernel/timers.o
 .bss.tcpip_mbox
                0x20001eb0        0x4 ./simplicity_sdk_2024.6.0/util/third_party/lwip/lwip/src/api/tcpip.o
 .bss.tcpip_init_done_arg
                0x20001eb4        0x4 ./simplicity_sdk_2024.6.0/util/third_party/lwip/lwip/src/api/tcpip.o
 .bss.tcpip_init_done
                0x20001eb8        0x4 ./simplicity_sdk_2024.6.0/util/third_party/lwip/lwip/src/api/tcpip.o
 .bss.ip_data   0x20001ebc       0x18 ./simplicity_sdk_2024.6.0/util/third_party/lwip/lwip/src/core/ip.o
                0x20001ebc                ip_data
 .bss.lfree     0x20001ed4        0x4 ./simplicity_sdk_2024.6.0/util/third_party/lwip/lwip/src/core/mem.o
 .bss.mem_mutex
                0x20001ed8        0x4 ./simplicity_sdk_2024.6.0/util/third_party/lwip/lwip/src/core/mem.o
 .bss.ram_end   0x20001edc        0x4 ./simplicity_sdk_2024.6.0/util/third_party/lwip/lwip/src/core/mem.o
 .bss.ram       0x20001ee0        0x4 ./simplicity_sdk_2024.6.0/util/third_party/lwip/lwip/src/core/mem.o
 .bss.memp_tab_PBUF_POOL
                0x20001ee4        0x4 ./simplicity_sdk_2024.6.0/util/third_party/lwip/lwip/src/core/memp.o
 .bss.memp_tab_PBUF
                0x20001ee8        0x4 ./simplicity_sdk_2024.6.0/util/third_party/lwip/lwip/src/core/memp.o
 .bss.memp_tab_SYS_TIMEOUT
                0x20001eec        0x4 ./simplicity_sdk_2024.6.0/util/third_party/lwip/lwip/src/core/memp.o
 .bss.memp_tab_IGMP_GROUP
                0x20001ef0        0x4 ./simplicity_sdk_2024.6.0/util/third_party/lwip/lwip/src/core/memp.o
 .bss.memp_tab_TCPIP_MSG_INPKT
                0x20001ef4        0x4 ./simplicity_sdk_2024.6.0/util/third_party/lwip/lwip/src/core/memp.o
 .bss.memp_tab_TCPIP_MSG_API
                0x20001ef8        0x4 ./simplicity_sdk_2024.6.0/util/third_party/lwip/lwip/src/core/memp.o
 .bss.memp_tab_NETCONN
                0x20001efc        0x4 ./simplicity_sdk_2024.6.0/util/third_party/lwip/lwip/src/core/memp.o
 .bss.memp_tab_NETBUF
                0x20001f00        0x4 ./simplicity_sdk_2024.6.0/util/third_party/lwip/lwip/src/core/memp.o
 .bss.memp_tab_FRAG_PBUF
                0x20001f04        0x4 ./simplicity_sdk_2024.6.0/util/third_party/lwip/lwip/src/core/memp.o
 .bss.memp_tab_REASSDATA
                0x20001f08        0x4 ./simplicity_sdk_2024.6.0/util/third_party/lwip/lwip/src/core/memp.o
 .bss.memp_tab_TCP_SEG
                0x20001f0c        0x4 ./simplicity_sdk_2024.6.0/util/third_party/lwip/lwip/src/core/memp.o
 .bss.memp_tab_TCP_PCB_LISTEN
                0x20001f10        0x4 ./simplicity_sdk_2024.6.0/util/third_party/lwip/lwip/src/core/memp.o
 .bss.memp_tab_TCP_PCB
                0x20001f14        0x4 ./simplicity_sdk_2024.6.0/util/third_party/lwip/lwip/src/core/memp.o
 .bss.memp_tab_UDP_PCB
                0x20001f18        0x4 ./simplicity_sdk_2024.6.0/util/third_party/lwip/lwip/src/core/memp.o
 .bss.loop_netif
                0x20001f1c       0x7c ./simplicity_sdk_2024.6.0/util/third_party/lwip/lwip/src/core/netif.o
 .bss.netif_default
                0x20001f98        0x4 ./simplicity_sdk_2024.6.0/util/third_party/lwip/lwip/src/core/netif.o
                0x20001f98                netif_default
 .bss.netif_list
                0x20001f9c        0x4 ./simplicity_sdk_2024.6.0/util/third_party/lwip/lwip/src/core/netif.o
                0x20001f9c                netif_list
 .bss.lwip_stats
                0x20001fa0      0x1dc ./simplicity_sdk_2024.6.0/util/third_party/lwip/lwip/src/core/stats.o
                0x20001fa0                lwip_stats
 .bss.tcp_tw_pcbs
                0x2000217c        0x4 ./simplicity_sdk_2024.6.0/util/third_party/lwip/lwip/src/core/tcp.o
                0x2000217c                tcp_tw_pcbs
 .bss.tcp_active_pcbs
                0x20002180        0x4 ./simplicity_sdk_2024.6.0/util/third_party/lwip/lwip/src/core/tcp.o
                0x20002180                tcp_active_pcbs
 .bss.tcp_listen_pcbs
                0x20002184        0x4 ./simplicity_sdk_2024.6.0/util/third_party/lwip/lwip/src/core/tcp.o
                0x20002184                tcp_listen_pcbs
 .bss.tcp_bound_pcbs
                0x20002188        0x4 ./simplicity_sdk_2024.6.0/util/third_party/lwip/lwip/src/core/tcp.o
                0x20002188                tcp_bound_pcbs
 .bss.tcp_ticks
                0x2000218c        0x4 ./simplicity_sdk_2024.6.0/util/third_party/lwip/lwip/src/core/tcp.o
                0x2000218c                tcp_ticks
 .bss.tcp_input_pcb
                0x20002190        0x4 ./simplicity_sdk_2024.6.0/util/third_party/lwip/lwip/src/core/tcp_in.o
                0x20002190                tcp_input_pcb
 .bss.recv_data
                0x20002194        0x4 ./simplicity_sdk_2024.6.0/util/third_party/lwip/lwip/src/core/tcp_in.o
 .bss.ackno     0x20002198        0x4 ./simplicity_sdk_2024.6.0/util/third_party/lwip/lwip/src/core/tcp_in.o
 .bss.seqno     0x2000219c        0x4 ./simplicity_sdk_2024.6.0/util/third_party/lwip/lwip/src/core/tcp_in.o
 .bss.tcphdr_opt2
                0x200021a0        0x4 ./simplicity_sdk_2024.6.0/util/third_party/lwip/lwip/src/core/tcp_in.o
 .bss.tcphdr    0x200021a4        0x4 ./simplicity_sdk_2024.6.0/util/third_party/lwip/lwip/src/core/tcp_in.o
 .bss.inseg     0x200021a8       0x10 ./simplicity_sdk_2024.6.0/util/third_party/lwip/lwip/src/core/tcp_in.o
 .bss.tcpip_tcp_timer_active
                0x200021b8        0x4 ./simplicity_sdk_2024.6.0/util/third_party/lwip/lwip/src/core/timeouts.o
 .bss.current_timeout_due_time
                0x200021bc        0x4 ./simplicity_sdk_2024.6.0/util/third_party/lwip/lwip/src/core/timeouts.o
 .bss.next_timeout
                0x200021c0        0x4 ./simplicity_sdk_2024.6.0/util/third_party/lwip/lwip/src/core/timeouts.o
 .bss.udp_pcbs  0x200021c4        0x4 ./simplicity_sdk_2024.6.0/util/third_party/lwip/lwip/src/core/udp.o
                0x200021c4                udp_pcbs
 .bss.arp_table
                0x200021c8       0xf0 ./simplicity_sdk_2024.6.0/util/third_party/lwip/lwip/src/core/ipv4/etharp.o
 .bss.allrouters
                0x200022b8        0x4 ./simplicity_sdk_2024.6.0/util/third_party/lwip/lwip/src/core/ipv4/igmp.o
 .bss.allsystems
                0x200022bc        0x4 ./simplicity_sdk_2024.6.0/util/third_party/lwip/lwip/src/core/ipv4/igmp.o
 .bss.ip4_default_multicast_netif
                0x200022c0        0x4 ./simplicity_sdk_2024.6.0/util/third_party/lwip/lwip/src/core/ipv4/ip4.o
 .bss.reassdatagrams
                0x200022c4        0x4 ./simplicity_sdk_2024.6.0/util/third_party/lwip/lwip/src/core/ipv4/ip4_frag.o
 .bss.mutex_print
                0x200022c8        0x4 ./utilities/demo/freertos_tasks_debug.o
                0x200022c8                mutex_print
 .bss.tcpip_thread_init
                0x200022cc        0x4 ./utilities/demo/freertos_tasks_debug.o
                0x200022cc                tcpip_thread_init
 .bss.network_rx_handler
                0x200022d0        0x4 ./utilities/demo/src/dm_eth.o
                0x200022d0                network_rx_handler
 .bss.xSemaphore_RX
                0x200022d4        0x4 ./utilities/demo/src/dm_eth.o
                0x200022d4                xSemaphore_RX
 .bss.flgSemaphore_r
                0x200022d8        0x4 ./utilities/demo/src/dm_eth.o
                0x200022d8                flgSemaphore_r
 .bss.link_log_reset_allow_num
                0x200022dc        0x4 ./utilities/demo/src/dm_eth.o
                0x200022dc                link_log_reset_allow_num
 .bss.netif     0x200022e0       0x7c ./utilities/demo/src/netconf1.o
                0x200022e0                netif
 .bss.lock_dm9051_core
                0x2000235c        0x4 ./utilities/dm9051_driver/dm9051_lw/dm9051_lw.o
                0x2000235c                lock_dm9051_core
 .bss.__sf      0x20002360      0x138 c:/siliconlabs/simplicitystudio/v5/developer/toolchains/gnu_arm/12.2.rel1_2023.7/bin/../lib/gcc/arm-none-eabi/12.2.1/thumb/v8-m.main+fp/hard\libc_nano.a(libc_a-findfp.o)
                0x20002360                __sf
 .bss.__stdio_exit_handler
                0x20002498        0x4 c:/siliconlabs/simplicitystudio/v5/developer/toolchains/gnu_arm/12.2.rel1_2023.7/bin/../lib/gcc/arm-none-eabi/12.2.1/thumb/v8-m.main+fp/hard\libc_nano.a(libc_a-findfp.o)
                0x20002498                __stdio_exit_handler
 .bss.errno     0x2000249c        0x4 c:/siliconlabs/simplicitystudio/v5/developer/toolchains/gnu_arm/12.2.rel1_2023.7/bin/../lib/gcc/arm-none-eabi/12.2.1/thumb/v8-m.main+fp/hard\libc_nano.a(libc_a-reent.o)
                0x2000249c                errno
 .bss.overflow_counter
                0x200024a0        0x2 ./simplicity_sdk_2024.6.0/platform/service/sleeptimer/src/sl_sleeptimer.o
 .bss.memp_stats_PBUF_POOL
                0x200024a2        0xa ./simplicity_sdk_2024.6.0/util/third_party/lwip/lwip/src/core/memp.o
 .bss.memp_stats_PBUF
                0x200024ac        0xa ./simplicity_sdk_2024.6.0/util/third_party/lwip/lwip/src/core/memp.o
 .bss.memp_stats_SYS_TIMEOUT
                0x200024b6        0xa ./simplicity_sdk_2024.6.0/util/third_party/lwip/lwip/src/core/memp.o
 .bss.memp_stats_IGMP_GROUP
                0x200024c0        0xa ./simplicity_sdk_2024.6.0/util/third_party/lwip/lwip/src/core/memp.o
 .bss.memp_stats_TCPIP_MSG_INPKT
                0x200024ca        0xa ./simplicity_sdk_2024.6.0/util/third_party/lwip/lwip/src/core/memp.o
 .bss.memp_stats_TCPIP_MSG_API
                0x200024d4        0xa ./simplicity_sdk_2024.6.0/util/third_party/lwip/lwip/src/core/memp.o
 .bss.memp_stats_NETCONN
                0x200024de        0xa ./simplicity_sdk_2024.6.0/util/third_party/lwip/lwip/src/core/memp.o
 .bss.memp_stats_NETBUF
                0x200024e8        0xa ./simplicity_sdk_2024.6.0/util/third_party/lwip/lwip/src/core/memp.o
 .bss.memp_stats_FRAG_PBUF
                0x200024f2        0xa ./simplicity_sdk_2024.6.0/util/third_party/lwip/lwip/src/core/memp.o
 .bss.memp_stats_REASSDATA
                0x200024fc        0xa ./simplicity_sdk_2024.6.0/util/third_party/lwip/lwip/src/core/memp.o
 .bss.memp_stats_TCP_SEG
                0x20002506        0xa ./simplicity_sdk_2024.6.0/util/third_party/lwip/lwip/src/core/memp.o
 .bss.memp_stats_TCP_PCB_LISTEN
                0x20002510        0xa ./simplicity_sdk_2024.6.0/util/third_party/lwip/lwip/src/core/memp.o
 .bss.memp_stats_TCP_PCB
                0x2000251a        0xa ./simplicity_sdk_2024.6.0/util/third_party/lwip/lwip/src/core/memp.o
 .bss.memp_stats_UDP_PCB
                0x20002524        0xa ./simplicity_sdk_2024.6.0/util/third_party/lwip/lwip/src/core/memp.o
 .bss.tcplen    0x2000252e        0x2 ./simplicity_sdk_2024.6.0/util/third_party/lwip/lwip/src/core/tcp_in.o
 .bss.recv_acked
                0x20002530        0x2 ./simplicity_sdk_2024.6.0/util/third_party/lwip/lwip/src/core/tcp_in.o
 .bss.tcp_optidx
                0x20002532        0x2 ./simplicity_sdk_2024.6.0/util/third_party/lwip/lwip/src/core/tcp_in.o
 .bss.tcphdr_opt1len
                0x20002534        0x2 ./simplicity_sdk_2024.6.0/util/third_party/lwip/lwip/src/core/tcp_in.o
 .bss.tcphdr_optlen
                0x20002536        0x2 ./simplicity_sdk_2024.6.0/util/third_party/lwip/lwip/src/core/tcp_in.o
 .bss.ip_id     0x20002538        0x2 ./simplicity_sdk_2024.6.0/util/third_party/lwip/lwip/src/core/ipv4/ip4.o
 .bss.ip_reass_pbufcount
                0x2000253a        0x2 ./simplicity_sdk_2024.6.0/util/third_party/lwip/lwip/src/core/ipv4/ip4_frag.o
 .bss.completed.1
                0x2000253c        0x1 c:/siliconlabs/simplicitystudio/v5/developer/toolchains/gnu_arm/12.2.rel1_2023.7/bin/../lib/gcc/arm-none-eabi/12.2.1/thumb/v8-m.main+fp/hard/crtbegin.o
 .bss.EthBuff   0x2000253d      0x7d2 ./middlewares/freertos_tcpip_stack/port/ethernetif.o
                0x2000253d                EthBuff
 .bss.vScaleEM01Config
                0x20002d0f        0x1 ./simplicity_sdk_2024.6.0/platform/emlib/src/em_emu.o
 .bss.sleep_on_isr_exit
                0x20002d10        0x1 ./simplicity_sdk_2024.6.0/platform/service/sleeptimer/src/sl_sleeptimer.o
 .bss.next_timer_to_expire_is_power_manager
                0x20002d11        0x1 ./simplicity_sdk_2024.6.0/platform/service/sleeptimer/src/sl_sleeptimer.o
 .bss.is_sleeptimer_initialized
                0x20002d12        0x1 ./simplicity_sdk_2024.6.0/platform/service/sleeptimer/src/sl_sleeptimer.o
 .bss.ucStaticTimerQueueStorage.1
                0x20002d13       0xa0 ./simplicity_sdk_2024.6.0/util/third_party/freertos/kernel/timers.o
 .bss.ram_heap  0x20002db3     0x5013 ./simplicity_sdk_2024.6.0/util/third_party/lwip/lwip/src/core/mem.o
                0x20002db3                ram_heap
 .bss.memp_memory_PBUF_POOL_base
                0x20007dc6     0x4ec3 ./simplicity_sdk_2024.6.0/util/third_party/lwip/lwip/src/core/memp.o
                0x20007dc6                memp_memory_PBUF_POOL_base
 .bss.memp_memory_PBUF_base
                0x2000cc89      0x143 ./simplicity_sdk_2024.6.0/util/third_party/lwip/lwip/src/core/memp.o
                0x2000cc89                memp_memory_PBUF_base
 .bss.memp_memory_SYS_TIMEOUT_base
                0x2000cdcc       0xa3 ./simplicity_sdk_2024.6.0/util/third_party/lwip/lwip/src/core/memp.o
                0x2000cdcc                memp_memory_SYS_TIMEOUT_base
 .bss.memp_memory_IGMP_GROUP_base
                0x2000ce6f       0x83 ./simplicity_sdk_2024.6.0/util/third_party/lwip/lwip/src/core/memp.o
                0x2000ce6f                memp_memory_IGMP_GROUP_base
 .bss.memp_memory_TCPIP_MSG_INPKT_base
                0x2000cef2       0x83 ./simplicity_sdk_2024.6.0/util/third_party/lwip/lwip/src/core/memp.o
                0x2000cef2                memp_memory_TCPIP_MSG_INPKT_base
 .bss.memp_memory_TCPIP_MSG_API_base
                0x2000cf75       0x83 ./simplicity_sdk_2024.6.0/util/third_party/lwip/lwip/src/core/memp.o
                0x2000cf75                memp_memory_TCPIP_MSG_API_base
 .bss.memp_memory_NETCONN_base
                0x2000cff8       0xc3 ./simplicity_sdk_2024.6.0/util/third_party/lwip/lwip/src/core/memp.o
                0x2000cff8                memp_memory_NETCONN_base
 .bss.memp_memory_NETBUF_base
                0x2000d0bb       0x33 ./simplicity_sdk_2024.6.0/util/third_party/lwip/lwip/src/core/memp.o
                0x2000d0bb                memp_memory_NETBUF_base
 .bss.memp_memory_FRAG_PBUF_base
                0x2000d0ee      0x16b ./simplicity_sdk_2024.6.0/util/third_party/lwip/lwip/src/core/memp.o
                0x2000d0ee                memp_memory_FRAG_PBUF_base
 .bss.memp_memory_REASSDATA_base
                0x2000d259       0xa3 ./simplicity_sdk_2024.6.0/util/third_party/lwip/lwip/src/core/memp.o
                0x2000d259                memp_memory_REASSDATA_base
 .bss.memp_memory_TCP_SEG_base
                0x2000d2fc       0xc3 ./simplicity_sdk_2024.6.0/util/third_party/lwip/lwip/src/core/memp.o
                0x2000d2fc                memp_memory_TCP_SEG_base
 .bss.memp_memory_TCP_PCB_LISTEN_base
                0x2000d3bf       0xe3 ./simplicity_sdk_2024.6.0/util/third_party/lwip/lwip/src/core/memp.o
                0x2000d3bf                memp_memory_TCP_PCB_LISTEN_base
 .bss.memp_memory_TCP_PCB_base
                0x2000d4a2      0xc33 ./simplicity_sdk_2024.6.0/util/third_party/lwip/lwip/src/core/memp.o
                0x2000d4a2                memp_memory_TCP_PCB_base
 .bss.memp_memory_UDP_PCB_base
                0x2000e0d5       0xa3 ./simplicity_sdk_2024.6.0/util/third_party/lwip/lwip/src/core/memp.o
                0x2000e0d5                memp_memory_UDP_PCB_base
 .bss.netif_num
                0x2000e178        0x1 ./simplicity_sdk_2024.6.0/util/third_party/lwip/lwip/src/core/netif.o
 .bss.pbuf_free_ooseq_pending
                0x2000e179        0x1 ./simplicity_sdk_2024.6.0/util/third_party/lwip/lwip/src/core/pbuf.o
                0x2000e179                pbuf_free_ooseq_pending
 .bss.tcp_timer_ctr
                0x2000e17a        0x1 ./simplicity_sdk_2024.6.0/util/third_party/lwip/lwip/src/core/tcp.o
 .bss.tcp_timer
                0x2000e17b        0x1 ./simplicity_sdk_2024.6.0/util/third_party/lwip/lwip/src/core/tcp.o
 .bss.tcp_active_pcbs_changed
                0x2000e17c        0x1 ./simplicity_sdk_2024.6.0/util/third_party/lwip/lwip/src/core/tcp.o
                0x2000e17c                tcp_active_pcbs_changed
 .bss.recv_flags
                0x2000e17d        0x1 ./simplicity_sdk_2024.6.0/util/third_party/lwip/lwip/src/core/tcp_in.o
 .bss.flags     0x2000e17e        0x1 ./simplicity_sdk_2024.6.0/util/third_party/lwip/lwip/src/core/tcp_in.o
 .bss.etharp_cached_entry
                0x2000e17f        0x1 ./simplicity_sdk_2024.6.0/util/third_party/lwip/lwip/src/core/ipv4/etharp.o
 .bss.my_debounce
                0x2000e180        0x1 ./utilities/demo/src/netconf.o
                0x2000e180                my_debounce
 .bss.histc.0   0x2000e181       0xfe ./utilities/dm9051_driver/dm9051_lw/dm9051_lw_control_cblock.o
 .bss.http_uri_buf
                0x2000e27f       0x40 ./utilities/lwip_web2403v2_freelw/httpd.o
 .bss.httpd_req_buf
                0x2000e2bf      0x400 ./utilities/lwip_web2403v2_freelw/httpd.o
 .bss.__lock___sfp_recursive_mutex
                0x2000e6bf        0x1 c:/siliconlabs/simplicitystudio/v5/developer/toolchains/gnu_arm/12.2.rel1_2023.7/bin/../lib/gcc/arm-none-eabi/12.2.1/thumb/v8-m.main+fp/hard\libc_nano.a(libc_a-lock.o)
                0x2000e6bf                __lock___sfp_recursive_mutex
 *(COMMON)
                0x2000e6c0                . = ALIGN (0x4)
                0x2000e6c0                __bss_end__ = .

text_application_ram
                0x2000e6c0        0x0 load address 0x08000170
                0x2000e6c0                . = ALIGN (0x4)
                0x2000e6c0                __vma_ramfuncs_start__ = .
                0x2000e6c0                __text_application_ram_start__ = .
 *(text_application_ram)
                0x2000e6c0                . = ALIGN (0x4)
                0x2000e6c0                __vma_ramfuncs_end__ = .
                0x2000e6c0                __text_application_ram_end__ = .

.rodata         0x08000170        0x0
                0x08000170                __lma_ramfuncs_end__ = .
                0x08000170                __rodata_start__ = .
                0x08000170                __rodata_end__ = .

.text           0x08000170    0x189ac
                0x08000170                linker_code_begin = .
 *(SORT_BY_ALIGNMENT(.text*))
 .text          0x08000170        0x8 ./simplicity_sdk_2024.6.0/platform/service/udelay/src/sl_udelay_armv6m_gcc.o
                0x08000170                sli_delay_loop
 *fill*         0x08000178        0x8 
 .text.vRestoreContextOfFirstTask
                0x08000180       0x34 ./simplicity_sdk_2024.6.0/util/third_party/freertos/kernel/portable/GCC/ARM_CM33_NTZ/non_secure/portasm.o
                0x08000180                vRestoreContextOfFirstTask
 *fill*         0x080001b4        0xc 
 .text.vStartFirstTask
                0x080001c0       0x24 ./simplicity_sdk_2024.6.0/util/third_party/freertos/kernel/portable/GCC/ARM_CM33_NTZ/non_secure/portasm.o
                0x080001c0                vStartFirstTask
 *fill*         0x080001e4        0xc 
 .text.PendSV_Handler
                0x080001f0       0x64 ./simplicity_sdk_2024.6.0/util/third_party/freertos/kernel/portable/GCC/ARM_CM33_NTZ/non_secure/portasm.o
                0x080001f0                PendSV_Handler
 *fill*         0x08000254        0xc 
 .text.SVC_Handler
                0x08000260       0x24 ./simplicity_sdk_2024.6.0/util/third_party/freertos/kernel/portable/GCC/ARM_CM33_NTZ/non_secure/portasm.o
                0x08000260                SVC_Handler
 .text.deregister_tm_clones
                0x08000284       0x1c c:/siliconlabs/simplicitystudio/v5/developer/toolchains/gnu_arm/12.2.rel1_2023.7/bin/../lib/gcc/arm-none-eabi/12.2.1/thumb/v8-m.main+fp/hard/crtbegin.o
 .text.register_tm_clones
                0x080002a0       0x28 c:/siliconlabs/simplicitystudio/v5/developer/toolchains/gnu_arm/12.2.rel1_2023.7/bin/../lib/gcc/arm-none-eabi/12.2.1/thumb/v8-m.main+fp/hard/crtbegin.o
 .text.__do_global_dtors_aux
                0x080002c8       0x28 c:/siliconlabs/simplicitystudio/v5/developer/toolchains/gnu_arm/12.2.rel1_2023.7/bin/../lib/gcc/arm-none-eabi/12.2.1/thumb/v8-m.main+fp/hard/crtbegin.o
 .text.frame_dummy
                0x080002f0       0x24 c:/siliconlabs/simplicitystudio/v5/developer/toolchains/gnu_arm/12.2.rel1_2023.7/bin/../lib/gcc/arm-none-eabi/12.2.1/thumb/v8-m.main+fp/hard/crtbegin.o
 .text          0x08000314       0x7c c:/siliconlabs/simplicitystudio/v5/developer/toolchains/gnu_arm/12.2.rel1_2023.7/bin/../lib/gcc/arm-none-eabi/12.2.1/thumb/v8-m.main+fp/hard/crt0.o
                0x08000314                _stack_init
                0x0800031c                _start
                0x0800031c                _mainCRTStartup
 .text.network_task
                0x08000390       0x20 ./blink.o
 .text.blink_init
                0x080003b0       0x44 ./blink.o
                0x080003b0                blink_init
 .text.sl_platform_init
                0x080003f4       0x70 ./autogen/sl_event_handler.o
                0x080003f4                sl_platform_init
 .text.sl_simple_led_init_instances
                0x08000464        0xc ./autogen/sl_simple_led_instances.o
                0x08000464                sl_simple_led_init_instances
 .text.get_TransmitBuffer
                0x08000470        0x8 ./middlewares/freertos_tcpip_stack/port/ethernetif.o
                0x08000470                get_TransmitBuffer
 .text.lwip_set_mac_address
                0x08000478        0xc ./middlewares/freertos_tcpip_stack/port/ethernetif.o
                0x08000478                lwip_set_mac_address
 .text.dm9051_init_nondual
                0x08000484       0x18 ./middlewares/freertos_tcpip_stack/port/ethernetif.o
                0x08000484                dm9051_init_nondual
 .text.ethernetif_link
                0x0800049c       0xa4 ./middlewares/freertos_tcpip_stack/port/ethernetif.o
                0x0800049c                ethernetif_link
 .text.link_quick_check
                0x08000540       0x24 ./middlewares/freertos_tcpip_stack/port/ethernetif.o
                0x08000540                link_quick_check
 .text.ethernetif_input
                0x08000564       0x6c ./middlewares/freertos_tcpip_stack/port/ethernetif.o
                0x08000564                ethernetif_input
 .text.ethernetif_inp
                0x080005d0       0x94 ./middlewares/freertos_tcpip_stack/port/ethernetif.o
                0x080005d0                ethernetif_inp
 .text.ethernetif_init
                0x08000664      0x12c ./middlewares/freertos_tcpip_stack/port/ethernetif.o
                0x08000664                ethernetif_init
 .text.ethernet_input
                0x08000790       0xdc ./middlewares/freertos_tcpip_stack/src/netif/ethernet.o
                0x08000790                ethernet_input
 .text.ethernet_output
                0x0800086c       0x7c ./middlewares/freertos_tcpip_stack/src/netif/ethernet.o
                0x0800086c                ethernet_output
 .text.sl_board_init
                0x080008e8       0x18 ./simplicity_sdk_2024.6.0/hardware/board/src/sl_board_init.o
                0x080008e8                sl_board_init
 .text.sl_board_preinit
                0x08000900        0xc ./simplicity_sdk_2024.6.0/hardware/board/src/sl_board_init.o
                0x08000900                sl_board_preinit
 .text.cs_high  0x0800090c        0xc ./simplicity_sdk_2024.6.0/hardware/driver/mx25_flash_shutdown/src/sl_mx25_flash_shutdown_usart/sl_mx25_flash_shutdown.o
 .text.cs_low   0x08000918        0xc ./simplicity_sdk_2024.6.0/hardware/driver/mx25_flash_shutdown/src/sl_mx25_flash_shutdown_usart/sl_mx25_flash_shutdown.o
 .text.sl_mx25_flash_shutdown
                0x08000924      0x120 ./simplicity_sdk_2024.6.0/hardware/driver/mx25_flash_shutdown/src/sl_mx25_flash_shutdown_usart/sl_mx25_flash_shutdown.o
                0x08000924                sl_mx25_flash_shutdown
 .text.CopyRamFuncs
                0x08000a44       0x1c ./simplicity_sdk_2024.6.0/platform/Device/SiliconLabs/MGM24/Source/startup_mgm24.o
                0x08000a44                CopyRamFuncs
 .text.Reset_Handler
                0x08000a60       0x64 ./simplicity_sdk_2024.6.0/platform/Device/SiliconLabs/MGM24/Source/startup_mgm24.o
                0x08000a60                Reset_Handler
 .text.SystemInit
                0x08000ac4       0x64 ./simplicity_sdk_2024.6.0/platform/Device/SiliconLabs/MGM24/Source/system_mgm24.o
                0x08000ac4                SystemInit
 .text.SystemHFRCODPLLClockGet
                0x08000b28        0xc ./simplicity_sdk_2024.6.0/platform/Device/SiliconLabs/MGM24/Source/system_mgm24.o
                0x08000b28                SystemHFRCODPLLClockGet
 .text.SystemHFRCODPLLClockSet
                0x08000b34        0xc ./simplicity_sdk_2024.6.0/platform/Device/SiliconLabs/MGM24/Source/system_mgm24.o
                0x08000b34                SystemHFRCODPLLClockSet
 .text.SystemSYSCLKGet
                0x08000b40       0x34 ./simplicity_sdk_2024.6.0/platform/Device/SiliconLabs/MGM24/Source/system_mgm24.o
                0x08000b40                SystemSYSCLKGet
 .text.SystemHCLKGet
                0x08000b74       0x24 ./simplicity_sdk_2024.6.0/platform/Device/SiliconLabs/MGM24/Source/system_mgm24.o
                0x08000b74                SystemHCLKGet
 .text.SystemMaxCoreClockGet
                0x08000b98        0x8 ./simplicity_sdk_2024.6.0/platform/Device/SiliconLabs/MGM24/Source/system_mgm24.o
                0x08000b98                SystemMaxCoreClockGet
 .text.SystemHFXOClockGet
                0x08000ba0        0xc ./simplicity_sdk_2024.6.0/platform/Device/SiliconLabs/MGM24/Source/system_mgm24.o
                0x08000ba0                SystemHFXOClockGet
 .text.SystemHFXOClockSet
                0x08000bac       0x20 ./simplicity_sdk_2024.6.0/platform/Device/SiliconLabs/MGM24/Source/system_mgm24.o
                0x08000bac                SystemHFXOClockSet
 .text.SystemFSRCOClockGet
                0x08000bcc        0x8 ./simplicity_sdk_2024.6.0/platform/Device/SiliconLabs/MGM24/Source/system_mgm24.o
                0x08000bcc                SystemFSRCOClockGet
 .text.SystemHFRCOEM23ClockGet
                0x08000bd4       0x84 ./simplicity_sdk_2024.6.0/platform/Device/SiliconLabs/MGM24/Source/system_mgm24.o
                0x08000bd4                SystemHFRCOEM23ClockGet
 .text.SystemLFXOClockGet
                0x08000c58        0xc ./simplicity_sdk_2024.6.0/platform/Device/SiliconLabs/MGM24/Source/system_mgm24.o
                0x08000c58                SystemLFXOClockGet
 .text.sl_debug_swo_init
                0x08000c64       0xcc ./simplicity_sdk_2024.6.0/platform/driver/debug/src/sl_debug_swo.o
                0x08000c64                sl_debug_swo_init
 .text.GPIO_PinOutClear
                0x08000d30       0x3c ./simplicity_sdk_2024.6.0/platform/driver/leddrv/src/sl_simple_led.o
 .text.GPIO_PinOutSet
                0x08000d6c       0x3c ./simplicity_sdk_2024.6.0/platform/driver/leddrv/src/sl_simple_led.o
 .text.sl_simple_led_init
                0x08000da8       0x24 ./simplicity_sdk_2024.6.0/platform/driver/leddrv/src/sl_simple_led.o
                0x08000da8                sl_simple_led_init
 .text.sl_simple_led_toggle
                0x08000dcc       0x3c ./simplicity_sdk_2024.6.0/platform/driver/leddrv/src/sl_simple_led.o
                0x08000dcc                sl_simple_led_toggle
 .text.sl_simple_led_get_state
                0x08000e08       0x4c ./simplicity_sdk_2024.6.0/platform/driver/leddrv/src/sl_simple_led.o
                0x08000e08                sl_simple_led_get_state
 .text.EMU_VScaleGet
                0x08000e54       0x18 ./simplicity_sdk_2024.6.0/platform/emlib/src/em_cmu.o
 .text.HFRCODPLLDevinfoGet
                0x08000e6c      0x108 ./simplicity_sdk_2024.6.0/platform/emlib/src/em_cmu.o
 .text.traceClkGet
                0x08000f74       0x54 ./simplicity_sdk_2024.6.0/platform/emlib/src/em_cmu.o
 .text.em01GrpaClkGet
                0x08000fc8       0x74 ./simplicity_sdk_2024.6.0/platform/emlib/src/em_cmu.o
 .text.em01GrpcClkGet
                0x0800103c       0x70 ./simplicity_sdk_2024.6.0/platform/emlib/src/em_cmu.o
 .text.iadcClkGet
                0x080010ac       0x60 ./simplicity_sdk_2024.6.0/platform/emlib/src/em_cmu.o
 .text.eusart0ClkGet
                0x0800110c       0x74 ./simplicity_sdk_2024.6.0/platform/emlib/src/em_cmu.o
 .text.em23GrpaClkGet
                0x08001180       0x48 ./simplicity_sdk_2024.6.0/platform/emlib/src/em_cmu.o
 .text.vdac0ClkGet
                0x080011c8       0x70 ./simplicity_sdk_2024.6.0/platform/emlib/src/em_cmu.o
 .text.vdac1ClkGet
                0x08001238       0x70 ./simplicity_sdk_2024.6.0/platform/emlib/src/em_cmu.o
 .text.pcnt0ClkGet
                0x080012a8       0x4c ./simplicity_sdk_2024.6.0/platform/emlib/src/em_cmu.o
 .text.wdog0ClkGet
                0x080012f4       0x64 ./simplicity_sdk_2024.6.0/platform/emlib/src/em_cmu.o
 .text.wdog1ClkGet
                0x08001358       0x64 ./simplicity_sdk_2024.6.0/platform/emlib/src/em_cmu.o
 .text.sysrtcClkGet
                0x080013bc       0x48 ./simplicity_sdk_2024.6.0/platform/emlib/src/em_cmu.o
 .text.em4GrpaClkGet
                0x08001404       0x48 ./simplicity_sdk_2024.6.0/platform/emlib/src/em_cmu.o
 .text.CMU_ClockDivGet
                0x0800144c       0x78 ./simplicity_sdk_2024.6.0/platform/emlib/src/em_cmu.o
                0x0800144c                CMU_ClockDivGet
 .text.flashWaitStateControl
                0x080014c4       0x58 ./simplicity_sdk_2024.6.0/platform/emlib/src/em_cmu.o
 .text.CMU_ClockEnable
                0x0800151c       0x50 ./simplicity_sdk_2024.6.0/platform/emlib/src/em_cmu.o
                0x0800151c                CMU_ClockEnable
 .text.CMU_ClockFreqGet
                0x0800156c      0x1ec ./simplicity_sdk_2024.6.0/platform/emlib/src/em_cmu.o
                0x0800156c                CMU_ClockFreqGet
 .text.rhclkPrescOptimize
                0x08001758       0x20 ./simplicity_sdk_2024.6.0/platform/emlib/src/em_cmu.o
 .text.CMU_ClockSelectGet
                0x08001778      0x22c ./simplicity_sdk_2024.6.0/platform/emlib/src/em_cmu.o
                0x08001778                CMU_ClockSelectGet
 .text.sli_em_cmu_SYSTICEXTCLKENClear
                0x080019a4       0x30 ./simplicity_sdk_2024.6.0/platform/emlib/src/em_cmu.o
                0x080019a4                sli_em_cmu_SYSTICEXTCLKENClear
 .text.CMU_HFXOInit
                0x080019d4      0x224 ./simplicity_sdk_2024.6.0/platform/emlib/src/em_cmu.o
                0x080019d4                CMU_HFXOInit
 .text.CMU_HFXOCTuneDeltaGet
                0x08001bf8        0xc ./simplicity_sdk_2024.6.0/platform/emlib/src/em_cmu.o
                0x08001bf8                CMU_HFXOCTuneDeltaGet
 .text.CMU_LFXOInit
                0x08001c04       0xc4 ./simplicity_sdk_2024.6.0/platform/emlib/src/em_cmu.o
                0x08001c04                CMU_LFXOInit
 .text.CMU_LFXOPrecisionSet
                0x08001cc8        0xc ./simplicity_sdk_2024.6.0/platform/emlib/src/em_cmu.o
                0x08001cc8                CMU_LFXOPrecisionSet
 .text.CMU_HFXOPrecisionSet
                0x08001cd4        0xc ./simplicity_sdk_2024.6.0/platform/emlib/src/em_cmu.o
                0x08001cd4                CMU_HFXOPrecisionSet
 .text.CMU_LFRCOSetPrecision
                0x08001ce0       0x80 ./simplicity_sdk_2024.6.0/platform/emlib/src/em_cmu.o
                0x08001ce0                CMU_LFRCOSetPrecision
 .text.CMU_ClockDivSet
                0x08001d60      0x12c ./simplicity_sdk_2024.6.0/platform/emlib/src/em_cmu.o
                0x08001d60                CMU_ClockDivSet
 .text.sli_em_cmu_SYSCLKInitPreClockSelect
                0x08001e8c       0x20 ./simplicity_sdk_2024.6.0/platform/emlib/src/em_cmu.o
                0x08001e8c                sli_em_cmu_SYSCLKInitPreClockSelect
 .text.pclkDivOptimize
                0x08001eac       0x24 ./simplicity_sdk_2024.6.0/platform/emlib/src/em_cmu.o
 .text.CMU_HFRCODPLLBandSet
                0x08001ed0      0x11c ./simplicity_sdk_2024.6.0/platform/emlib/src/em_cmu.o
                0x08001ed0                CMU_HFRCODPLLBandSet
 .text.CMU_HFRCOEM23BandSet
                0x08001fec      0x168 ./simplicity_sdk_2024.6.0/platform/emlib/src/em_cmu.o
                0x08001fec                CMU_HFRCOEM23BandSet
 .text.EMU_DCDCSync
                0x08002154       0x10 ./simplicity_sdk_2024.6.0/platform/emlib/src/em_emu.o
 .text.EMU_EM4Init
                0x08002164       0x14 ./simplicity_sdk_2024.6.0/platform/emlib/src/em_emu.o
                0x08002164                EMU_EM4Init
 .text.EMU_VScaleEM01
                0x08002178       0xa8 ./simplicity_sdk_2024.6.0/platform/emlib/src/em_emu.o
                0x08002178                EMU_VScaleEM01
 .text.EMU_VScaleEM01ByClock
                0x08002220       0x30 ./simplicity_sdk_2024.6.0/platform/emlib/src/em_emu.o
                0x08002220                EMU_VScaleEM01ByClock
 .text.EMU_DCDCModeSet
                0x08002250       0xac ./simplicity_sdk_2024.6.0/platform/emlib/src/em_emu.o
                0x08002250                EMU_DCDCModeSet
 .text.EMU_DCDCInit
                0x080022fc       0x70 ./simplicity_sdk_2024.6.0/platform/emlib/src/em_emu.o
                0x080022fc                EMU_DCDCInit
 .text.EMU_DCDCSetPFMXModePeakCurrent
                0x0800236c       0x6c ./simplicity_sdk_2024.6.0/platform/emlib/src/em_emu.o
                0x0800236c                EMU_DCDCSetPFMXModePeakCurrent
 .text.GPIO_PinOutSet
                0x080023d8       0x3c ./simplicity_sdk_2024.6.0/platform/emlib/src/em_gpio.o
 .text.GPIO_PinOutClear
                0x08002414       0x3c ./simplicity_sdk_2024.6.0/platform/emlib/src/em_gpio.o
 .text.GPIO_PinModeSet
                0x08002450       0x94 ./simplicity_sdk_2024.6.0/platform/emlib/src/em_gpio.o
                0x08002450                GPIO_PinModeSet
 .text.SYSTEM_ChipRevisionGet
                0x080024e4       0x24 ./simplicity_sdk_2024.6.0/platform/emlib/src/em_system.o
                0x080024e4                SYSTEM_ChipRevisionGet
 .text.USART_BaudrateSyncSet
                0x08002508       0x48 ./simplicity_sdk_2024.6.0/platform/emlib/src/em_usart.o
                0x08002508                USART_BaudrateSyncSet
 .text.USART_Reset
                0x08002550       0x58 ./simplicity_sdk_2024.6.0/platform/emlib/src/em_usart.o
                0x08002550                USART_Reset
 .text.USART_InitSync
                0x080025a8       0xb0 ./simplicity_sdk_2024.6.0/platform/emlib/src/em_usart.o
                0x080025a8                USART_InitSync
 .text.sl_hal_sysrtc_wait_sync
                0x08002658       0x14 ./simplicity_sdk_2024.6.0/platform/peripheral/src/sl_hal_sysrtc.o
                0x08002658                sl_hal_sysrtc_wait_sync
 .text.sl_hal_sysrtc_wait_ready
                0x0800266c       0x1c ./simplicity_sdk_2024.6.0/platform/peripheral/src/sl_hal_sysrtc.o
                0x0800266c                sl_hal_sysrtc_wait_ready
 .text.sl_hal_sysrtc_stop
                0x08002688       0x14 ./simplicity_sdk_2024.6.0/platform/peripheral/src/sl_hal_sysrtc.o
                0x08002688                sl_hal_sysrtc_stop
 .text.sl_hal_sysrtc_enable
                0x0800269c       0x18 ./simplicity_sdk_2024.6.0/platform/peripheral/src/sl_hal_sysrtc.o
                0x0800269c                sl_hal_sysrtc_enable
 .text.sl_hal_sysrtc_disable
                0x080026b4       0x1c ./simplicity_sdk_2024.6.0/platform/peripheral/src/sl_hal_sysrtc.o
                0x080026b4                sl_hal_sysrtc_disable
 .text.sl_hal_sysrtc_init
                0x080026d0       0x20 ./simplicity_sdk_2024.6.0/platform/peripheral/src/sl_hal_sysrtc.o
                0x080026d0                sl_hal_sysrtc_init
 .text.sl_hal_sysrtc_init_group
                0x080026f0       0x48 ./simplicity_sdk_2024.6.0/platform/peripheral/src/sl_hal_sysrtc.o
                0x080026f0                sl_hal_sysrtc_init_group
 .text.sl_hal_sysrtc_enable_group_interrupts
                0x08002738       0x1c ./simplicity_sdk_2024.6.0/platform/peripheral/src/sl_hal_sysrtc.o
                0x08002738                sl_hal_sysrtc_enable_group_interrupts
 .text.sl_hal_sysrtc_disable_group_interrupts
                0x08002754       0x1c ./simplicity_sdk_2024.6.0/platform/peripheral/src/sl_hal_sysrtc.o
                0x08002754                sl_hal_sysrtc_disable_group_interrupts
 .text.sl_hal_sysrtc_clear_group_interrupts
                0x08002770       0x1c ./simplicity_sdk_2024.6.0/platform/peripheral/src/sl_hal_sysrtc.o
                0x08002770                sl_hal_sysrtc_clear_group_interrupts
 .text.sl_hal_sysrtc_get_group_interrupts
                0x0800278c       0x20 ./simplicity_sdk_2024.6.0/platform/peripheral/src/sl_hal_sysrtc.o
                0x0800278c                sl_hal_sysrtc_get_group_interrupts
 .text.sl_hal_sysrtc_get_group_compare_channel_value
                0x080027ac       0x30 ./simplicity_sdk_2024.6.0/platform/peripheral/src/sl_hal_sysrtc.o
                0x080027ac                sl_hal_sysrtc_get_group_compare_channel_value
 .text.sl_hal_sysrtc_set_group_compare_channel_value
                0x080027dc       0x28 ./simplicity_sdk_2024.6.0/platform/peripheral/src/sl_hal_sysrtc.o
                0x080027dc                sl_hal_sysrtc_set_group_compare_channel_value
 .text.sli_clock_manager_hal_enable_bus_clock
                0x08002804       0x54 ./simplicity_sdk_2024.6.0/platform/service/clock_manager/src/sl_clock_manager_hal_s2.o
                0x08002804                sli_clock_manager_hal_enable_bus_clock
 .text.sli_clock_manager_hal_init
                0x08002858      0x200 ./simplicity_sdk_2024.6.0/platform/service/clock_manager/src/sl_clock_manager_init_hal_s2.o
                0x08002858                sli_clock_manager_hal_init
 .text.sl_device_init_dcdc
                0x08002a58       0x2c ./simplicity_sdk_2024.6.0/platform/service/device_init/src/sl_device_init_dcdc_s2.o
                0x08002a58                sl_device_init_dcdc
 .text.sl_device_init_emu
                0x08002a84       0x24 ./simplicity_sdk_2024.6.0/platform/service/device_init/src/sl_device_init_emu_s2.o
                0x08002a84                sl_device_init_emu
 .text.sl_interrupt_manager_enable_irq
                0x08002aa8       0x34 ./simplicity_sdk_2024.6.0/platform/service/interrupt_manager/src/sl_interrupt_manager_cortexm.o
                0x08002aa8                sl_interrupt_manager_enable_irq
 .text.sl_interrupt_manager_clear_irq_pending
                0x08002adc       0x1c ./simplicity_sdk_2024.6.0/platform/service/interrupt_manager/src/sl_interrupt_manager_cortexm.o
                0x08002adc                sl_interrupt_manager_clear_irq_pending
 .text.sl_interrupt_manager_set_irq_priority
                0x08002af8       0x50 ./simplicity_sdk_2024.6.0/platform/service/interrupt_manager/src/sl_interrupt_manager_cortexm.o
                0x08002af8                sl_interrupt_manager_set_irq_priority
 .text.sl_memory_init
                0x08002b48       0x50 ./simplicity_sdk_2024.6.0/platform/service/memory_manager/src/sl_memory_manager.o
                0x08002b48                sl_memory_init
 .text.sl_memory_alloc_advanced
                0x08002b98      0x228 ./simplicity_sdk_2024.6.0/platform/service/memory_manager/src/sl_memory_manager.o
                0x08002b98                sl_memory_alloc_advanced
 .text.sl_memory_free
                0x08002dc0      0x190 ./simplicity_sdk_2024.6.0/platform/service/memory_manager/src/sl_memory_manager.o
                0x08002dc0                sl_memory_free
 .text.sl_memory_realloc
                0x08002f50      0x294 ./simplicity_sdk_2024.6.0/platform/service/memory_manager/src/sl_memory_manager.o
                0x08002f50                sl_memory_realloc
 .text.sl_memory_get_heap_region
                0x080031e4       0x14 ./simplicity_sdk_2024.6.0/platform/service/memory_manager/src/sl_memory_manager_region.o
                0x080031e4                sl_memory_get_heap_region
 .text.sli_memory_find_free_block
                0x080031f8       0x98 ./simplicity_sdk_2024.6.0/platform/service/memory_manager/src/sli_memory_manager_common.o
                0x080031f8                sli_memory_find_free_block
 .text.sli_memory_find_head_free_block
                0x08003290       0x9c ./simplicity_sdk_2024.6.0/platform/service/memory_manager/src/sli_memory_manager_common.o
                0x08003290                sli_memory_find_head_free_block
 .text.delta_list_insert_timer
                0x0800332c       0x40 ./simplicity_sdk_2024.6.0/platform/service/sleeptimer/src/sl_sleeptimer.o
 .text.update_delta_list
                0x0800336c       0x34 ./simplicity_sdk_2024.6.0/platform/service/sleeptimer/src/sl_sleeptimer.o
 .text.set_comparator_for_next_timer
                0x080033a0       0x5c ./simplicity_sdk_2024.6.0/platform/service/sleeptimer/src/sl_sleeptimer.o
 .text.delta_list_remove_timer
                0x080033fc       0x38 ./simplicity_sdk_2024.6.0/platform/service/sleeptimer/src/sl_sleeptimer.o
 .text.sl_sleeptimer_init
                0x08003434       0x74 ./simplicity_sdk_2024.6.0/platform/service/sleeptimer/src/sl_sleeptimer.o
                0x08003434                sl_sleeptimer_init
 .text.process_timer_irq
                0x080034a8      0x150 ./simplicity_sdk_2024.6.0/platform/service/sleeptimer/src/sl_sleeptimer.o
                0x080034a8                process_timer_irq
 .text.sleeptimer_hal_init_timer
                0x080035f8       0x68 ./simplicity_sdk_2024.6.0/platform/service/sleeptimer/src/sl_sleeptimer_hal_sysrtc.o
                0x080035f8                sleeptimer_hal_init_timer
 .text.sleeptimer_hal_get_counter
                0x08003660       0x10 ./simplicity_sdk_2024.6.0/platform/service/sleeptimer/src/sl_sleeptimer_hal_sysrtc.o
                0x08003660                sleeptimer_hal_get_counter
 .text.sleeptimer_hal_set_compare
                0x08003670       0x70 ./simplicity_sdk_2024.6.0/platform/service/sleeptimer/src/sl_sleeptimer_hal_sysrtc.o
                0x08003670                sleeptimer_hal_set_compare
 .text.sleeptimer_hal_disable_int
                0x080036e0       0x2c ./simplicity_sdk_2024.6.0/platform/service/sleeptimer/src/sl_sleeptimer_hal_sysrtc.o
                0x080036e0                sleeptimer_hal_disable_int
 .text.sleeptimer_hal_set_int
                0x0800370c       0x10 ./simplicity_sdk_2024.6.0/platform/service/sleeptimer/src/sl_sleeptimer_hal_sysrtc.o
                0x0800370c                sleeptimer_hal_set_int
 .text.sleeptimer_hal_get_timer_frequency
                0x0800371c       0x18 ./simplicity_sdk_2024.6.0/platform/service/sleeptimer/src/sl_sleeptimer_hal_sysrtc.o
                0x0800371c                sleeptimer_hal_get_timer_frequency
 .text.sl_udelay_wait
                0x08003734       0x58 ./simplicity_sdk_2024.6.0/platform/service/udelay/src/sl_udelay.o
                0x08003734                sl_udelay_wait
 .text.osKernelInitialize
                0x0800378c       0x34 ./simplicity_sdk_2024.6.0/util/third_party/freertos/cmsis/Source/cmsis_os2.o
                0x0800378c                osKernelInitialize
 .text.osKernelStart
                0x080037c0       0x48 ./simplicity_sdk_2024.6.0/util/third_party/freertos/cmsis/Source/cmsis_os2.o
                0x080037c0                osKernelStart
 .text.vApplicationStackOverflowHook
                0x08003808       0x10 ./simplicity_sdk_2024.6.0/util/third_party/freertos/cmsis/Source/cmsis_os2.o
                0x08003808                vApplicationStackOverflowHook
 .text.vApplicationGetIdleTaskMemory
                0x08003818       0x18 ./simplicity_sdk_2024.6.0/util/third_party/freertos/cmsis/Source/cmsis_os2.o
                0x08003818                vApplicationGetIdleTaskMemory
 .text.vApplicationGetTimerTaskMemory
                0x08003830       0x18 ./simplicity_sdk_2024.6.0/util/third_party/freertos/cmsis/Source/cmsis_os2.o
                0x08003830                vApplicationGetTimerTaskMemory
 .text.xQueueGenericReset
                0x08003848       0x6c ./simplicity_sdk_2024.6.0/util/third_party/freertos/kernel/queue.o
                0x08003848                xQueueGenericReset
 .text.xQueueGenericCreateStatic
                0x080038b4       0x7c ./simplicity_sdk_2024.6.0/util/third_party/freertos/kernel/queue.o
                0x080038b4                xQueueGenericCreateStatic
 .text.xQueueGenericCreate
                0x08003930       0x78 ./simplicity_sdk_2024.6.0/util/third_party/freertos/kernel/queue.o
                0x08003930                xQueueGenericCreate
 .text.xQueueGenericSend
                0x080039a8      0x13c ./simplicity_sdk_2024.6.0/util/third_party/freertos/kernel/queue.o
                0x080039a8                xQueueGenericSend
 .text.xQueueGiveMutexRecursive
                0x08003ae4       0x3c ./simplicity_sdk_2024.6.0/util/third_party/freertos/kernel/queue.o
                0x08003ae4                xQueueGiveMutexRecursive
 .text.xQueueGenericSendFromISR
                0x08003b20       0xb0 ./simplicity_sdk_2024.6.0/util/third_party/freertos/kernel/queue.o
                0x08003b20                xQueueGenericSendFromISR
 .text.xQueueGiveFromISR
                0x08003bd0       0x90 ./simplicity_sdk_2024.6.0/util/third_party/freertos/kernel/queue.o
                0x08003bd0                xQueueGiveFromISR
 .text.xQueueReceive
                0x08003c60      0x108 ./simplicity_sdk_2024.6.0/util/third_party/freertos/kernel/queue.o
                0x08003c60                xQueueReceive
 .text.xQueueSemaphoreTake
                0x08003d68      0x13c ./simplicity_sdk_2024.6.0/util/third_party/freertos/kernel/queue.o
                0x08003d68                xQueueSemaphoreTake
 .text.xQueueTakeMutexRecursive
                0x08003ea4       0x40 ./simplicity_sdk_2024.6.0/util/third_party/freertos/kernel/queue.o
                0x08003ea4                xQueueTakeMutexRecursive
 .text.xQueueReceiveFromISR
                0x08003ee4       0x90 ./simplicity_sdk_2024.6.0/util/third_party/freertos/kernel/queue.o
                0x08003ee4                xQueueReceiveFromISR
 .text.vQueueAddToRegistry
                0x08003f74       0x24 ./simplicity_sdk_2024.6.0/util/third_party/freertos/kernel/queue.o
                0x08003f74                vQueueAddToRegistry
 .text.prvAddNewTaskToReadyList
                0x08003f98       0xf4 ./simplicity_sdk_2024.6.0/util/third_party/freertos/kernel/tasks.o
 .text.prvAddCurrentTaskToDelayedList
                0x0800408c       0x70 ./simplicity_sdk_2024.6.0/util/third_party/freertos/kernel/tasks.o
 .text.prvResetNextTaskUnblockTime
                0x080040fc       0x24 ./simplicity_sdk_2024.6.0/util/third_party/freertos/kernel/tasks.o
 .text.prvDeleteTCB
                0x08004120       0x38 ./simplicity_sdk_2024.6.0/util/third_party/freertos/kernel/tasks.o
 .text.prvIdleTask
                0x08004158       0x50 ./simplicity_sdk_2024.6.0/util/third_party/freertos/kernel/tasks.o
 .text.xTaskCreateStatic
                0x080041a8       0x9c ./simplicity_sdk_2024.6.0/util/third_party/freertos/kernel/tasks.o
                0x080041a8                xTaskCreateStatic
 .text.vTaskStartScheduler
                0x08004244       0x84 ./simplicity_sdk_2024.6.0/util/third_party/freertos/kernel/tasks.o
                0x08004244                vTaskStartScheduler
 .text.vTaskSuspendAll
                0x080042c8       0x10 ./simplicity_sdk_2024.6.0/util/third_party/freertos/kernel/tasks.o
                0x080042c8                vTaskSuspendAll
 .text.xTaskGetTickCount
                0x080042d8        0xc ./simplicity_sdk_2024.6.0/util/third_party/freertos/kernel/tasks.o
                0x080042d8                xTaskGetTickCount
 .text.xTaskIncrementTick
                0x080042e4      0x128 ./simplicity_sdk_2024.6.0/util/third_party/freertos/kernel/tasks.o
                0x080042e4                xTaskIncrementTick
 .text.xTaskResumeAll
                0x0800440c       0xd4 ./simplicity_sdk_2024.6.0/util/third_party/freertos/kernel/tasks.o
                0x0800440c                xTaskResumeAll
 .text.vTaskDelay
                0x080044e0       0x3c ./simplicity_sdk_2024.6.0/util/third_party/freertos/kernel/tasks.o
                0x080044e0                vTaskDelay
 .text.vTaskSwitchContext
                0x0800451c       0xa8 ./simplicity_sdk_2024.6.0/util/third_party/freertos/kernel/tasks.o
                0x0800451c                vTaskSwitchContext
 .text.vTaskPlaceOnEventList
                0x080045c4       0x34 ./simplicity_sdk_2024.6.0/util/third_party/freertos/kernel/tasks.o
                0x080045c4                vTaskPlaceOnEventList
 .text.vTaskPlaceOnEventListRestricted
                0x080045f8       0x40 ./simplicity_sdk_2024.6.0/util/third_party/freertos/kernel/tasks.o
                0x080045f8                vTaskPlaceOnEventListRestricted
 .text.xTaskRemoveFromEventList
                0x08004638       0x7c ./simplicity_sdk_2024.6.0/util/third_party/freertos/kernel/tasks.o
                0x08004638                xTaskRemoveFromEventList
 .text.vTaskInternalSetTimeOutState
                0x080046b4       0x18 ./simplicity_sdk_2024.6.0/util/third_party/freertos/kernel/tasks.o
                0x080046b4                vTaskInternalSetTimeOutState
 .text.xTaskCheckForTimeOut
                0x080046cc       0x6c ./simplicity_sdk_2024.6.0/util/third_party/freertos/kernel/tasks.o
                0x080046cc                xTaskCheckForTimeOut
 .text.vTaskMissedYield
                0x08004738        0xc ./simplicity_sdk_2024.6.0/util/third_party/freertos/kernel/tasks.o
                0x08004738                vTaskMissedYield
 .text.xTaskGetCurrentTaskHandle
                0x08004744        0xc ./simplicity_sdk_2024.6.0/util/third_party/freertos/kernel/tasks.o
                0x08004744                xTaskGetCurrentTaskHandle
 .text.xTaskGetSchedulerState
                0x08004750       0x20 ./simplicity_sdk_2024.6.0/util/third_party/freertos/kernel/tasks.o
                0x08004750                xTaskGetSchedulerState
 .text.xTaskPriorityInherit
                0x08004770       0x7c ./simplicity_sdk_2024.6.0/util/third_party/freertos/kernel/tasks.o
                0x08004770                xTaskPriorityInherit
 .text.xTaskPriorityDisinherit
                0x080047ec       0x7c ./simplicity_sdk_2024.6.0/util/third_party/freertos/kernel/tasks.o
                0x080047ec                xTaskPriorityDisinherit
 .text.vTaskPriorityDisinheritAfterTimeout
                0x08004868       0x94 ./simplicity_sdk_2024.6.0/util/third_party/freertos/kernel/tasks.o
                0x08004868                vTaskPriorityDisinheritAfterTimeout
 .text.pvTaskIncrementMutexHeldCount
                0x080048fc       0x18 ./simplicity_sdk_2024.6.0/util/third_party/freertos/kernel/tasks.o
                0x080048fc                pvTaskIncrementMutexHeldCount
 .text.prvInsertTimerInActiveList
                0x08004914       0x3c ./simplicity_sdk_2024.6.0/util/third_party/freertos/kernel/timers.o
 .text.prvCheckForValidListAndQueue
                0x08004950       0x68 ./simplicity_sdk_2024.6.0/util/third_party/freertos/kernel/timers.o
 .text.xTimerCreateTimerTask
                0x080049b8       0x64 ./simplicity_sdk_2024.6.0/util/third_party/freertos/kernel/timers.o
                0x080049b8                xTimerCreateTimerTask
 .text.xTimerGenericCommand
                0x08004a1c       0x5c ./simplicity_sdk_2024.6.0/util/third_party/freertos/kernel/timers.o
                0x08004a1c                xTimerGenericCommand
 .text.prvSampleTimeNow
                0x08004a78       0xa0 ./simplicity_sdk_2024.6.0/util/third_party/freertos/kernel/timers.o
 .text.prvTimerTask
                0x08004b18      0x1bc ./simplicity_sdk_2024.6.0/util/third_party/freertos/kernel/timers.o
 .text.prvTaskExitError
                0x08004cd4       0x30 ./simplicity_sdk_2024.6.0/util/third_party/freertos/kernel/portable/GCC/ARM_CM33_NTZ/non_secure/port.o
 .text.vPortSetupTimerInterrupt
                0x08004d04       0x24 ./simplicity_sdk_2024.6.0/util/third_party/freertos/kernel/portable/GCC/ARM_CM33_NTZ/non_secure/port.o
                0x08004d04                vPortSetupTimerInterrupt
 .text.vPortEnterCritical
                0x08004d28       0x1c ./simplicity_sdk_2024.6.0/util/third_party/freertos/kernel/portable/GCC/ARM_CM33_NTZ/non_secure/port.o
                0x08004d28                vPortEnterCritical
 .text.vPortExitCritical
                0x08004d44       0x30 ./simplicity_sdk_2024.6.0/util/third_party/freertos/kernel/portable/GCC/ARM_CM33_NTZ/non_secure/port.o
                0x08004d44                vPortExitCritical
 .text.vPortSVCHandler_C
                0x08004d74       0x38 ./simplicity_sdk_2024.6.0/util/third_party/freertos/kernel/portable/GCC/ARM_CM33_NTZ/non_secure/port.o
                0x08004d74                vPortSVCHandler_C
 .text.pxPortInitialiseStack
                0x08004dac       0x70 ./simplicity_sdk_2024.6.0/util/third_party/freertos/kernel/portable/GCC/ARM_CM33_NTZ/non_secure/port.o
                0x08004dac                pxPortInitialiseStack
 .text.xPortStartScheduler
                0x08004e1c       0x3c ./simplicity_sdk_2024.6.0/util/third_party/freertos/kernel/portable/GCC/ARM_CM33_NTZ/non_secure/port.o
                0x08004e1c                xPortStartScheduler
 .text.tcpip_thread
                0x08004e58       0xd4 ./simplicity_sdk_2024.6.0/util/third_party/lwip/lwip/src/api/tcpip.o
 .text.tcpip_inpkt
                0x08004f2c       0x58 ./simplicity_sdk_2024.6.0/util/third_party/lwip/lwip/src/api/tcpip.o
                0x08004f2c                tcpip_inpkt
 .text.tcpip_input
                0x08004f84       0x1c ./simplicity_sdk_2024.6.0/util/third_party/lwip/lwip/src/api/tcpip.o
                0x08004f84                tcpip_input
 .text.tcpip_try_callback
                0x08004fa0       0x54 ./simplicity_sdk_2024.6.0/util/third_party/lwip/lwip/src/api/tcpip.o
                0x08004fa0                tcpip_try_callback
 .text.tcpip_init
                0x08004ff4       0x60 ./simplicity_sdk_2024.6.0/util/third_party/lwip/lwip/src/api/tcpip.o
                0x08004ff4                tcpip_init
 .text.mem_init
                0x08005054       0x70 ./simplicity_sdk_2024.6.0/util/third_party/lwip/lwip/src/core/mem.o
                0x08005054                mem_init
 .text.mem_free
                0x080050c4      0x198 ./simplicity_sdk_2024.6.0/util/third_party/lwip/lwip/src/core/mem.o
                0x080050c4                mem_free
 .text.mem_trim
                0x0800525c      0x1bc ./simplicity_sdk_2024.6.0/util/third_party/lwip/lwip/src/core/mem.o
                0x0800525c                mem_trim
 .text.mem_malloc
                0x08005418      0x190 ./simplicity_sdk_2024.6.0/util/third_party/lwip/lwip/src/core/mem.o
                0x08005418                mem_malloc
 .text.do_memp_malloc_pool
                0x080055a8       0x58 ./simplicity_sdk_2024.6.0/util/third_party/lwip/lwip/src/core/memp.o
 .text.do_memp_free_pool
                0x08005600       0x40 ./simplicity_sdk_2024.6.0/util/third_party/lwip/lwip/src/core/memp.o
 .text.memp_init
                0x08005640       0x28 ./simplicity_sdk_2024.6.0/util/third_party/lwip/lwip/src/core/memp.o
                0x08005640                memp_init
 .text.memp_malloc
                0x08005668       0x38 ./simplicity_sdk_2024.6.0/util/third_party/lwip/lwip/src/core/memp.o
                0x08005668                memp_malloc
 .text.memp_free
                0x080056a0       0x30 ./simplicity_sdk_2024.6.0/util/third_party/lwip/lwip/src/core/memp.o
                0x080056a0                memp_free
 .text.netif_loopif_init
                0x080056d0       0x50 ./simplicity_sdk_2024.6.0/util/third_party/lwip/lwip/src/core/netif.o
 .text.netif_issue_reports
                0x08005720       0x50 ./simplicity_sdk_2024.6.0/util/third_party/lwip/lwip/src/core/netif.o
 .text.netif_poll
                0x08005770       0xdc ./simplicity_sdk_2024.6.0/util/third_party/lwip/lwip/src/core/netif.o
                0x08005770                netif_poll
 .text.netif_set_addr
                0x0800584c       0x58 ./simplicity_sdk_2024.6.0/util/third_party/lwip/lwip/src/core/netif.o
                0x0800584c                netif_set_addr
 .text.netif_add
                0x080058a4      0x134 ./simplicity_sdk_2024.6.0/util/third_party/lwip/lwip/src/core/netif.o
                0x080058a4                netif_add
 .text.netif_set_default
                0x080059d8        0xc ./simplicity_sdk_2024.6.0/util/third_party/lwip/lwip/src/core/netif.o
                0x080059d8                netif_set_default
 .text.netif_set_up
                0x080059e4       0x50 ./simplicity_sdk_2024.6.0/util/third_party/lwip/lwip/src/core/netif.o
                0x080059e4                netif_set_up
 .text.netif_set_down
                0x08005a34       0x54 ./simplicity_sdk_2024.6.0/util/third_party/lwip/lwip/src/core/netif.o
                0x08005a34                netif_set_down
 .text.netif_set_link_up
                0x08005a88       0x48 ./simplicity_sdk_2024.6.0/util/third_party/lwip/lwip/src/core/netif.o
                0x08005a88                netif_set_link_up
 .text.netif_init
                0x08005ad0       0x4c ./simplicity_sdk_2024.6.0/util/third_party/lwip/lwip/src/core/netif.o
                0x08005ad0                netif_init
 .text.netif_set_link_down
                0x08005b1c       0x34 ./simplicity_sdk_2024.6.0/util/third_party/lwip/lwip/src/core/netif.o
                0x08005b1c                netif_set_link_down
 .text.netif_loop_output
                0x08005b50      0x104 ./simplicity_sdk_2024.6.0/util/third_party/lwip/lwip/src/core/netif.o
                0x08005b50                netif_loop_output
 .text.netif_get_by_index
                0x08005c54       0x24 ./simplicity_sdk_2024.6.0/util/third_party/lwip/lwip/src/core/netif.o
                0x08005c54                netif_get_by_index
 .text.pbuf_add_header_impl
                0x08005c78       0x68 ./simplicity_sdk_2024.6.0/util/third_party/lwip/lwip/src/core/pbuf.o
 .text.pbuf_free_ooseq_callback
                0x08005ce0       0x30 ./simplicity_sdk_2024.6.0/util/third_party/lwip/lwip/src/core/pbuf.o
 .text.pbuf_alloc_reference
                0x08005d10       0x48 ./simplicity_sdk_2024.6.0/util/third_party/lwip/lwip/src/core/pbuf.o
                0x08005d10                pbuf_alloc_reference
 .text.pbuf_remove_header
                0x08005d58       0x58 ./simplicity_sdk_2024.6.0/util/third_party/lwip/lwip/src/core/pbuf.o
                0x08005d58                pbuf_remove_header
 .text.pbuf_free
                0x08005db0       0xd4 ./simplicity_sdk_2024.6.0/util/third_party/lwip/lwip/src/core/pbuf.o
                0x08005db0                pbuf_free
 .text.pbuf_alloc
                0x08005e84      0x124 ./simplicity_sdk_2024.6.0/util/third_party/lwip/lwip/src/core/pbuf.o
                0x08005e84                pbuf_alloc
 .text.pbuf_realloc
                0x08005fa8       0xb0 ./simplicity_sdk_2024.6.0/util/third_party/lwip/lwip/src/core/pbuf.o
                0x08005fa8                pbuf_realloc
 .text.pbuf_ref
                0x08006058       0x38 ./simplicity_sdk_2024.6.0/util/third_party/lwip/lwip/src/core/pbuf.o
                0x08006058                pbuf_ref
 .text.pbuf_cat
                0x08006090       0x74 ./simplicity_sdk_2024.6.0/util/third_party/lwip/lwip/src/core/pbuf.o
                0x08006090                pbuf_cat
 .text.pbuf_copy
                0x08006104      0x130 ./simplicity_sdk_2024.6.0/util/third_party/lwip/lwip/src/core/pbuf.o
                0x08006104                pbuf_copy
 .text.pbuf_copy_partial
                0x08006234       0x84 ./simplicity_sdk_2024.6.0/util/third_party/lwip/lwip/src/core/pbuf.o
                0x08006234                pbuf_copy_partial
 .text.pbuf_clone
                0x080062b8       0x38 ./simplicity_sdk_2024.6.0/util/third_party/lwip/lwip/src/core/pbuf.o
                0x080062b8                pbuf_clone
 .text.tcp_new_port
                0x080062f0       0x50 ./simplicity_sdk_2024.6.0/util/third_party/lwip/lwip/src/core/tcp.o
 .text.tcp_close_shutdown_fin
                0x08006340       0x90 ./simplicity_sdk_2024.6.0/util/third_party/lwip/lwip/src/core/tcp.o
 .text.tcp_init
                0x080063d0       0x18 ./simplicity_sdk_2024.6.0/util/third_party/lwip/lwip/src/core/tcp.o
                0x080063d0                tcp_init
 .text.tcp_free
                0x080063e8       0x30 ./simplicity_sdk_2024.6.0/util/third_party/lwip/lwip/src/core/tcp.o
                0x080063e8                tcp_free
 .text.tcp_bind
                0x08006418       0xac ./simplicity_sdk_2024.6.0/util/third_party/lwip/lwip/src/core/tcp.o
                0x08006418                tcp_bind
 .text.tcp_listen_with_backlog_and_err
                0x080064c4       0xcc ./simplicity_sdk_2024.6.0/util/third_party/lwip/lwip/src/core/tcp.o
                0x080064c4                tcp_listen_with_backlog_and_err
 .text.tcp_update_rcv_ann_wnd
                0x08006590       0x6c ./simplicity_sdk_2024.6.0/util/third_party/lwip/lwip/src/core/tcp.o
                0x08006590                tcp_update_rcv_ann_wnd
 .text.tcp_recved
                0x080065fc       0x7c ./simplicity_sdk_2024.6.0/util/third_party/lwip/lwip/src/core/tcp.o
                0x080065fc                tcp_recved
 .text.tcp_setprio
                0x08006678       0x20 ./simplicity_sdk_2024.6.0/util/third_party/lwip/lwip/src/core/tcp.o
                0x08006678                tcp_setprio
 .text.tcp_seg_copy
                0x08006698       0x48 ./simplicity_sdk_2024.6.0/util/third_party/lwip/lwip/src/core/tcp.o
                0x08006698                tcp_seg_copy
 .text.tcp_recv
                0x080066e0       0x30 ./simplicity_sdk_2024.6.0/util/third_party/lwip/lwip/src/core/tcp.o
                0x080066e0                tcp_recv
 .text.tcp_sent
                0x08006710       0x30 ./simplicity_sdk_2024.6.0/util/third_party/lwip/lwip/src/core/tcp.o
                0x08006710                tcp_sent
 .text.tcp_err  0x08006740       0x30 ./simplicity_sdk_2024.6.0/util/third_party/lwip/lwip/src/core/tcp.o
                0x08006740                tcp_err
 .text.tcp_poll
                0x08006770       0x48 ./simplicity_sdk_2024.6.0/util/third_party/lwip/lwip/src/core/tcp.o
                0x08006770                tcp_poll
 .text.tcp_next_iss
                0x080067b8       0x34 ./simplicity_sdk_2024.6.0/util/third_party/lwip/lwip/src/core/tcp.o
                0x080067b8                tcp_next_iss
 .text.tcp_eff_send_mss_netif
                0x080067ec       0x3c ./simplicity_sdk_2024.6.0/util/third_party/lwip/lwip/src/core/tcp.o
                0x080067ec                tcp_eff_send_mss_netif
 .text.tcp_pcb_purge
                0x08006828       0x64 ./simplicity_sdk_2024.6.0/util/third_party/lwip/lwip/src/core/tcp.o
                0x08006828                tcp_pcb_purge
 .text.tcp_pcb_remove
                0x0800688c       0xcc ./simplicity_sdk_2024.6.0/util/third_party/lwip/lwip/src/core/tcp.o
                0x0800688c                tcp_pcb_remove
 .text.tcp_abandon
                0x08006958      0x10c ./simplicity_sdk_2024.6.0/util/third_party/lwip/lwip/src/core/tcp.o
                0x08006958                tcp_abandon
 .text.tcp_accept_null
                0x08006a64       0x2c ./simplicity_sdk_2024.6.0/util/third_party/lwip/lwip/src/core/tcp.o
 .text.tcp_netif_ip_addr_changed_pcblist
                0x08006a90       0x3c ./simplicity_sdk_2024.6.0/util/third_party/lwip/lwip/src/core/tcp.o
 .text.tcp_netif_ip_addr_changed
                0x08006acc       0x48 ./simplicity_sdk_2024.6.0/util/third_party/lwip/lwip/src/core/tcp.o
                0x08006acc                tcp_netif_ip_addr_changed
 .text.tcp_kill_state
                0x08006b14       0x3c ./simplicity_sdk_2024.6.0/util/third_party/lwip/lwip/src/core/tcp.o
 .text.tcp_alloc
                0x08006b50      0x16c ./simplicity_sdk_2024.6.0/util/third_party/lwip/lwip/src/core/tcp.o
                0x08006b50                tcp_alloc
 .text.tcp_close_shutdown
                0x08006cbc      0x17c ./simplicity_sdk_2024.6.0/util/third_party/lwip/lwip/src/core/tcp.o
 .text.tcp_close
                0x08006e38       0x3c ./simplicity_sdk_2024.6.0/util/third_party/lwip/lwip/src/core/tcp.o
                0x08006e38                tcp_close
 .text.tcp_recv_null
                0x08006e74       0x48 ./simplicity_sdk_2024.6.0/util/third_party/lwip/lwip/src/core/tcp.o
                0x08006e74                tcp_recv_null
 .text.tcp_process_refused_data
                0x08006ebc       0x8c ./simplicity_sdk_2024.6.0/util/third_party/lwip/lwip/src/core/tcp.o
                0x08006ebc                tcp_process_refused_data
 .text.tcp_fasttmr
                0x08006f48       0x80 ./simplicity_sdk_2024.6.0/util/third_party/lwip/lwip/src/core/tcp.o
                0x08006f48                tcp_fasttmr
 .text.tcp_slowtmr
                0x08006fc8      0x444 ./simplicity_sdk_2024.6.0/util/third_party/lwip/lwip/src/core/tcp.o
                0x08006fc8                tcp_slowtmr
 .text.tcp_tmr  0x0800740c       0x24 ./simplicity_sdk_2024.6.0/util/third_party/lwip/lwip/src/core/tcp.o
                0x0800740c                tcp_tmr
 .text.tcp_get_next_optbyte
                0x08007430       0x38 ./simplicity_sdk_2024.6.0/util/third_party/lwip/lwip/src/core/tcp_in.o
 .text.tcp_oos_insert_segment
                0x08007468       0x90 ./simplicity_sdk_2024.6.0/util/third_party/lwip/lwip/src/core/tcp_in.o
 .text.tcp_parseopt
                0x080074f8       0x94 ./simplicity_sdk_2024.6.0/util/third_party/lwip/lwip/src/core/tcp_in.o
 .text.tcp_input_delayed_close
                0x0800758c       0x3c ./simplicity_sdk_2024.6.0/util/third_party/lwip/lwip/src/core/tcp_in.o
 .text.tcp_free_acked_segments.constprop.0
                0x080075c8       0xc0 ./simplicity_sdk_2024.6.0/util/third_party/lwip/lwip/src/core/tcp_in.o
 .text.tcp_receive
                0x08007688      0x840 ./simplicity_sdk_2024.6.0/util/third_party/lwip/lwip/src/core/tcp_in.o
 .text.tcp_input
                0x08007ec8      0xbb4 ./simplicity_sdk_2024.6.0/util/third_party/lwip/lwip/src/core/tcp_in.o
                0x08007ec8                tcp_input
 .text.tcp_trigger_input_pcb_close
                0x08008a7c       0x10 ./simplicity_sdk_2024.6.0/util/third_party/lwip/lwip/src/core/tcp_in.o
                0x08008a7c                tcp_trigger_input_pcb_close
 .text.tcp_output_segment_busy
                0x08008a8c       0x2c ./simplicity_sdk_2024.6.0/util/third_party/lwip/lwip/src/core/tcp_out.o
 .text.tcp_pbuf_prealloc
                0x08008ab8       0xa0 ./simplicity_sdk_2024.6.0/util/third_party/lwip/lwip/src/core/tcp_out.o
 .text.tcp_create_segment
                0x08008b58       0xec ./simplicity_sdk_2024.6.0/util/third_party/lwip/lwip/src/core/tcp_out.o
 .text.tcp_output_alloc_header_common.constprop.0
                0x08008c44       0x84 ./simplicity_sdk_2024.6.0/util/third_party/lwip/lwip/src/core/tcp_out.o
 .text.tcp_output_alloc_header.constprop.0
                0x08008cc8       0x4c ./simplicity_sdk_2024.6.0/util/third_party/lwip/lwip/src/core/tcp_out.o
 .text.tcp_output_fill_options.constprop.0
                0x08008d14       0x20 ./simplicity_sdk_2024.6.0/util/third_party/lwip/lwip/src/core/tcp_out.o
 .text.tcp_output_control_segment
                0x08008d34       0x98 ./simplicity_sdk_2024.6.0/util/third_party/lwip/lwip/src/core/tcp_out.o
 .text.tcp_write
                0x08008dcc      0x55c ./simplicity_sdk_2024.6.0/util/third_party/lwip/lwip/src/core/tcp_out.o
                0x08008dcc                tcp_write
 .text.tcp_split_unsent_seg
                0x08009328      0x1b8 ./simplicity_sdk_2024.6.0/util/third_party/lwip/lwip/src/core/tcp_out.o
                0x08009328                tcp_split_unsent_seg
 .text.tcp_enqueue_flags
                0x080094e0      0x140 ./simplicity_sdk_2024.6.0/util/third_party/lwip/lwip/src/core/tcp_out.o
                0x080094e0                tcp_enqueue_flags
 .text.tcp_send_fin
                0x08009620       0x60 ./simplicity_sdk_2024.6.0/util/third_party/lwip/lwip/src/core/tcp_out.o
                0x08009620                tcp_send_fin
 .text.tcp_rexmit_rto_prepare
                0x08009680       0x88 ./simplicity_sdk_2024.6.0/util/third_party/lwip/lwip/src/core/tcp_out.o
                0x08009680                tcp_rexmit_rto_prepare
 .text.tcp_rexmit
                0x08009708       0x90 ./simplicity_sdk_2024.6.0/util/third_party/lwip/lwip/src/core/tcp_out.o
                0x08009708                tcp_rexmit
 .text.tcp_rexmit_fast
                0x08009798       0x68 ./simplicity_sdk_2024.6.0/util/third_party/lwip/lwip/src/core/tcp_out.o
                0x08009798                tcp_rexmit_fast
 .text.tcp_rst  0x08009800       0x98 ./simplicity_sdk_2024.6.0/util/third_party/lwip/lwip/src/core/tcp_out.o
                0x08009800                tcp_rst
 .text.tcp_send_empty_ack
                0x08009898       0x64 ./simplicity_sdk_2024.6.0/util/third_party/lwip/lwip/src/core/tcp_out.o
                0x08009898                tcp_send_empty_ack
 .text.tcp_output
                0x080098fc      0x360 ./simplicity_sdk_2024.6.0/util/third_party/lwip/lwip/src/core/tcp_out.o
                0x080098fc                tcp_output
 .text.tcp_rexmit_rto_commit
                0x08009c5c       0x38 ./simplicity_sdk_2024.6.0/util/third_party/lwip/lwip/src/core/tcp_out.o
                0x08009c5c                tcp_rexmit_rto_commit
 .text.tcp_rexmit_rto
                0x08009c94       0x34 ./simplicity_sdk_2024.6.0/util/third_party/lwip/lwip/src/core/tcp_out.o
                0x08009c94                tcp_rexmit_rto
 .text.tcp_keepalive
                0x08009cc8       0x50 ./simplicity_sdk_2024.6.0/util/third_party/lwip/lwip/src/core/tcp_out.o
                0x08009cc8                tcp_keepalive
 .text.tcp_zero_window_probe
                0x08009d18       0xc8 ./simplicity_sdk_2024.6.0/util/third_party/lwip/lwip/src/core/tcp_out.o
                0x08009d18                tcp_zero_window_probe
 .text.sys_timeout_abs
                0x08009de0       0x64 ./simplicity_sdk_2024.6.0/util/third_party/lwip/lwip/src/core/timeouts.o
 .text.lwip_cyclic_timer
                0x08009e44       0x34 ./simplicity_sdk_2024.6.0/util/third_party/lwip/lwip/src/core/timeouts.o
 .text.sys_timeout
                0x08009e78       0x3c ./simplicity_sdk_2024.6.0/util/third_party/lwip/lwip/src/core/timeouts.o
                0x08009e78                sys_timeout
 .text.tcp_timer_needed
                0x08009eb4       0x34 ./simplicity_sdk_2024.6.0/util/third_party/lwip/lwip/src/core/timeouts.o
                0x08009eb4                tcp_timer_needed
 .text.tcpip_tcp_timer
                0x08009ee8       0x38 ./simplicity_sdk_2024.6.0/util/third_party/lwip/lwip/src/core/timeouts.o
 .text.sys_timeouts_init
                0x08009f20       0x38 ./simplicity_sdk_2024.6.0/util/third_party/lwip/lwip/src/core/timeouts.o
                0x08009f20                sys_timeouts_init
 .text.sys_untimeout
                0x08009f58       0x3c ./simplicity_sdk_2024.6.0/util/third_party/lwip/lwip/src/core/timeouts.o
                0x08009f58                sys_untimeout
 .text.sys_check_timeouts
                0x08009f94       0x44 ./simplicity_sdk_2024.6.0/util/third_party/lwip/lwip/src/core/timeouts.o
                0x08009f94                sys_check_timeouts
 .text.sys_timeouts_sleeptime
                0x08009fd8       0x24 ./simplicity_sdk_2024.6.0/util/third_party/lwip/lwip/src/core/timeouts.o
                0x08009fd8                sys_timeouts_sleeptime
 .text.udp_init