<!doctype html public "-//w3c//dtd html 4.0 transitional//en">
<html><head>
<title>Static Call Graph - [.\objects\at32f403a_freertos.axf]</title></head>
<body><HR>
<H1>Static Call Graph for image .\objects\at32f403a_freertos.axf</H1><HR>
<BR><P>#&#060CALLGRAPH&#062# ARM Linker, 5060528: Last Updated: Thu Sep 19 10:42:20 2024
<BR><P>
<H3>Maximum Stack Usage =        392 bytes + Unknown(Cycles, Untraceable Function Pointers)</H3><H3>
Call chain for Maximum Stack Depth:</H3>
prvIdleTask &rArr; freertos_task_trylist &rArr; freertos_task_tryDisplay &rArr; vTaskList &rArr; uxTaskGetSystemState &rArr; prvListTasksWithinSingleList &rArr; vTaskGetInfo &rArr; xTaskResumeAll &rArr; xTaskIncrementTick
<P>
<H3>
Mutually Recursive functions
</H3> <LI><a href="#[5e]">ACC_IRQHandler</a>&nbsp;&nbsp;&nbsp;&rArr;&nbsp;&nbsp;&nbsp;<a href="#[5e]">ACC_IRQHandler</a><BR>
</UL>
<P>
<H3>
Function Pointers
</H3><UL>
 <LI><a href="#[5e]">ACC_IRQHandler</a> from .\objects\startup_at32f435_437.o(.text) referenced from .\objects\startup_at32f435_437.o(RESET)
 <LI><a href="#[1c]">ADC1_2_3_IRQHandler</a> from .\objects\startup_at32f435_437.o(.text) referenced from .\objects\startup_at32f435_437.o(RESET)
 <LI><a href="#[4]">BusFault_Handler</a> from .\objects\at32f435_437_int.o(i.BusFault_Handler) referenced from .\objects\startup_at32f435_437.o(RESET)
 <LI><a href="#[1e]">CAN1_RX0_IRQHandler</a> from .\objects\startup_at32f435_437.o(.text) referenced from .\objects\startup_at32f435_437.o(RESET)
 <LI><a href="#[1f]">CAN1_RX1_IRQHandler</a> from .\objects\startup_at32f435_437.o(.text) referenced from .\objects\startup_at32f435_437.o(RESET)
 <LI><a href="#[20]">CAN1_SE_IRQHandler</a> from .\objects\startup_at32f435_437.o(.text) referenced from .\objects\startup_at32f435_437.o(RESET)
 <LI><a href="#[1d]">CAN1_TX_IRQHandler</a> from .\objects\startup_at32f435_437.o(.text) referenced from .\objects\startup_at32f435_437.o(RESET)
 <LI><a href="#[4a]">CAN2_RX0_IRQHandler</a> from .\objects\startup_at32f435_437.o(.text) referenced from .\objects\startup_at32f435_437.o(RESET)
 <LI><a href="#[4b]">CAN2_RX1_IRQHandler</a> from .\objects\startup_at32f435_437.o(.text) referenced from .\objects\startup_at32f435_437.o(RESET)
 <LI><a href="#[4c]">CAN2_SE_IRQHandler</a> from .\objects\startup_at32f435_437.o(.text) referenced from .\objects\startup_at32f435_437.o(RESET)
 <LI><a href="#[49]">CAN2_TX_IRQHandler</a> from .\objects\startup_at32f435_437.o(.text) referenced from .\objects\startup_at32f435_437.o(RESET)
 <LI><a href="#[f]">CRM_IRQHandler</a> from .\objects\startup_at32f435_437.o(.text) referenced from .\objects\startup_at32f435_437.o(RESET)
 <LI><a href="#[42]">DMA1_Channel1_IRQHandler</a> from .\objects\startup_at32f435_437.o(.text) referenced from .\objects\startup_at32f435_437.o(RESET)
 <LI><a href="#[43]">DMA1_Channel2_IRQHandler</a> from .\objects\startup_at32f435_437.o(.text) referenced from .\objects\startup_at32f435_437.o(RESET)
 <LI><a href="#[44]">DMA1_Channel3_IRQHandler</a> from .\objects\startup_at32f435_437.o(.text) referenced from .\objects\startup_at32f435_437.o(RESET)
 <LI><a href="#[45]">DMA1_Channel4_IRQHandler</a> from .\objects\startup_at32f435_437.o(.text) referenced from .\objects\startup_at32f435_437.o(RESET)
 <LI><a href="#[46]">DMA1_Channel5_IRQHandler</a> from .\objects\startup_at32f435_437.o(.text) referenced from .\objects\startup_at32f435_437.o(RESET)
 <LI><a href="#[4e]">DMA1_Channel6_IRQHandler</a> from .\objects\startup_at32f435_437.o(.text) referenced from .\objects\startup_at32f435_437.o(RESET)
 <LI><a href="#[4f]">DMA1_Channel7_IRQHandler</a> from .\objects\startup_at32f435_437.o(.text) referenced from .\objects\startup_at32f435_437.o(RESET)
 <LI><a href="#[63]">DMA2_Channel1_IRQHandler</a> from .\objects\startup_at32f435_437.o(.text) referenced from .\objects\startup_at32f435_437.o(RESET)
 <LI><a href="#[64]">DMA2_Channel2_IRQHandler</a> from .\objects\startup_at32f435_437.o(.text) referenced from .\objects\startup_at32f435_437.o(RESET)
 <LI><a href="#[65]">DMA2_Channel3_IRQHandler</a> from .\objects\startup_at32f435_437.o(.text) referenced from .\objects\startup_at32f435_437.o(RESET)
 <LI><a href="#[66]">DMA2_Channel4_IRQHandler</a> from .\objects\startup_at32f435_437.o(.text) referenced from .\objects\startup_at32f435_437.o(RESET)
 <LI><a href="#[67]">DMA2_Channel5_IRQHandler</a> from .\objects\startup_at32f435_437.o(.text) referenced from .\objects\startup_at32f435_437.o(RESET)
 <LI><a href="#[68]">DMA2_Channel6_IRQHandler</a> from .\objects\startup_at32f435_437.o(.text) referenced from .\objects\startup_at32f435_437.o(RESET)
 <LI><a href="#[69]">DMA2_Channel7_IRQHandler</a> from .\objects\startup_at32f435_437.o(.text) referenced from .\objects\startup_at32f435_437.o(RESET)
 <LI><a href="#[5c]">DMAMUX_IRQHandler</a> from .\objects\startup_at32f435_437.o(.text) referenced from .\objects\startup_at32f435_437.o(RESET)
 <LI><a href="#[55]">DVP_IRQHandler</a> from .\objects\startup_at32f435_437.o(.text) referenced from .\objects\startup_at32f435_437.o(RESET)
 <LI><a href="#[70]">DataObj_store</a> from .\objects\dm9051_cboard_data.o(i.DataObj_store) referenced from .\objects\dm9051_cboard.o(i.cboard_conf_configuration)
 <LI><a href="#[7]">DebugMon_Handler</a> from .\objects\at32f435_437_int.o(i.DebugMon_Handler) referenced from .\objects\startup_at32f435_437.o(RESET)
 <LI><a href="#[15]">EDMA_Stream1_IRQHandler</a> from .\objects\startup_at32f435_437.o(.text) referenced from .\objects\startup_at32f435_437.o(RESET)
 <LI><a href="#[16]">EDMA_Stream2_IRQHandler</a> from .\objects\startup_at32f435_437.o(.text) referenced from .\objects\startup_at32f435_437.o(RESET)
 <LI><a href="#[17]">EDMA_Stream3_IRQHandler</a> from .\objects\startup_at32f435_437.o(.text) referenced from .\objects\startup_at32f435_437.o(RESET)
 <LI><a href="#[18]">EDMA_Stream4_IRQHandler</a> from .\objects\startup_at32f435_437.o(.text) referenced from .\objects\startup_at32f435_437.o(RESET)
 <LI><a href="#[19]">EDMA_Stream5_IRQHandler</a> from .\objects\startup_at32f435_437.o(.text) referenced from .\objects\startup_at32f435_437.o(RESET)
 <LI><a href="#[1a]">EDMA_Stream6_IRQHandler</a> from .\objects\startup_at32f435_437.o(.text) referenced from .\objects\startup_at32f435_437.o(RESET)
 <LI><a href="#[1b]">EDMA_Stream7_IRQHandler</a> from .\objects\startup_at32f435_437.o(.text) referenced from .\objects\startup_at32f435_437.o(RESET)
 <LI><a href="#[39]">EDMA_Stream8_IRQHandler</a> from .\objects\startup_at32f435_437.o(.text) referenced from .\objects\startup_at32f435_437.o(RESET)
 <LI><a href="#[47]">EMAC_IRQHandler</a> from .\objects\startup_at32f435_437.o(.text) referenced from .\objects\startup_at32f435_437.o(RESET)
 <LI><a href="#[48]">EMAC_WKUP_IRQHandler</a> from .\objects\startup_at32f435_437.o(.text) referenced from .\objects\startup_at32f435_437.o(RESET)
 <LI><a href="#[33]">ERTCAlarm_IRQHandler</a> from .\objects\startup_at32f435_437.o(.text) referenced from .\objects\startup_at32f435_437.o(RESET)
 <LI><a href="#[d]">ERTC_WKUP_IRQHandler</a> from .\objects\startup_at32f435_437.o(.text) referenced from .\objects\startup_at32f435_437.o(RESET)
 <LI><a href="#[10]">EXINT0_IRQHandler</a> from .\objects\startup_at32f435_437.o(.text) referenced from .\objects\startup_at32f435_437.o(RESET)
 <LI><a href="#[32]">EXINT15_10_IRQHandler</a> from .\objects\startup_at32f435_437.o(.text) referenced from .\objects\startup_at32f435_437.o(RESET)
 <LI><a href="#[11]">EXINT1_IRQHandler</a> from .\objects\startup_at32f435_437.o(.text) referenced from .\objects\startup_at32f435_437.o(RESET)
 <LI><a href="#[12]">EXINT2_IRQHandler</a> from .\objects\startup_at32f435_437.o(.text) referenced from .\objects\startup_at32f435_437.o(RESET)
 <LI><a href="#[13]">EXINT3_IRQHandler</a> from .\objects\startup_at32f435_437.o(.text) referenced from .\objects\startup_at32f435_437.o(RESET)
 <LI><a href="#[14]">EXINT4_IRQHandler</a> from .\objects\startup_at32f435_437.o(.text) referenced from .\objects\startup_at32f435_437.o(RESET)
 <LI><a href="#[21]">EXINT9_5_IRQHandler</a> from .\objects\at32f435_437_int.o(i.EXINT9_5_IRQHandler) referenced from .\objects\startup_at32f435_437.o(RESET)
 <LI><a href="#[e]">FLASH_IRQHandler</a> from .\objects\startup_at32f435_437.o(.text) referenced from .\objects\startup_at32f435_437.o(RESET)
 <LI><a href="#[56]">FPU_IRQHandler</a> from .\objects\startup_at32f435_437.o(.text) referenced from .\objects\startup_at32f435_437.o(RESET)
 <LI><a href="#[2]">HardFault_Handler</a> from .\objects\at32f435_437_int.o(i.HardFault_Handler) referenced from .\objects\startup_at32f435_437.o(RESET)
 <LI><a href="#[2a]">I2C1_ERR_IRQHandler</a> from .\objects\startup_at32f435_437.o(.text) referenced from .\objects\startup_at32f435_437.o(RESET)
 <LI><a href="#[29]">I2C1_EVT_IRQHandler</a> from .\objects\startup_at32f435_437.o(.text) referenced from .\objects\startup_at32f435_437.o(RESET)
 <LI><a href="#[2c]">I2C2_ERR_IRQHandler</a> from .\objects\startup_at32f435_437.o(.text) referenced from .\objects\startup_at32f435_437.o(RESET)
 <LI><a href="#[2b]">I2C2_EVT_IRQHandler</a> from .\objects\startup_at32f435_437.o(.text) referenced from .\objects\startup_at32f435_437.o(RESET)
 <LI><a href="#[52]">I2C3_ERR_IRQHandler</a> from .\objects\startup_at32f435_437.o(.text) referenced from .\objects\startup_at32f435_437.o(RESET)
 <LI><a href="#[51]">I2C3_EVT_IRQHandler</a> from .\objects\startup_at32f435_437.o(.text) referenced from .\objects\startup_at32f435_437.o(RESET)
 <LI><a href="#[3]">MemManage_Handler</a> from .\objects\at32f435_437_int.o(i.MemManage_Handler) referenced from .\objects\startup_at32f435_437.o(RESET)
 <LI><a href="#[1]">NMI_Handler</a> from .\objects\at32f435_437_int.o(i.NMI_Handler) referenced from .\objects\startup_at32f435_437.o(RESET)
 <LI><a href="#[4d]">OTGFS1_IRQHandler</a> from .\objects\startup_at32f435_437.o(.text) referenced from .\objects\startup_at32f435_437.o(RESET)
 <LI><a href="#[34]">OTGFS1_WKUP_IRQHandler</a> from .\objects\startup_at32f435_437.o(.text) referenced from .\objects\startup_at32f435_437.o(RESET)
 <LI><a href="#[54]">OTGFS2_IRQHandler</a> from .\objects\startup_at32f435_437.o(.text) referenced from .\objects\startup_at32f435_437.o(RESET)
 <LI><a href="#[53]">OTGFS2_WKUP_IRQHandler</a> from .\objects\startup_at32f435_437.o(.text) referenced from .\objects\startup_at32f435_437.o(RESET)
 <LI><a href="#[b]">PVM_IRQHandler</a> from .\objects\startup_at32f435_437.o(.text) referenced from .\objects\startup_at32f435_437.o(RESET)
 <LI><a href="#[8]">PendSV_Handler</a> from .\objects\include_port.o(.emb_text) referenced from .\objects\startup_at32f435_437.o(RESET)
 <LI><a href="#[5b]">QSPI1_IRQHandler</a> from .\objects\startup_at32f435_437.o(.text) referenced from .\objects\startup_at32f435_437.o(RESET)
 <LI><a href="#[5a]">QSPI2_IRQHandler</a> from .\objects\startup_at32f435_437.o(.text) referenced from .\objects\startup_at32f435_437.o(RESET)
 <LI><a href="#[0]">Reset_Handler</a> from .\objects\startup_at32f435_437.o(.text) referenced from .\objects\startup_at32f435_437.o(RESET)
 <LI><a href="#[3b]">SDIO1_IRQHandler</a> from .\objects\startup_at32f435_437.o(.text) referenced from .\objects\startup_at32f435_437.o(RESET)
 <LI><a href="#[5d]">SDIO2_IRQHandler</a> from .\objects\startup_at32f435_437.o(.text) referenced from .\objects\startup_at32f435_437.o(RESET)
 <LI><a href="#[2d]">SPI1_IRQHandler</a> from .\objects\startup_at32f435_437.o(.text) referenced from .\objects\startup_at32f435_437.o(RESET)
 <LI><a href="#[2e]">SPI2_I2S2EXT_IRQHandler</a> from .\objects\startup_at32f435_437.o(.text) referenced from .\objects\startup_at32f435_437.o(RESET)
 <LI><a href="#[3d]">SPI3_I2S3EXT_IRQHandler</a> from .\objects\startup_at32f435_437.o(.text) referenced from .\objects\startup_at32f435_437.o(RESET)
 <LI><a href="#[59]">SPI4_IRQHandler</a> from .\objects\startup_at32f435_437.o(.text) referenced from .\objects\startup_at32f435_437.o(RESET)
 <LI><a href="#[6]">SVC_Handler</a> from .\objects\include_port.o(.emb_text) referenced from .\objects\startup_at32f435_437.o(RESET)
 <LI><a href="#[9]">SysTick_Handler</a> from .\objects\include_port.o(i.SysTick_Handler) referenced from .\objects\startup_at32f435_437.o(RESET)
 <LI><a href="#[6b]">SystemInit</a> from .\objects\system_at32f435_437.o(i.SystemInit) referenced from .\objects\startup_at32f435_437.o(.text)
 <LI><a href="#[c]">TAMP_STAMP_IRQHandler</a> from .\objects\startup_at32f435_437.o(.text) referenced from .\objects\startup_at32f435_437.o(RESET)
 <LI><a href="#[22]">TMR1_BRK_TMR9_IRQHandler</a> from .\objects\startup_at32f435_437.o(.text) referenced from .\objects\startup_at32f435_437.o(RESET)
 <LI><a href="#[25]">TMR1_CH_IRQHandler</a> from .\objects\startup_at32f435_437.o(.text) referenced from .\objects\startup_at32f435_437.o(RESET)
 <LI><a href="#[23]">TMR1_OVF_TMR10_IRQHandler</a> from .\objects\startup_at32f435_437.o(.text) referenced from .\objects\startup_at32f435_437.o(RESET)
 <LI><a href="#[24]">TMR1_TRG_HALL_TMR11_IRQHandler</a> from .\objects\startup_at32f435_437.o(.text) referenced from .\objects\startup_at32f435_437.o(RESET)
 <LI><a href="#[5f]">TMR20_BRK_IRQHandler</a> from .\objects\startup_at32f435_437.o(.text) referenced from .\objects\startup_at32f435_437.o(RESET)
 <LI><a href="#[62]">TMR20_CH_IRQHandler</a> from .\objects\startup_at32f435_437.o(.text) referenced from .\objects\startup_at32f435_437.o(RESET)
 <LI><a href="#[60]">TMR20_OVF_IRQHandler</a> from .\objects\startup_at32f435_437.o(.text) referenced from .\objects\startup_at32f435_437.o(RESET)
 <LI><a href="#[61]">TMR20_TRG_HALL_IRQHandler</a> from .\objects\startup_at32f435_437.o(.text) referenced from .\objects\startup_at32f435_437.o(RESET)
 <LI><a href="#[26]">TMR2_GLOBAL_IRQHandler</a> from .\objects\startup_at32f435_437.o(.text) referenced from .\objects\startup_at32f435_437.o(RESET)
 <LI><a href="#[27]">TMR3_GLOBAL_IRQHandler</a> from .\objects\startup_at32f435_437.o(.text) referenced from .\objects\startup_at32f435_437.o(RESET)
 <LI><a href="#[28]">TMR4_GLOBAL_IRQHandler</a> from .\objects\startup_at32f435_437.o(.text) referenced from .\objects\startup_at32f435_437.o(RESET)
 <LI><a href="#[3c]">TMR5_GLOBAL_IRQHandler</a> from .\objects\startup_at32f435_437.o(.text) referenced from .\objects\startup_at32f435_437.o(RESET)
 <LI><a href="#[40]">TMR6_DAC_GLOBAL_IRQHandler</a> from .\objects\startup_at32f435_437.o(.text) referenced from .\objects\startup_at32f435_437.o(RESET)
 <LI><a href="#[41]">TMR7_GLOBAL_IRQHandler</a> from .\objects\startup_at32f435_437.o(.text) referenced from .\objects\startup_at32f435_437.o(RESET)
 <LI><a href="#[35]">TMR8_BRK_TMR12_IRQHandler</a> from .\objects\startup_at32f435_437.o(.text) referenced from .\objects\startup_at32f435_437.o(RESET)
 <LI><a href="#[38]">TMR8_CH_IRQHandler</a> from .\objects\startup_at32f435_437.o(.text) referenced from .\objects\startup_at32f435_437.o(RESET)
 <LI><a href="#[36]">TMR8_OVF_TMR13_IRQHandler</a> from .\objects\startup_at32f435_437.o(.text) referenced from .\objects\startup_at32f435_437.o(RESET)
 <LI><a href="#[37]">TMR8_TRG_HALL_TMR14_IRQHandler</a> from .\objects\startup_at32f435_437.o(.text) referenced from .\objects\startup_at32f435_437.o(RESET)
 <LI><a href="#[3e]">UART4_IRQHandler</a> from .\objects\startup_at32f435_437.o(.text) referenced from .\objects\startup_at32f435_437.o(RESET)
 <LI><a href="#[3f]">UART5_IRQHandler</a> from .\objects\startup_at32f435_437.o(.text) referenced from .\objects\startup_at32f435_437.o(RESET)
 <LI><a href="#[57]">UART7_IRQHandler</a> from .\objects\startup_at32f435_437.o(.text) referenced from .\objects\startup_at32f435_437.o(RESET)
 <LI><a href="#[58]">UART8_IRQHandler</a> from .\objects\startup_at32f435_437.o(.text) referenced from .\objects\startup_at32f435_437.o(RESET)
 <LI><a href="#[2f]">USART1_IRQHandler</a> from .\objects\startup_at32f435_437.o(.text) referenced from .\objects\startup_at32f435_437.o(RESET)
 <LI><a href="#[30]">USART2_IRQHandler</a> from .\objects\startup_at32f435_437.o(.text) referenced from .\objects\startup_at32f435_437.o(RESET)
 <LI><a href="#[31]">USART3_IRQHandler</a> from .\objects\startup_at32f435_437.o(.text) referenced from .\objects\startup_at32f435_437.o(RESET)
 <LI><a href="#[50]">USART6_IRQHandler</a> from .\objects\startup_at32f435_437.o(.text) referenced from .\objects\startup_at32f435_437.o(RESET)
 <LI><a href="#[5]">UsageFault_Handler</a> from .\objects\at32f435_437_int.o(i.UsageFault_Handler) referenced from .\objects\startup_at32f435_437.o(RESET)
 <LI><a href="#[a]">WWDT_IRQHandler</a> from .\objects\startup_at32f435_437.o(.text) referenced from .\objects\startup_at32f435_437.o(RESET)
 <LI><a href="#[3a]">XMC_IRQHandler</a> from .\objects\startup_at32f435_437.o(.text) referenced from .\objects\startup_at32f435_437.o(RESET)
 <LI><a href="#[6c]">__main</a> from C:\Keil_v5\ARM\ARMCC\Bin\..\lib\armlib\mc_w.l(entry.o)(.ARM.Collect$$$$00000000) referenced from .\objects\startup_at32f435_437.o(.text)
 <LI><a href="#[6e]">_snputc</a> from C:\Keil_v5\ARM\ARMCC\Bin\..\lib\armlib\mc_w.l(printf8.o)(i._snputc) referenced from C:\Keil_v5\ARM\ARMCC\Bin\..\lib\armlib\mc_w.l(printf8.o)(i.__0snprintf$8)
 <LI><a href="#[6f]">_sputc</a> from C:\Keil_v5\ARM\ARMCC\Bin\..\lib\armlib\mc_w.l(printf8.o)(i._sputc) referenced from C:\Keil_v5\ARM\ARMCC\Bin\..\lib\armlib\mc_w.l(printf8.o)(i.__0sprintf$8)
 <LI><a href="#[6d]">fputc</a> from .\objects\at32f435_437_board.o(i.fputc) referenced from C:\Keil_v5\ARM\ARMCC\Bin\..\lib\armlib\mc_w.l(printfa.o)(i.__0printf)
 <LI><a href="#[6d]">fputc</a> from .\objects\at32f435_437_board.o(i.fputc) referenced from C:\Keil_v5\ARM\ARMCC\Bin\..\lib\armlib\mc_w.l(printf8.o)(i.__0printf$8)
 <LI><a href="#[75]">generate_part_of_file</a> from .\objects\httpd.o(i.generate_part_of_file) referenced from .\objects\httpd.o(i.send_file)
 <LI><a href="#[76]">generate_sys_stats</a> from .\objects\httpd-cgi.o(i.generate_sys_stats) referenced from .\objects\httpd-cgi.o(i.sys_stats)
 <LI><a href="#[71]">interface_all_add</a> from .\objects\dm9051_cboard.o(i.interface_all_add) referenced from .\objects\dm9051_cboard.o(i.cboard_conf_configuration)
 <LI><a href="#[6a]">main</a> from .\objects\main.o(i.main) referenced from C:\Keil_v5\ARM\ARMCC\Bin\..\lib\armlib\mc_w.l(entry9a.o)(.ARM.Collect$$$$0000000B)
 <LI><a href="#[72]">network_task</a> from .\objects\main.o(i.network_task) referenced from .\objects\main.o(i.create_network_task)
 <LI><a href="#[73]">nullfunction</a> from .\objects\httpd-cgi.o(i.nullfunction) referenced from .\objects\httpd-cgi.o(i.httpd_cgi)
 <LI><a href="#[77]">prvIdleTask</a> from .\objects\tasks.o(i.prvIdleTask) referenced from .\objects\tasks.o(i.vTaskStartScheduler)
 <LI><a href="#[74]">prvTaskExitError</a> from .\objects\include_port.o(i.prvTaskExitError) referenced from .\objects\include_port.o(i.pxPortInitialiseStack)
 <LI><a href="#[78]">sys_stats</a> from .\objects\httpd-cgi.o(i.sys_stats) referenced from .\objects\httpd-cgi.o(.constdata)
 <LI><a href="#[79]">uvTaskDelay</a> from .\objects\dm9051_lw_data.o(i.uvTaskDelay) referenced from .\objects\dm9051_lw_data.o(.constdata)
 <LI><a href="#[7a]">vTaskDelay</a> from .\objects\tasks.o(i.vTaskDelay) referenced from .\objects\dm9051_lw_data.o(.constdata)
</UL>
<P>
<H3>
Global Symbols
</H3>
<P><STRONG><a name="[6c]"></a>__main</STRONG> (Thumb, 0 bytes, Stack size unknown bytes, C:\Keil_v5\ARM\ARMCC\Bin\..\lib\armlib\mc_w.l(entry.o)(.ARM.Collect$$$$00000000))
<BR>[Address Reference Count : 1]<UL><LI> startup_at32f435_437.o(.text)
</UL>
<P><STRONG><a name="[1c8]"></a>_main_stk</STRONG> (Thumb, 0 bytes, Stack size unknown bytes, C:\Keil_v5\ARM\ARMCC\Bin\..\lib\armlib\mc_w.l(entry2.o)(.ARM.Collect$$$$00000001))

<P><STRONG><a name="[7b]"></a>_main_scatterload</STRONG> (Thumb, 0 bytes, Stack size unknown bytes, C:\Keil_v5\ARM\ARMCC\Bin\..\lib\armlib\mc_w.l(entry5.o)(.ARM.Collect$$$$00000004))
<BR><BR>[Calls]<UL><LI><a href="#[7c]">&gt;&gt;</a>&nbsp;&nbsp;&nbsp;__scatterload
</UL>

<P><STRONG><a name="[8d]"></a>__main_after_scatterload</STRONG> (Thumb, 0 bytes, Stack size unknown bytes, C:\Keil_v5\ARM\ARMCC\Bin\..\lib\armlib\mc_w.l(entry5.o)(.ARM.Collect$$$$00000004))
<BR><BR>[Called By]<UL><LI><a href="#[7c]">&gt;&gt;</a>&nbsp;&nbsp;&nbsp;__scatterload
</UL>

<P><STRONG><a name="[1c9]"></a>_main_clock</STRONG> (Thumb, 0 bytes, Stack size unknown bytes, C:\Keil_v5\ARM\ARMCC\Bin\..\lib\armlib\mc_w.l(entry7b.o)(.ARM.Collect$$$$00000008))

<P><STRONG><a name="[1ca]"></a>_main_cpp_init</STRONG> (Thumb, 0 bytes, Stack size unknown bytes, C:\Keil_v5\ARM\ARMCC\Bin\..\lib\armlib\mc_w.l(entry8b.o)(.ARM.Collect$$$$0000000A))

<P><STRONG><a name="[1cb]"></a>_main_init</STRONG> (Thumb, 0 bytes, Stack size unknown bytes, C:\Keil_v5\ARM\ARMCC\Bin\..\lib\armlib\mc_w.l(entry9a.o)(.ARM.Collect$$$$0000000B))

<P><STRONG><a name="[1cc]"></a>__rt_final_cpp</STRONG> (Thumb, 0 bytes, Stack size unknown bytes, C:\Keil_v5\ARM\ARMCC\Bin\..\lib\armlib\mc_w.l(entry10a.o)(.ARM.Collect$$$$0000000D))

<P><STRONG><a name="[1cd]"></a>__rt_final_exit</STRONG> (Thumb, 0 bytes, Stack size unknown bytes, C:\Keil_v5\ARM\ARMCC\Bin\..\lib\armlib\mc_w.l(entry11a.o)(.ARM.Collect$$$$0000000F))

<P><STRONG><a name="[6]"></a>SVC_Handler</STRONG> (Thumb, 28 bytes, Stack size 0 bytes, .\objects\include_port.o(.emb_text))
<BR>[Address Reference Count : 1]<UL><LI> startup_at32f435_437.o(RESET)
</UL>
<P><STRONG><a name="[1c0]"></a>__asm___14_include_port_c_39a90d8d__prvStartFirstTask</STRONG> (Thumb, 36 bytes, Stack size 0 bytes, .\objects\include_port.o(.emb_text))
<BR><BR>[Called By]<UL><LI><a href="#[1b8]">&gt;&gt;</a>&nbsp;&nbsp;&nbsp;xPortStartScheduler
</UL>

<P><STRONG><a name="[1bf]"></a>__asm___14_include_port_c_39a90d8d__prvEnableVFP</STRONG> (Thumb, 16 bytes, Stack size 0 bytes, .\objects\include_port.o(.emb_text))
<BR><BR>[Called By]<UL><LI><a href="#[1b8]">&gt;&gt;</a>&nbsp;&nbsp;&nbsp;xPortStartScheduler
</UL>

<P><STRONG><a name="[8]"></a>PendSV_Handler</STRONG> (Thumb, 88 bytes, Stack size 0 bytes, .\objects\include_port.o(.emb_text))
<BR><BR>[Calls]<UL><LI><a href="#[7d]">&gt;&gt;</a>&nbsp;&nbsp;&nbsp;vTaskSwitchContext
</UL>
<BR>[Address Reference Count : 1]<UL><LI> startup_at32f435_437.o(RESET)
</UL>
<P><STRONG><a name="[1b4]"></a>vPortGetIPSR</STRONG> (Thumb, 6 bytes, Stack size 0 bytes, .\objects\include_port.o(.emb_text))
<BR><BR>[Called By]<UL><LI><a href="#[1b3]">&gt;&gt;</a>&nbsp;&nbsp;&nbsp;vPortValidateInterruptPriority
</UL>

<P><STRONG><a name="[0]"></a>Reset_Handler</STRONG> (Thumb, 8 bytes, Stack size 0 bytes, .\objects\startup_at32f435_437.o(.text))
<BR>[Address Reference Count : 1]<UL><LI> startup_at32f435_437.o(RESET)
</UL>
<P><STRONG><a name="[5e]"></a>ACC_IRQHandler</STRONG> (Thumb, 0 bytes, Stack size 0 bytes, .\objects\startup_at32f435_437.o(.text))
<BR><BR>[Calls]<UL><LI><a href="#[5e]">&gt;&gt;</a>&nbsp;&nbsp;&nbsp;ACC_IRQHandler
</UL>
<BR>[Called By]<UL><LI><a href="#[5e]">&gt;&gt;</a>&nbsp;&nbsp;&nbsp;ACC_IRQHandler
</UL>
<BR>[Address Reference Count : 1]<UL><LI> startup_at32f435_437.o(RESET)
</UL>
<P><STRONG><a name="[1c]"></a>ADC1_2_3_IRQHandler</STRONG> (Thumb, 0 bytes, Stack size 0 bytes, .\objects\startup_at32f435_437.o(.text))
<BR>[Address Reference Count : 1]<UL><LI> startup_at32f435_437.o(RESET)
</UL>
<P><STRONG><a name="[1e]"></a>CAN1_RX0_IRQHandler</STRONG> (Thumb, 0 bytes, Stack size 0 bytes, .\objects\startup_at32f435_437.o(.text))
<BR>[Address Reference Count : 1]<UL><LI> startup_at32f435_437.o(RESET)
</UL>
<P><STRONG><a name="[1f]"></a>CAN1_RX1_IRQHandler</STRONG> (Thumb, 0 bytes, Stack size 0 bytes, .\objects\startup_at32f435_437.o(.text))
<BR>[Address Reference Count : 1]<UL><LI> startup_at32f435_437.o(RESET)
</UL>
<P><STRONG><a name="[20]"></a>CAN1_SE_IRQHandler</STRONG> (Thumb, 0 bytes, Stack size 0 bytes, .\objects\startup_at32f435_437.o(.text))
<BR>[Address Reference Count : 1]<UL><LI> startup_at32f435_437.o(RESET)
</UL>
<P><STRONG><a name="[1d]"></a>CAN1_TX_IRQHandler</STRONG> (Thumb, 0 bytes, Stack size 0 bytes, .\objects\startup_at32f435_437.o(.text))
<BR>[Address Reference Count : 1]<UL><LI> startup_at32f435_437.o(RESET)
</UL>
<P><STRONG><a name="[4a]"></a>CAN2_RX0_IRQHandler</STRONG> (Thumb, 0 bytes, Stack size 0 bytes, .\objects\startup_at32f435_437.o(.text))
<BR>[Address Reference Count : 1]<UL><LI> startup_at32f435_437.o(RESET)
</UL>
<P><STRONG><a name="[4b]"></a>CAN2_RX1_IRQHandler</STRONG> (Thumb, 0 bytes, Stack size 0 bytes, .\objects\startup_at32f435_437.o(.text))
<BR>[Address Reference Count : 1]<UL><LI> startup_at32f435_437.o(RESET)
</UL>
<P><STRONG><a name="[4c]"></a>CAN2_SE_IRQHandler</STRONG> (Thumb, 0 bytes, Stack size 0 bytes, .\objects\startup_at32f435_437.o(.text))
<BR>[Address Reference Count : 1]<UL><LI> startup_at32f435_437.o(RESET)
</UL>
<P><STRONG><a name="[49]"></a>CAN2_TX_IRQHandler</STRONG> (Thumb, 0 bytes, Stack size 0 bytes, .\objects\startup_at32f435_437.o(.text))
<BR>[Address Reference Count : 1]<UL><LI> startup_at32f435_437.o(RESET)
</UL>
<P><STRONG><a name="[f]"></a>CRM_IRQHandler</STRONG> (Thumb, 0 bytes, Stack size 0 bytes, .\objects\startup_at32f435_437.o(.text))
<BR>[Address Reference Count : 1]<UL><LI> startup_at32f435_437.o(RESET)
</UL>
<P><STRONG><a name="[42]"></a>DMA1_Channel1_IRQHandler</STRONG> (Thumb, 0 bytes, Stack size 0 bytes, .\objects\startup_at32f435_437.o(.text))
<BR>[Address Reference Count : 1]<UL><LI> startup_at32f435_437.o(RESET)
</UL>
<P><STRONG><a name="[43]"></a>DMA1_Channel2_IRQHandler</STRONG> (Thumb, 0 bytes, Stack size 0 bytes, .\objects\startup_at32f435_437.o(.text))
<BR>[Address Reference Count : 1]<UL><LI> startup_at32f435_437.o(RESET)
</UL>
<P><STRONG><a name="[44]"></a>DMA1_Channel3_IRQHandler</STRONG> (Thumb, 0 bytes, Stack size 0 bytes, .\objects\startup_at32f435_437.o(.text))
<BR>[Address Reference Count : 1]<UL><LI> startup_at32f435_437.o(RESET)
</UL>
<P><STRONG><a name="[45]"></a>DMA1_Channel4_IRQHandler</STRONG> (Thumb, 0 bytes, Stack size 0 bytes, .\objects\startup_at32f435_437.o(.text))
<BR>[Address Reference Count : 1]<UL><LI> startup_at32f435_437.o(RESET)
</UL>
<P><STRONG><a name="[46]"></a>DMA1_Channel5_IRQHandler</STRONG> (Thumb, 0 bytes, Stack size 0 bytes, .\objects\startup_at32f435_437.o(.text))
<BR>[Address Reference Count : 1]<UL><LI> startup_at32f435_437.o(RESET)
</UL>
<P><STRONG><a name="[4e]"></a>DMA1_Channel6_IRQHandler</STRONG> (Thumb, 0 bytes, Stack size 0 bytes, .\objects\startup_at32f435_437.o(.text))
<BR>[Address Reference Count : 1]<UL><LI> startup_at32f435_437.o(RESET)
</UL>
<P><STRONG><a name="[4f]"></a>DMA1_Channel7_IRQHandler</STRONG> (Thumb, 0 bytes, Stack size 0 bytes, .\objects\startup_at32f435_437.o(.text))
<BR>[Address Reference Count : 1]<UL><LI> startup_at32f435_437.o(RESET)
</UL>
<P><STRONG><a name="[63]"></a>DMA2_Channel1_IRQHandler</STRONG> (Thumb, 0 bytes, Stack size 0 bytes, .\objects\startup_at32f435_437.o(.text))
<BR>[Address Reference Count : 1]<UL><LI> startup_at32f435_437.o(RESET)
</UL>
<P><STRONG><a name="[64]"></a>DMA2_Channel2_IRQHandler</STRONG> (Thumb, 0 bytes, Stack size 0 bytes, .\objects\startup_at32f435_437.o(.text))
<BR>[Address Reference Count : 1]<UL><LI> startup_at32f435_437.o(RESET)
</UL>
<P><STRONG><a name="[65]"></a>DMA2_Channel3_IRQHandler</STRONG> (Thumb, 0 bytes, Stack size 0 bytes, .\objects\startup_at32f435_437.o(.text))
<BR>[Address Reference Count : 1]<UL><LI> startup_at32f435_437.o(RESET)
</UL>
<P><STRONG><a name="[66]"></a>DMA2_Channel4_IRQHandler</STRONG> (Thumb, 0 bytes, Stack size 0 bytes, .\objects\startup_at32f435_437.o(.text))
<BR>[Address Reference Count : 1]<UL><LI> startup_at32f435_437.o(RESET)
</UL>
<P><STRONG><a name="[67]"></a>DMA2_Channel5_IRQHandler</STRONG> (Thumb, 0 bytes, Stack size 0 bytes, .\objects\startup_at32f435_437.o(.text))
<BR>[Address Reference Count : 1]<UL><LI> startup_at32f435_437.o(RESET)
</UL>
<P><STRONG><a name="[68]"></a>DMA2_Channel6_IRQHandler</STRONG> (Thumb, 0 bytes, Stack size 0 bytes, .\objects\startup_at32f435_437.o(.text))
<BR>[Address Reference Count : 1]<UL><LI> startup_at32f435_437.o(RESET)
</UL>
<P><STRONG><a name="[69]"></a>DMA2_Channel7_IRQHandler</STRONG> (Thumb, 0 bytes, Stack size 0 bytes, .\objects\startup_at32f435_437.o(.text))
<BR>[Address Reference Count : 1]<UL><LI> startup_at32f435_437.o(RESET)
</UL>
<P><STRONG><a name="[5c]"></a>DMAMUX_IRQHandler</STRONG> (Thumb, 0 bytes, Stack size 0 bytes, .\objects\startup_at32f435_437.o(.text))
<BR>[Address Reference Count : 1]<UL><LI> startup_at32f435_437.o(RESET)
</UL>
<P><STRONG><a name="[55]"></a>DVP_IRQHandler</STRONG> (Thumb, 0 bytes, Stack size 0 bytes, .\objects\startup_at32f435_437.o(.text))
<BR>[Address Reference Count : 1]<UL><LI> startup_at32f435_437.o(RESET)
</UL>
<P><STRONG><a name="[15]"></a>EDMA_Stream1_IRQHandler</STRONG> (Thumb, 0 bytes, Stack size 0 bytes, .\objects\startup_at32f435_437.o(.text))
<BR>[Address Reference Count : 1]<UL><LI> startup_at32f435_437.o(RESET)
</UL>
<P><STRONG><a name="[16]"></a>EDMA_Stream2_IRQHandler</STRONG> (Thumb, 0 bytes, Stack size 0 bytes, .\objects\startup_at32f435_437.o(.text))
<BR>[Address Reference Count : 1]<UL><LI> startup_at32f435_437.o(RESET)
</UL>
<P><STRONG><a name="[17]"></a>EDMA_Stream3_IRQHandler</STRONG> (Thumb, 0 bytes, Stack size 0 bytes, .\objects\startup_at32f435_437.o(.text))
<BR>[Address Reference Count : 1]<UL><LI> startup_at32f435_437.o(RESET)
</UL>
<P><STRONG><a name="[18]"></a>EDMA_Stream4_IRQHandler</STRONG> (Thumb, 0 bytes, Stack size 0 bytes, .\objects\startup_at32f435_437.o(.text))
<BR>[Address Reference Count : 1]<UL><LI> startup_at32f435_437.o(RESET)
</UL>
<P><STRONG><a name="[19]"></a>EDMA_Stream5_IRQHandler</STRONG> (Thumb, 0 bytes, Stack size 0 bytes, .\objects\startup_at32f435_437.o(.text))
<BR>[Address Reference Count : 1]<UL><LI> startup_at32f435_437.o(RESET)
</UL>
<P><STRONG><a name="[1a]"></a>EDMA_Stream6_IRQHandler</STRONG> (Thumb, 0 bytes, Stack size 0 bytes, .\objects\startup_at32f435_437.o(.text))
<BR>[Address Reference Count : 1]<UL><LI> startup_at32f435_437.o(RESET)
</UL>
<P><STRONG><a name="[1b]"></a>EDMA_Stream7_IRQHandler</STRONG> (Thumb, 0 bytes, Stack size 0 bytes, .\objects\startup_at32f435_437.o(.text))
<BR>[Address Reference Count : 1]<UL><LI> startup_at32f435_437.o(RESET)
</UL>
<P><STRONG><a name="[39]"></a>EDMA_Stream8_IRQHandler</STRONG> (Thumb, 0 bytes, Stack size 0 bytes, .\objects\startup_at32f435_437.o(.text))
<BR>[Address Reference Count : 1]<UL><LI> startup_at32f435_437.o(RESET)
</UL>
<P><STRONG><a name="[47]"></a>EMAC_IRQHandler</STRONG> (Thumb, 0 bytes, Stack size 0 bytes, .\objects\startup_at32f435_437.o(.text))
<BR>[Address Reference Count : 1]<UL><LI> startup_at32f435_437.o(RESET)
</UL>
<P><STRONG><a name="[48]"></a>EMAC_WKUP_IRQHandler</STRONG> (Thumb, 0 bytes, Stack size 0 bytes, .\objects\startup_at32f435_437.o(.text))
<BR>[Address Reference Count : 1]<UL><LI> startup_at32f435_437.o(RESET)
</UL>
<P><STRONG><a name="[33]"></a>ERTCAlarm_IRQHandler</STRONG> (Thumb, 0 bytes, Stack size 0 bytes, .\objects\startup_at32f435_437.o(.text))
<BR>[Address Reference Count : 1]<UL><LI> startup_at32f435_437.o(RESET)
</UL>
<P><STRONG><a name="[d]"></a>ERTC_WKUP_IRQHandler</STRONG> (Thumb, 0 bytes, Stack size 0 bytes, .\objects\startup_at32f435_437.o(.text))
<BR>[Address Reference Count : 1]<UL><LI> startup_at32f435_437.o(RESET)
</UL>
<P><STRONG><a name="[10]"></a>EXINT0_IRQHandler</STRONG> (Thumb, 0 bytes, Stack size 0 bytes, .\objects\startup_at32f435_437.o(.text))
<BR>[Address Reference Count : 1]<UL><LI> startup_at32f435_437.o(RESET)
</UL>
<P><STRONG><a name="[32]"></a>EXINT15_10_IRQHandler</STRONG> (Thumb, 0 bytes, Stack size 0 bytes, .\objects\startup_at32f435_437.o(.text))
<BR>[Address Reference Count : 1]<UL><LI> startup_at32f435_437.o(RESET)
</UL>
<P><STRONG><a name="[11]"></a>EXINT1_IRQHandler</STRONG> (Thumb, 0 bytes, Stack size 0 bytes, .\objects\startup_at32f435_437.o(.text))
<BR>[Address Reference Count : 1]<UL><LI> startup_at32f435_437.o(RESET)
</UL>
<P><STRONG><a name="[12]"></a>EXINT2_IRQHandler</STRONG> (Thumb, 0 bytes, Stack size 0 bytes, .\objects\startup_at32f435_437.o(.text))
<BR>[Address Reference Count : 1]<UL><LI> startup_at32f435_437.o(RESET)
</UL>
<P><STRONG><a name="[13]"></a>EXINT3_IRQHandler</STRONG> (Thumb, 0 bytes, Stack size 0 bytes, .\objects\startup_at32f435_437.o(.text))
<BR>[Address Reference Count : 1]<UL><LI> startup_at32f435_437.o(RESET)
</UL>
<P><STRONG><a name="[14]"></a>EXINT4_IRQHandler</STRONG> (Thumb, 0 bytes, Stack size 0 bytes, .\objects\startup_at32f435_437.o(.text))
<BR>[Address Reference Count : 1]<UL><LI> startup_at32f435_437.o(RESET)
</UL>
<P><STRONG><a name="[e]"></a>FLASH_IRQHandler</STRONG> (Thumb, 0 bytes, Stack size 0 bytes, .\objects\startup_at32f435_437.o(.text))
<BR>[Address Reference Count : 1]<UL><LI> startup_at32f435_437.o(RESET)
</UL>
<P><STRONG><a name="[56]"></a>FPU_IRQHandler</STRONG> (Thumb, 0 bytes, Stack size 0 bytes, .\objects\startup_at32f435_437.o(.text))
<BR>[Address Reference Count : 1]<UL><LI> startup_at32f435_437.o(RESET)
</UL>
<P><STRONG><a name="[2a]"></a>I2C1_ERR_IRQHandler</STRONG> (Thumb, 0 bytes, Stack size 0 bytes, .\objects\startup_at32f435_437.o(.text))
<BR>[Address Reference Count : 1]<UL><LI> startup_at32f435_437.o(RESET)
</UL>
<P><STRONG><a name="[29]"></a>I2C1_EVT_IRQHandler</STRONG> (Thumb, 0 bytes, Stack size 0 bytes, .\objects\startup_at32f435_437.o(.text))
<BR>[Address Reference Count : 1]<UL><LI> startup_at32f435_437.o(RESET)
</UL>
<P><STRONG><a name="[2c]"></a>I2C2_ERR_IRQHandler</STRONG> (Thumb, 0 bytes, Stack size 0 bytes, .\objects\startup_at32f435_437.o(.text))
<BR>[Address Reference Count : 1]<UL><LI> startup_at32f435_437.o(RESET)
</UL>
<P><STRONG><a name="[2b]"></a>I2C2_EVT_IRQHandler</STRONG> (Thumb, 0 bytes, Stack size 0 bytes, .\objects\startup_at32f435_437.o(.text))
<BR>[Address Reference Count : 1]<UL><LI> startup_at32f435_437.o(RESET)
</UL>
<P><STRONG><a name="[52]"></a>I2C3_ERR_IRQHandler</STRONG> (Thumb, 0 bytes, Stack size 0 bytes, .\objects\startup_at32f435_437.o(.text))
<BR>[Address Reference Count : 1]<UL><LI> startup_at32f435_437.o(RESET)
</UL>
<P><STRONG><a name="[51]"></a>I2C3_EVT_IRQHandler</STRONG> (Thumb, 0 bytes, Stack size 0 bytes, .\objects\startup_at32f435_437.o(.text))
<BR>[Address Reference Count : 1]<UL><LI> startup_at32f435_437.o(RESET)
</UL>
<P><STRONG><a name="[4d]"></a>OTGFS1_IRQHandler</STRONG> (Thumb, 0 bytes, Stack size 0 bytes, .\objects\startup_at32f435_437.o(.text))
<BR>[Address Reference Count : 1]<UL><LI> startup_at32f435_437.o(RESET)
</UL>
<P><STRONG><a name="[34]"></a>OTGFS1_WKUP_IRQHandler</STRONG> (Thumb, 0 bytes, Stack size 0 bytes, .\objects\startup_at32f435_437.o(.text))
<BR>[Address Reference Count : 1]<UL><LI> startup_at32f435_437.o(RESET)
</UL>
<P><STRONG><a name="[54]"></a>OTGFS2_IRQHandler</STRONG> (Thumb, 0 bytes, Stack size 0 bytes, .\objects\startup_at32f435_437.o(.text))
<BR>[Address Reference Count : 1]<UL><LI> startup_at32f435_437.o(RESET)
</UL>
<P><STRONG><a name="[53]"></a>OTGFS2_WKUP_IRQHandler</STRONG> (Thumb, 0 bytes, Stack size 0 bytes, .\objects\startup_at32f435_437.o(.text))
<BR>[Address Reference Count : 1]<UL><LI> startup_at32f435_437.o(RESET)
</UL>
<P><STRONG><a name="[b]"></a>PVM_IRQHandler</STRONG> (Thumb, 0 bytes, Stack size 0 bytes, .\objects\startup_at32f435_437.o(.text))
<BR>[Address Reference Count : 1]<UL><LI> startup_at32f435_437.o(RESET)
</UL>
<P><STRONG><a name="[5b]"></a>QSPI1_IRQHandler</STRONG> (Thumb, 0 bytes, Stack size 0 bytes, .\objects\startup_at32f435_437.o(.text))
<BR>[Address Reference Count : 1]<UL><LI> startup_at32f435_437.o(RESET)
</UL>
<P><STRONG><a name="[5a]"></a>QSPI2_IRQHandler</STRONG> (Thumb, 0 bytes, Stack size 0 bytes, .\objects\startup_at32f435_437.o(.text))
<BR>[Address Reference Count : 1]<UL><LI> startup_at32f435_437.o(RESET)
</UL>
<P><STRONG><a name="[3b]"></a>SDIO1_IRQHandler</STRONG> (Thumb, 0 bytes, Stack size 0 bytes, .\objects\startup_at32f435_437.o(.text))
<BR>[Address Reference Count : 1]<UL><LI> startup_at32f435_437.o(RESET)
</UL>
<P><STRONG><a name="[5d]"></a>SDIO2_IRQHandler</STRONG> (Thumb, 0 bytes, Stack size 0 bytes, .\objects\startup_at32f435_437.o(.text))
<BR>[Address Reference Count : 1]<UL><LI> startup_at32f435_437.o(RESET)
</UL>
<P><STRONG><a name="[2d]"></a>SPI1_IRQHandler</STRONG> (Thumb, 0 bytes, Stack size 0 bytes, .\objects\startup_at32f435_437.o(.text))
<BR>[Address Reference Count : 1]<UL><LI> startup_at32f435_437.o(RESET)
</UL>
<P><STRONG><a name="[2e]"></a>SPI2_I2S2EXT_IRQHandler</STRONG> (Thumb, 0 bytes, Stack size 0 bytes, .\objects\startup_at32f435_437.o(.text))
<BR>[Address Reference Count : 1]<UL><LI> startup_at32f435_437.o(RESET)
</UL>
<P><STRONG><a name="[3d]"></a>SPI3_I2S3EXT_IRQHandler</STRONG> (Thumb, 0 bytes, Stack size 0 bytes, .\objects\startup_at32f435_437.o(.text))
<BR>[Address Reference Count : 1]<UL><LI> startup_at32f435_437.o(RESET)
</UL>
<P><STRONG><a name="[59]"></a>SPI4_IRQHandler</STRONG> (Thumb, 0 bytes, Stack size 0 bytes, .\objects\startup_at32f435_437.o(.text))
<BR>[Address Reference Count : 1]<UL><LI> startup_at32f435_437.o(RESET)
</UL>
<P><STRONG><a name="[c]"></a>TAMP_STAMP_IRQHandler</STRONG> (Thumb, 0 bytes, Stack size 0 bytes, .\objects\startup_at32f435_437.o(.text))
<BR>[Address Reference Count : 1]<UL><LI> startup_at32f435_437.o(RESET)
</UL>
<P><STRONG><a name="[22]"></a>TMR1_BRK_TMR9_IRQHandler</STRONG> (Thumb, 0 bytes, Stack size 0 bytes, .\objects\startup_at32f435_437.o(.text))
<BR>[Address Reference Count : 1]<UL><LI> startup_at32f435_437.o(RESET)
</UL>
<P><STRONG><a name="[25]"></a>TMR1_CH_IRQHandler</STRONG> (Thumb, 0 bytes, Stack size 0 bytes, .\objects\startup_at32f435_437.o(.text))
<BR>[Address Reference Count : 1]<UL><LI> startup_at32f435_437.o(RESET)
</UL>
<P><STRONG><a name="[23]"></a>TMR1_OVF_TMR10_IRQHandler</STRONG> (Thumb, 0 bytes, Stack size 0 bytes, .\objects\startup_at32f435_437.o(.text))
<BR>[Address Reference Count : 1]<UL><LI> startup_at32f435_437.o(RESET)
</UL>
<P><STRONG><a name="[24]"></a>TMR1_TRG_HALL_TMR11_IRQHandler</STRONG> (Thumb, 0 bytes, Stack size 0 bytes, .\objects\startup_at32f435_437.o(.text))
<BR>[Address Reference Count : 1]<UL><LI> startup_at32f435_437.o(RESET)
</UL>
<P><STRONG><a name="[5f]"></a>TMR20_BRK_IRQHandler</STRONG> (Thumb, 0 bytes, Stack size 0 bytes, .\objects\startup_at32f435_437.o(.text))
<BR>[Address Reference Count : 1]<UL><LI> startup_at32f435_437.o(RESET)
</UL>
<P><STRONG><a name="[62]"></a>TMR20_CH_IRQHandler</STRONG> (Thumb, 0 bytes, Stack size 0 bytes, .\objects\startup_at32f435_437.o(.text))
<BR>[Address Reference Count : 1]<UL><LI> startup_at32f435_437.o(RESET)
</UL>
<P><STRONG><a name="[60]"></a>TMR20_OVF_IRQHandler</STRONG> (Thumb, 0 bytes, Stack size 0 bytes, .\objects\startup_at32f435_437.o(.text))
<BR>[Address Reference Count : 1]<UL><LI> startup_at32f435_437.o(RESET)
</UL>
<P><STRONG><a name="[61]"></a>TMR20_TRG_HALL_IRQHandler</STRONG> (Thumb, 0 bytes, Stack size 0 bytes, .\objects\startup_at32f435_437.o(.text))
<BR>[Address Reference Count : 1]<UL><LI> startup_at32f435_437.o(RESET)
</UL>
<P><STRONG><a name="[26]"></a>TMR2_GLOBAL_IRQHandler</STRONG> (Thumb, 0 bytes, Stack size 0 bytes, .\objects\startup_at32f435_437.o(.text))
<BR>[Address Reference Count : 1]<UL><LI> startup_at32f435_437.o(RESET)
</UL>
<P><STRONG><a name="[27]"></a>TMR3_GLOBAL_IRQHandler</STRONG> (Thumb, 0 bytes, Stack size 0 bytes, .\objects\startup_at32f435_437.o(.text))
<BR>[Address Reference Count : 1]<UL><LI> startup_at32f435_437.o(RESET)
</UL>
<P><STRONG><a name="[28]"></a>TMR4_GLOBAL_IRQHandler</STRONG> (Thumb, 0 bytes, Stack size 0 bytes, .\objects\startup_at32f435_437.o(.text))
<BR>[Address Reference Count : 1]<UL><LI> startup_at32f435_437.o(RESET)
</UL>
<P><STRONG><a name="[3c]"></a>TMR5_GLOBAL_IRQHandler</STRONG> (Thumb, 0 bytes, Stack size 0 bytes, .\objects\startup_at32f435_437.o(.text))
<BR>[Address Reference Count : 1]<UL><LI> startup_at32f435_437.o(RESET)
</UL>
<P><STRONG><a name="[40]"></a>TMR6_DAC_GLOBAL_IRQHandler</STRONG> (Thumb, 0 bytes, Stack size 0 bytes, .\objects\startup_at32f435_437.o(.text))
<BR>[Address Reference Count : 1]<UL><LI> startup_at32f435_437.o(RESET)
</UL>
<P><STRONG><a name="[41]"></a>TMR7_GLOBAL_IRQHandler</STRONG> (Thumb, 0 bytes, Stack size 0 bytes, .\objects\startup_at32f435_437.o(.text))
<BR>[Address Reference Count : 1]<UL><LI> startup_at32f435_437.o(RESET)
</UL>
<P><STRONG><a name="[35]"></a>TMR8_BRK_TMR12_IRQHandler</STRONG> (Thumb, 0 bytes, Stack size 0 bytes, .\objects\startup_at32f435_437.o(.text))
<BR>[Address Reference Count : 1]<UL><LI> startup_at32f435_437.o(RESET)
</UL>
<P><STRONG><a name="[38]"></a>TMR8_CH_IRQHandler</STRONG> (Thumb, 0 bytes, Stack size 0 bytes, .\objects\startup_at32f435_437.o(.text))
<BR>[Address Reference Count : 1]<UL><LI> startup_at32f435_437.o(RESET)
</UL>
<P><STRONG><a name="[36]"></a>TMR8_OVF_TMR13_IRQHandler</STRONG> (Thumb, 0 bytes, Stack size 0 bytes, .\objects\startup_at32f435_437.o(.text))
<BR>[Address Reference Count : 1]<UL><LI> startup_at32f435_437.o(RESET)
</UL>
<P><STRONG><a name="[37]"></a>TMR8_TRG_HALL_TMR14_IRQHandler</STRONG> (Thumb, 0 bytes, Stack size 0 bytes, .\objects\startup_at32f435_437.o(.text))
<BR>[Address Reference Count : 1]<UL><LI> startup_at32f435_437.o(RESET)
</UL>
<P><STRONG><a name="[3e]"></a>UART4_IRQHandler</STRONG> (Thumb, 0 bytes, Stack size 0 bytes, .\objects\startup_at32f435_437.o(.text))
<BR>[Address Reference Count : 1]<UL><LI> startup_at32f435_437.o(RESET)
</UL>
<P><STRONG><a name="[3f]"></a>UART5_IRQHandler</STRONG> (Thumb, 0 bytes, Stack size 0 bytes, .\objects\startup_at32f435_437.o(.text))
<BR>[Address Reference Count : 1]<UL><LI> startup_at32f435_437.o(RESET)
</UL>
<P><STRONG><a name="[57]"></a>UART7_IRQHandler</STRONG> (Thumb, 0 bytes, Stack size 0 bytes, .\objects\startup_at32f435_437.o(.text))
<BR>[Address Reference Count : 1]<UL><LI> startup_at32f435_437.o(RESET)
</UL>
<P><STRONG><a name="[58]"></a>UART8_IRQHandler</STRONG> (Thumb, 0 bytes, Stack size 0 bytes, .\objects\startup_at32f435_437.o(.text))
<BR>[Address Reference Count : 1]<UL><LI> startup_at32f435_437.o(RESET)
</UL>
<P><STRONG><a name="[2f]"></a>USART1_IRQHandler</STRONG> (Thumb, 0 bytes, Stack size 0 bytes, .\objects\startup_at32f435_437.o(.text))
<BR>[Address Reference Count : 1]<UL><LI> startup_at32f435_437.o(RESET)
</UL>
<P><STRONG><a name="[30]"></a>USART2_IRQHandler</STRONG> (Thumb, 0 bytes, Stack size 0 bytes, .\objects\startup_at32f435_437.o(.text))
<BR>[Address Reference Count : 1]<UL><LI> startup_at32f435_437.o(RESET)
</UL>
<P><STRONG><a name="[31]"></a>USART3_IRQHandler</STRONG> (Thumb, 0 bytes, Stack size 0 bytes, .\objects\startup_at32f435_437.o(.text))
<BR>[Address Reference Count : 1]<UL><LI> startup_at32f435_437.o(RESET)
</UL>
<P><STRONG><a name="[50]"></a>USART6_IRQHandler</STRONG> (Thumb, 0 bytes, Stack size 0 bytes, .\objects\startup_at32f435_437.o(.text))
<BR>[Address Reference Count : 1]<UL><LI> startup_at32f435_437.o(RESET)
</UL>
<P><STRONG><a name="[a]"></a>WWDT_IRQHandler</STRONG> (Thumb, 0 bytes, Stack size 0 bytes, .\objects\startup_at32f435_437.o(.text))
<BR>[Address Reference Count : 1]<UL><LI> startup_at32f435_437.o(RESET)
</UL>
<P><STRONG><a name="[3a]"></a>XMC_IRQHandler</STRONG> (Thumb, 0 bytes, Stack size 0 bytes, .\objects\startup_at32f435_437.o(.text))
<BR>[Address Reference Count : 1]<UL><LI> startup_at32f435_437.o(RESET)
</UL>
<P><STRONG><a name="[d0]"></a>__aeabi_memcpy</STRONG> (Thumb, 36 bytes, Stack size 0 bytes, C:\Keil_v5\ARM\ARMCC\Bin\..\lib\armlib\mc_w.l(memcpya.o)(.text))
<BR><BR>[Called By]<UL><LI><a href="#[165]">&gt;&gt;</a>&nbsp;&nbsp;&nbsp;prvCopyDataToQueue
<LI><a href="#[164]">&gt;&gt;</a>&nbsp;&nbsp;&nbsp;prvCopyDataFromQueue
<LI><a href="#[75]">&gt;&gt;</a>&nbsp;&nbsp;&nbsp;generate_part_of_file
<LI><a href="#[cf]">&gt;&gt;</a>&nbsp;&nbsp;&nbsp;create_msg
<LI><a href="#[188]">&gt;&gt;</a>&nbsp;&nbsp;&nbsp;uip_send
</UL>

<P><STRONG><a name="[1ce]"></a>__aeabi_memcpy4</STRONG> (Thumb, 0 bytes, Stack size 0 bytes, C:\Keil_v5\ARM\ARMCC\Bin\..\lib\armlib\mc_w.l(memcpya.o)(.text), UNUSED)

<P><STRONG><a name="[1cf]"></a>__aeabi_memcpy8</STRONG> (Thumb, 0 bytes, Stack size 0 bytes, C:\Keil_v5\ARM\ARMCC\Bin\..\lib\armlib\mc_w.l(memcpya.o)(.text), UNUSED)

<P><STRONG><a name="[7f]"></a>__aeabi_memset</STRONG> (Thumb, 14 bytes, Stack size 0 bytes, C:\Keil_v5\ARM\ARMCC\Bin\..\lib\armlib\mc_w.l(memseta.o)(.text))
<BR><BR>[Called By]<UL><LI><a href="#[185]">&gt;&gt;</a>&nbsp;&nbsp;&nbsp;uip_arp_out
<LI><a href="#[16c]">&gt;&gt;</a>&nbsp;&nbsp;&nbsp;prvInitialiseNewTask
<LI><a href="#[80]">&gt;&gt;</a>&nbsp;&nbsp;&nbsp;memset
<LI><a href="#[7e]">&gt;&gt;</a>&nbsp;&nbsp;&nbsp;__aeabi_memclr
</UL>

<P><STRONG><a name="[1d0]"></a>__aeabi_memset4</STRONG> (Thumb, 0 bytes, Stack size 0 bytes, C:\Keil_v5\ARM\ARMCC\Bin\..\lib\armlib\mc_w.l(memseta.o)(.text), UNUSED)

<P><STRONG><a name="[1d1]"></a>__aeabi_memset8</STRONG> (Thumb, 0 bytes, Stack size 0 bytes, C:\Keil_v5\ARM\ARMCC\Bin\..\lib\armlib\mc_w.l(memseta.o)(.text), UNUSED)

<P><STRONG><a name="[7e]"></a>__aeabi_memclr</STRONG> (Thumb, 4 bytes, Stack size 0 bytes, C:\Keil_v5\ARM\ARMCC\Bin\..\lib\armlib\mc_w.l(memseta.o)(.text))
<BR><BR>[Calls]<UL><LI><a href="#[7f]">&gt;&gt;</a>&nbsp;&nbsp;&nbsp;__aeabi_memset
</UL>
<BR>[Called By]<UL><LI><a href="#[cf]">&gt;&gt;</a>&nbsp;&nbsp;&nbsp;create_msg
</UL>

<P><STRONG><a name="[128]"></a>__aeabi_memclr4</STRONG> (Thumb, 0 bytes, Stack size 0 bytes, C:\Keil_v5\ARM\ARMCC\Bin\..\lib\armlib\mc_w.l(memseta.o)(.text))
<BR><BR>[Called By]<UL><LI><a href="#[125]">&gt;&gt;</a>&nbsp;&nbsp;&nbsp;freertos_task_tryDisplay
</UL>

<P><STRONG><a name="[1d2]"></a>__aeabi_memclr8</STRONG> (Thumb, 0 bytes, Stack size 0 bytes, C:\Keil_v5\ARM\ARMCC\Bin\..\lib\armlib\mc_w.l(memseta.o)(.text), UNUSED)

<P><STRONG><a name="[80]"></a>memset</STRONG> (Thumb, 18 bytes, Stack size 8 bytes, C:\Keil_v5\ARM\ARMCC\Bin\..\lib\armlib\mc_w.l(memseta.o)(.text), UNUSED)
<BR><BR>[Calls]<UL><LI><a href="#[7f]">&gt;&gt;</a>&nbsp;&nbsp;&nbsp;__aeabi_memset
</UL>

<P><STRONG><a name="[13b]"></a>strncpy</STRONG> (Thumb, 24 bytes, Stack size 8 bytes, C:\Keil_v5\ARM\ARMCC\Bin\..\lib\armlib\mc_w.l(strncpy.o)(.text))
<BR><BR>[Stack]<UL><LI>Max Depth = 8<LI>Call Chain = strncpy
</UL>
<BR>[Called By]<UL><LI><a href="#[131]">&gt;&gt;</a>&nbsp;&nbsp;&nbsp;handle_input
</UL>

<P><STRONG><a name="[142]"></a>strchr</STRONG> (Thumb, 20 bytes, Stack size 0 bytes, C:\Keil_v5\ARM\ARMCC\Bin\..\lib\armlib\mc_w.l(strchr.o)(.text))
<BR><BR>[Called By]<UL><LI><a href="#[145]">&gt;&gt;</a>&nbsp;&nbsp;&nbsp;next_scriptstate
<LI><a href="#[143]">&gt;&gt;</a>&nbsp;&nbsp;&nbsp;handle_script
<LI><a href="#[132]">&gt;&gt;</a>&nbsp;&nbsp;&nbsp;handle_output
</UL>

<P><STRONG><a name="[127]"></a>strlen</STRONG> (Thumb, 14 bytes, Stack size 0 bytes, C:\Keil_v5\ARM\ARMCC\Bin\..\lib\armlib\mc_w.l(strlen.o)(.text))
<BR><BR>[Called By]<UL><LI><a href="#[126]">&gt;&gt;</a>&nbsp;&nbsp;&nbsp;vTaskList
<LI><a href="#[125]">&gt;&gt;</a>&nbsp;&nbsp;&nbsp;freertos_task_tryDisplay
<LI><a href="#[177]">&gt;&gt;</a>&nbsp;&nbsp;&nbsp;prvWriteNameToBuffer
<LI><a href="#[144]">&gt;&gt;</a>&nbsp;&nbsp;&nbsp;httpd_cgi
<LI><a href="#[13e]">&gt;&gt;</a>&nbsp;&nbsp;&nbsp;send_led_file
<LI><a href="#[13d]">&gt;&gt;</a>&nbsp;&nbsp;&nbsp;send_headers
</UL>

<P><STRONG><a name="[15a]"></a>memcmp</STRONG> (Thumb, 26 bytes, Stack size 12 bytes, C:\Keil_v5\ARM\ARMCC\Bin\..\lib\armlib\mc_w.l(memcmp.o)(.text))
<BR><BR>[Stack]<UL><LI>Max Depth = 12<LI>Call Chain = memcmp
</UL>
<BR>[Called By]<UL><LI><a href="#[137]">&gt;&gt;</a>&nbsp;&nbsp;&nbsp;parse_msg
</UL>

<P><STRONG><a name="[140]"></a>strcpy</STRONG> (Thumb, 18 bytes, Stack size 0 bytes, C:\Keil_v5\ARM\ARMCC\Bin\..\lib\armlib\mc_w.l(strcpy.o)(.text))
<BR><BR>[Called By]<UL><LI><a href="#[177]">&gt;&gt;</a>&nbsp;&nbsp;&nbsp;prvWriteNameToBuffer
<LI><a href="#[132]">&gt;&gt;</a>&nbsp;&nbsp;&nbsp;handle_output
</UL>

<P><STRONG><a name="[13a]"></a>strncmp</STRONG> (Thumb, 30 bytes, Stack size 12 bytes, C:\Keil_v5\ARM\ARMCC\Bin\..\lib\armlib\mc_w.l(strncmp.o)(.text))
<BR><BR>[Stack]<UL><LI>Max Depth = 12<LI>Call Chain = strncmp
</UL>
<BR>[Called By]<UL><LI><a href="#[144]">&gt;&gt;</a>&nbsp;&nbsp;&nbsp;httpd_cgi
<LI><a href="#[13d]">&gt;&gt;</a>&nbsp;&nbsp;&nbsp;send_headers
<LI><a href="#[132]">&gt;&gt;</a>&nbsp;&nbsp;&nbsp;handle_output
<LI><a href="#[131]">&gt;&gt;</a>&nbsp;&nbsp;&nbsp;handle_input
</UL>

<P><STRONG><a name="[18c]"></a>strrchr</STRONG> (Thumb, 32 bytes, Stack size 0 bytes, C:\Keil_v5\ARM\ARMCC\Bin\..\lib\armlib\mc_w.l(strrchr.o)(.text))
<BR><BR>[Called By]<UL><LI><a href="#[13d]">&gt;&gt;</a>&nbsp;&nbsp;&nbsp;send_headers
</UL>

<P><STRONG><a name="[1d3]"></a>__aeabi_uidiv</STRONG> (Thumb, 0 bytes, Stack size 12 bytes, C:\Keil_v5\ARM\ARMCC\Bin\..\lib\armlib\mc_w.l(uidiv.o)(.text), UNUSED)

<P><STRONG><a name="[b1]"></a>__aeabi_uidivmod</STRONG> (Thumb, 44 bytes, Stack size 12 bytes, C:\Keil_v5\ARM\ARMCC\Bin\..\lib\armlib\mc_w.l(uidiv.o)(.text), UNUSED)
<BR><BR>[Called By]<UL><LI><a href="#[a6]">&gt;&gt;</a>&nbsp;&nbsp;&nbsp;_printf_core
</UL>

<P><STRONG><a name="[81]"></a>__aeabi_uldivmod</STRONG> (Thumb, 98 bytes, Stack size 40 bytes, C:\Keil_v5\ARM\ARMCC\Bin\..\lib\armlib\mc_w.l(uldiv.o)(.text), UNUSED)
<BR><BR>[Calls]<UL><LI><a href="#[82]">&gt;&gt;</a>&nbsp;&nbsp;&nbsp;__aeabi_llsr
<LI><a href="#[83]">&gt;&gt;</a>&nbsp;&nbsp;&nbsp;__aeabi_llsl
</UL>
<BR>[Called By]<UL><LI><a href="#[a6]">&gt;&gt;</a>&nbsp;&nbsp;&nbsp;_printf_core
<LI><a href="#[ab]">&gt;&gt;</a>&nbsp;&nbsp;&nbsp;_fp_digits
<LI><a href="#[a8]">&gt;&gt;</a>&nbsp;&nbsp;&nbsp;_printf_core
</UL>

<P><STRONG><a name="[1d4]"></a>__I$use$fp</STRONG> (Thumb, 0 bytes, Stack size 48 bytes, C:\Keil_v5\ARM\ARMCC\Bin\..\lib\armlib\mc_w.l(iusefp.o)(.text), UNUSED)

<P><STRONG><a name="[84]"></a>__aeabi_dadd</STRONG> (Thumb, 322 bytes, Stack size 48 bytes, C:\Keil_v5\ARM\ARMCC\Bin\..\lib\armlib\mf_w.l(dadd.o)(.text), UNUSED)
<BR><BR>[Calls]<UL><LI><a href="#[83]">&gt;&gt;</a>&nbsp;&nbsp;&nbsp;__aeabi_llsl
<LI><a href="#[87]">&gt;&gt;</a>&nbsp;&nbsp;&nbsp;_double_round
<LI><a href="#[86]">&gt;&gt;</a>&nbsp;&nbsp;&nbsp;_double_epilogue
<LI><a href="#[85]">&gt;&gt;</a>&nbsp;&nbsp;&nbsp;__aeabi_lasr
</UL>
<BR>[Called By]<UL><LI><a href="#[89]">&gt;&gt;</a>&nbsp;&nbsp;&nbsp;__aeabi_drsub
<LI><a href="#[88]">&gt;&gt;</a>&nbsp;&nbsp;&nbsp;__aeabi_dsub
<LI><a href="#[ab]">&gt;&gt;</a>&nbsp;&nbsp;&nbsp;_fp_digits
</UL>

<P><STRONG><a name="[88]"></a>__aeabi_dsub</STRONG> (Thumb, 6 bytes, Stack size 0 bytes, C:\Keil_v5\ARM\ARMCC\Bin\..\lib\armlib\mf_w.l(dadd.o)(.text), UNUSED)
<BR><BR>[Calls]<UL><LI><a href="#[84]">&gt;&gt;</a>&nbsp;&nbsp;&nbsp;__aeabi_dadd
</UL>

<P><STRONG><a name="[89]"></a>__aeabi_drsub</STRONG> (Thumb, 6 bytes, Stack size 0 bytes, C:\Keil_v5\ARM\ARMCC\Bin\..\lib\armlib\mf_w.l(dadd.o)(.text), UNUSED)
<BR><BR>[Calls]<UL><LI><a href="#[84]">&gt;&gt;</a>&nbsp;&nbsp;&nbsp;__aeabi_dadd
</UL>

<P><STRONG><a name="[8a]"></a>__aeabi_dmul</STRONG> (Thumb, 228 bytes, Stack size 48 bytes, C:\Keil_v5\ARM\ARMCC\Bin\..\lib\armlib\mf_w.l(dmul.o)(.text), UNUSED)
<BR><BR>[Calls]<UL><LI><a href="#[86]">&gt;&gt;</a>&nbsp;&nbsp;&nbsp;_double_epilogue
</UL>
<BR>[Called By]<UL><LI><a href="#[ab]">&gt;&gt;</a>&nbsp;&nbsp;&nbsp;_fp_digits
</UL>

<P><STRONG><a name="[8b]"></a>__aeabi_ddiv</STRONG> (Thumb, 222 bytes, Stack size 32 bytes, C:\Keil_v5\ARM\ARMCC\Bin\..\lib\armlib\mf_w.l(ddiv.o)(.text), UNUSED)
<BR><BR>[Calls]<UL><LI><a href="#[87]">&gt;&gt;</a>&nbsp;&nbsp;&nbsp;_double_round
</UL>
<BR>[Called By]<UL><LI><a href="#[ab]">&gt;&gt;</a>&nbsp;&nbsp;&nbsp;_fp_digits
</UL>

<P><STRONG><a name="[8c]"></a>__aeabi_d2ulz</STRONG> (Thumb, 48 bytes, Stack size 0 bytes, C:\Keil_v5\ARM\ARMCC\Bin\..\lib\armlib\mf_w.l(dfixul.o)(.text), UNUSED)
<BR><BR>[Calls]<UL><LI><a href="#[82]">&gt;&gt;</a>&nbsp;&nbsp;&nbsp;__aeabi_llsr
<LI><a href="#[83]">&gt;&gt;</a>&nbsp;&nbsp;&nbsp;__aeabi_llsl
</UL>
<BR>[Called By]<UL><LI><a href="#[ab]">&gt;&gt;</a>&nbsp;&nbsp;&nbsp;_fp_digits
</UL>

<P><STRONG><a name="[ac]"></a>__aeabi_cdrcmple</STRONG> (Thumb, 48 bytes, Stack size 0 bytes, C:\Keil_v5\ARM\ARMCC\Bin\..\lib\armlib\mf_w.l(cdrcmple.o)(.text), UNUSED)
<BR><BR>[Called By]<UL><LI><a href="#[ab]">&gt;&gt;</a>&nbsp;&nbsp;&nbsp;_fp_digits
</UL>

<P><STRONG><a name="[7c]"></a>__scatterload</STRONG> (Thumb, 28 bytes, Stack size 0 bytes, C:\Keil_v5\ARM\ARMCC\Bin\..\lib\armlib\mc_w.l(init.o)(.text))
<BR><BR>[Calls]<UL><LI><a href="#[8d]">&gt;&gt;</a>&nbsp;&nbsp;&nbsp;__main_after_scatterload
</UL>
<BR>[Called By]<UL><LI><a href="#[7b]">&gt;&gt;</a>&nbsp;&nbsp;&nbsp;_main_scatterload
</UL>

<P><STRONG><a name="[1d5]"></a>__scatterload_rt2</STRONG> (Thumb, 0 bytes, Stack size 0 bytes, C:\Keil_v5\ARM\ARMCC\Bin\..\lib\armlib\mc_w.l(init.o)(.text), UNUSED)

<P><STRONG><a name="[83]"></a>__aeabi_llsl</STRONG> (Thumb, 30 bytes, Stack size 0 bytes, C:\Keil_v5\ARM\ARMCC\Bin\..\lib\armlib\mc_w.l(llshl.o)(.text), UNUSED)
<BR><BR>[Called By]<UL><LI><a href="#[86]">&gt;&gt;</a>&nbsp;&nbsp;&nbsp;_double_epilogue
<LI><a href="#[81]">&gt;&gt;</a>&nbsp;&nbsp;&nbsp;__aeabi_uldivmod
<LI><a href="#[84]">&gt;&gt;</a>&nbsp;&nbsp;&nbsp;__aeabi_dadd
<LI><a href="#[8c]">&gt;&gt;</a>&nbsp;&nbsp;&nbsp;__aeabi_d2ulz
</UL>

<P><STRONG><a name="[1d6]"></a>_ll_shift_l</STRONG> (Thumb, 0 bytes, Stack size 0 bytes, C:\Keil_v5\ARM\ARMCC\Bin\..\lib\armlib\mc_w.l(llshl.o)(.text), UNUSED)

<P><STRONG><a name="[82]"></a>__aeabi_llsr</STRONG> (Thumb, 32 bytes, Stack size 0 bytes, C:\Keil_v5\ARM\ARMCC\Bin\..\lib\armlib\mc_w.l(llushr.o)(.text), UNUSED)
<BR><BR>[Called By]<UL><LI><a href="#[86]">&gt;&gt;</a>&nbsp;&nbsp;&nbsp;_double_epilogue
<LI><a href="#[81]">&gt;&gt;</a>&nbsp;&nbsp;&nbsp;__aeabi_uldivmod
<LI><a href="#[8c]">&gt;&gt;</a>&nbsp;&nbsp;&nbsp;__aeabi_d2ulz
</UL>

<P><STRONG><a name="[1d7]"></a>_ll_ushift_r</STRONG> (Thumb, 0 bytes, Stack size 0 bytes, C:\Keil_v5\ARM\ARMCC\Bin\..\lib\armlib\mc_w.l(llushr.o)(.text), UNUSED)

<P><STRONG><a name="[85]"></a>__aeabi_lasr</STRONG> (Thumb, 36 bytes, Stack size 0 bytes, C:\Keil_v5\ARM\ARMCC\Bin\..\lib\armlib\mc_w.l(llsshr.o)(.text), UNUSED)
<BR><BR>[Called By]<UL><LI><a href="#[84]">&gt;&gt;</a>&nbsp;&nbsp;&nbsp;__aeabi_dadd
</UL>

<P><STRONG><a name="[1d8]"></a>_ll_sshift_r</STRONG> (Thumb, 0 bytes, Stack size 0 bytes, C:\Keil_v5\ARM\ARMCC\Bin\..\lib\armlib\mc_w.l(llsshr.o)(.text), UNUSED)

<P><STRONG><a name="[87]"></a>_double_round</STRONG> (Thumb, 30 bytes, Stack size 8 bytes, C:\Keil_v5\ARM\ARMCC\Bin\..\lib\armlib\mf_w.l(depilogue.o)(.text), UNUSED)
<BR><BR>[Called By]<UL><LI><a href="#[86]">&gt;&gt;</a>&nbsp;&nbsp;&nbsp;_double_epilogue
<LI><a href="#[8b]">&gt;&gt;</a>&nbsp;&nbsp;&nbsp;__aeabi_ddiv
<LI><a href="#[84]">&gt;&gt;</a>&nbsp;&nbsp;&nbsp;__aeabi_dadd
</UL>

<P><STRONG><a name="[86]"></a>_double_epilogue</STRONG> (Thumb, 156 bytes, Stack size 32 bytes, C:\Keil_v5\ARM\ARMCC\Bin\..\lib\armlib\mf_w.l(depilogue.o)(.text), UNUSED)
<BR><BR>[Calls]<UL><LI><a href="#[82]">&gt;&gt;</a>&nbsp;&nbsp;&nbsp;__aeabi_llsr
<LI><a href="#[83]">&gt;&gt;</a>&nbsp;&nbsp;&nbsp;__aeabi_llsl
<LI><a href="#[87]">&gt;&gt;</a>&nbsp;&nbsp;&nbsp;_double_round
</UL>
<BR>[Called By]<UL><LI><a href="#[8a]">&gt;&gt;</a>&nbsp;&nbsp;&nbsp;__aeabi_dmul
<LI><a href="#[84]">&gt;&gt;</a>&nbsp;&nbsp;&nbsp;__aeabi_dadd
</UL>

<P><STRONG><a name="[1d9]"></a>__decompress</STRONG> (Thumb, 0 bytes, Stack size unknown bytes, C:\Keil_v5\ARM\ARMCC\Bin\..\lib\armlib\mc_w.l(__dczerorl2.o)(.text), UNUSED)

<P><STRONG><a name="[1da]"></a>__decompress1</STRONG> (Thumb, 86 bytes, Stack size unknown bytes, C:\Keil_v5\ARM\ARMCC\Bin\..\lib\armlib\mc_w.l(__dczerorl2.o)(.text), UNUSED)

<P><STRONG><a name="[4]"></a>BusFault_Handler</STRONG> (Thumb, 4 bytes, Stack size 0 bytes, .\objects\at32f435_437_int.o(i.BusFault_Handler))
<BR>[Address Reference Count : 1]<UL><LI> startup_at32f435_437.o(RESET)
</UL>
<P><STRONG><a name="[8e]"></a>DM_ETH_IRQDisable</STRONG> (Thumb, 12 bytes, Stack size 8 bytes, .\objects\dm_eth.o(i.DM_ETH_IRQDisable))
<BR><BR>[Stack]<UL><LI>Max Depth = 136<LI>Call Chain = DM_ETH_IRQDisable &rArr; dm9051_isr_disab &rArr; sys_mutex_unlock_end &rArr; xQueueGenericSend &rArr; vTaskPlaceOnEventList &rArr; prvAddCurrentTaskToDelayedList &rArr; vListInsert
</UL>
<BR>[Calls]<UL><LI><a href="#[8f]">&gt;&gt;</a>&nbsp;&nbsp;&nbsp;dm9051_mcu_irq_disab
<LI><a href="#[90]">&gt;&gt;</a>&nbsp;&nbsp;&nbsp;dm9051_isr_disab
</UL>
<BR>[Called By]<UL><LI><a href="#[9c]">&gt;&gt;</a>&nbsp;&nbsp;&nbsp;DM_ETH_RXHandler
</UL>

<P><STRONG><a name="[91]"></a>DM_ETH_IRQEnable</STRONG> (Thumb, 12 bytes, Stack size 8 bytes, .\objects\dm_eth.o(i.DM_ETH_IRQEnable))
<BR><BR>[Stack]<UL><LI>Max Depth = 136<LI>Call Chain = DM_ETH_IRQEnable &rArr; dm9051_isr_enab &rArr; sys_mutex_unlock_end &rArr; xQueueGenericSend &rArr; vTaskPlaceOnEventList &rArr; prvAddCurrentTaskToDelayedList &rArr; vListInsert
</UL>
<BR>[Calls]<UL><LI><a href="#[92]">&gt;&gt;</a>&nbsp;&nbsp;&nbsp;dm9051_mcu_irq_enab
<LI><a href="#[93]">&gt;&gt;</a>&nbsp;&nbsp;&nbsp;dm9051_isr_enab
</UL>
<BR>[Called By]<UL><LI><a href="#[9c]">&gt;&gt;</a>&nbsp;&nbsp;&nbsp;DM_ETH_RXHandler
</UL>

<P><STRONG><a name="[c2]"></a>DM_ETH_IRQHandler</STRONG> (Thumb, 8 bytes, Stack size 0 bytes, .\objects\dm_eth.o(i.DM_ETH_IRQHandler))
<BR><BR>[Called By]<UL><LI><a href="#[a1]">&gt;&gt;</a>&nbsp;&nbsp;&nbsp;cint_exint9_5_handler
</UL>

<P><STRONG><a name="[94]"></a>DM_ETH_Init</STRONG> (Thumb, 148 bytes, Stack size 16 bytes, .\objects\dm_eth.o(i.DM_ETH_Init))
<BR><BR>[Stack]<UL><LI>Max Depth = 192<LI>Call Chain = DM_ETH_Init &rArr; dm9051_init &rArr; impl_dm9051_init &rArr; hdlr_reset_process &rArr; dm9051_start1 &rArr; internal_adr_logic &rArr; impl_read_par &rArr; cspi_read_regs &rArr; cspi_read_reg &rArr; spi_exc_data
</UL>
<BR>[Calls]<UL><LI><a href="#[96]">&gt;&gt;</a>&nbsp;&nbsp;&nbsp;dm9051_boards_initialize
<LI><a href="#[97]">&gt;&gt;</a>&nbsp;&nbsp;&nbsp;dm9051_init
<LI><a href="#[95]">&gt;&gt;</a>&nbsp;&nbsp;&nbsp;__2printf
</UL>
<BR>[Called By]<UL><LI><a href="#[159]">&gt;&gt;</a>&nbsp;&nbsp;&nbsp;vuIP_Task
</UL>

<P><STRONG><a name="[98]"></a>DM_ETH_Input</STRONG> (Thumb, 12 bytes, Stack size 8 bytes, .\objects\dm_eth.o(i.DM_ETH_Input))
<BR><BR>[Stack]<UL><LI>Max Depth = 336<LI>Call Chain = DM_ETH_Input &rArr; dm9051_rx &rArr; impl_dm9051_rx1 &rArr; buff_rx &rArr; dm9051_rx_read &rArr; ev_rxb &rArr; impl_dm9051_err_hdlr &rArr; hdlr_reset_process &rArr; dm9051_start1 &rArr; internal_adr_logic &rArr; impl_read_par &rArr; cspi_read_regs &rArr; cspi_read_reg &rArr; spi_exc_data
</UL>
<BR>[Calls]<UL><LI><a href="#[99]">&gt;&gt;</a>&nbsp;&nbsp;&nbsp;dm9051_rx
</UL>
<BR>[Called By]<UL><LI><a href="#[a0]">&gt;&gt;</a>&nbsp;&nbsp;&nbsp;DM_ETH_RXHandler_Poll
<LI><a href="#[9c]">&gt;&gt;</a>&nbsp;&nbsp;&nbsp;DM_ETH_RXHandler
</UL>

<P><STRONG><a name="[9a]"></a>DM_ETH_Output</STRONG> (Thumb, 16 bytes, Stack size 16 bytes, .\objects\dm_eth.o(i.DM_ETH_Output))
<BR><BR>[Stack]<UL><LI>Max Depth = 152<LI>Call Chain = DM_ETH_Output &rArr; dm9051_tx &rArr; sys_mutex_unlock_end &rArr; xQueueGenericSend &rArr; vTaskPlaceOnEventList &rArr; prvAddCurrentTaskToDelayedList &rArr; vListInsert
</UL>
<BR>[Calls]<UL><LI><a href="#[9b]">&gt;&gt;</a>&nbsp;&nbsp;&nbsp;dm9051_tx
</UL>
<BR>[Called By]<UL><LI><a href="#[159]">&gt;&gt;</a>&nbsp;&nbsp;&nbsp;vuIP_Task
<LI><a href="#[9d]">&gt;&gt;</a>&nbsp;&nbsp;&nbsp;rcx_handler_direct
</UL>

<P><STRONG><a name="[9c]"></a>DM_ETH_RXHandler</STRONG> (Thumb, 116 bytes, Stack size 16 bytes, .\objects\dm_eth.o(i.DM_ETH_RXHandler))
<BR><BR>[Stack]<UL><LI>Max Depth = 352<LI>Call Chain = DM_ETH_RXHandler &rArr; DM_ETH_Input &rArr; dm9051_rx &rArr; impl_dm9051_rx1 &rArr; buff_rx &rArr; dm9051_rx_read &rArr; ev_rxb &rArr; impl_dm9051_err_hdlr &rArr; hdlr_reset_process &rArr; dm9051_start1 &rArr; internal_adr_logic &rArr; impl_read_par &rArr; cspi_read_regs &rArr; cspi_read_reg &rArr; spi_exc_data
</UL>
<BR>[Calls]<UL><LI><a href="#[9e]">&gt;&gt;</a>&nbsp;&nbsp;&nbsp;dm9051_irq_exint_line
<LI><a href="#[9f]">&gt;&gt;</a>&nbsp;&nbsp;&nbsp;de_enum
<LI><a href="#[9d]">&gt;&gt;</a>&nbsp;&nbsp;&nbsp;rcx_handler_direct
<LI><a href="#[98]">&gt;&gt;</a>&nbsp;&nbsp;&nbsp;DM_ETH_Input
<LI><a href="#[91]">&gt;&gt;</a>&nbsp;&nbsp;&nbsp;DM_ETH_IRQEnable
<LI><a href="#[8e]">&gt;&gt;</a>&nbsp;&nbsp;&nbsp;DM_ETH_IRQDisable
<LI><a href="#[95]">&gt;&gt;</a>&nbsp;&nbsp;&nbsp;__2printf
</UL>
<BR>[Called By]<UL><LI><a href="#[159]">&gt;&gt;</a>&nbsp;&nbsp;&nbsp;vuIP_Task
</UL>

<P><STRONG><a name="[a0]"></a>DM_ETH_RXHandler_Poll</STRONG> (Thumb, 28 bytes, Stack size 8 bytes, .\objects\dm_eth.o(i.DM_ETH_RXHandler_Poll))
<BR><BR>[Stack]<UL><LI>Max Depth = 344<LI>Call Chain = DM_ETH_RXHandler_Poll &rArr; DM_ETH_Input &rArr; dm9051_rx &rArr; impl_dm9051_rx1 &rArr; buff_rx &rArr; dm9051_rx_read &rArr; ev_rxb &rArr; impl_dm9051_err_hdlr &rArr; hdlr_reset_process &rArr; dm9051_start1 &rArr; internal_adr_logic &rArr; impl_read_par &rArr; cspi_read_regs &rArr; cspi_read_reg &rArr; spi_exc_data
</UL>
<BR>[Calls]<UL><LI><a href="#[9d]">&gt;&gt;</a>&nbsp;&nbsp;&nbsp;rcx_handler_direct
<LI><a href="#[98]">&gt;&gt;</a>&nbsp;&nbsp;&nbsp;DM_ETH_Input
</UL>
<BR>[Called By]<UL><LI><a href="#[159]">&gt;&gt;</a>&nbsp;&nbsp;&nbsp;vuIP_Task
</UL>

<P><STRONG><a name="[70]"></a>DataObj_store</STRONG> (Thumb, 30 bytes, Stack size 0 bytes, .\objects\dm9051_cboard_data.o(i.DataObj_store))
<BR>[Address Reference Count : 1]<UL><LI> dm9051_cboard.o(i.cboard_conf_configuration)
</UL>
<P><STRONG><a name="[7]"></a>DebugMon_Handler</STRONG> (Thumb, 2 bytes, Stack size 0 bytes, .\objects\at32f435_437_int.o(i.DebugMon_Handler))
<BR>[Address Reference Count : 1]<UL><LI> startup_at32f435_437.o(RESET)
</UL>
<P><STRONG><a name="[b9]"></a>ETH_COUNT_VOIDFN</STRONG> (Thumb, 20 bytes, Stack size 16 bytes, .\objects\dm9051_cboard_data.o(i.ETH_COUNT_VOIDFN))
<BR><BR>[Stack]<UL><LI>Max Depth = 16<LI>Call Chain = ETH_COUNT_VOIDFN
</UL>
<BR>[Called By]<UL><LI><a href="#[b7]">&gt;&gt;</a>&nbsp;&nbsp;&nbsp;cboard_conf_configuration
</UL>

<P><STRONG><a name="[21]"></a>EXINT9_5_IRQHandler</STRONG> (Thumb, 8 bytes, Stack size 8 bytes, .\objects\at32f435_437_int.o(i.EXINT9_5_IRQHandler))
<BR><BR>[Stack]<UL><LI>Max Depth = 24<LI>Call Chain = EXINT9_5_IRQHandler &rArr; cint_exint9_5_handler
</UL>
<BR>[Calls]<UL><LI><a href="#[a1]">&gt;&gt;</a>&nbsp;&nbsp;&nbsp;cint_exint9_5_handler
</UL>
<BR>[Address Reference Count : 1]<UL><LI> startup_at32f435_437.o(RESET)
</UL>
<P><STRONG><a name="[2]"></a>HardFault_Handler</STRONG> (Thumb, 4 bytes, Stack size 0 bytes, .\objects\at32f435_437_int.o(i.HardFault_Handler))
<BR>[Address Reference Count : 1]<UL><LI> startup_at32f435_437.o(RESET)
</UL>
<P><STRONG><a name="[3]"></a>MemManage_Handler</STRONG> (Thumb, 4 bytes, Stack size 0 bytes, .\objects\at32f435_437_int.o(i.MemManage_Handler))
<BR>[Address Reference Count : 1]<UL><LI> startup_at32f435_437.o(RESET)
</UL>
<P><STRONG><a name="[1]"></a>NMI_Handler</STRONG> (Thumb, 2 bytes, Stack size 0 bytes, .\objects\at32f435_437_int.o(i.NMI_Handler))
<BR>[Address Reference Count : 1]<UL><LI> startup_at32f435_437.o(RESET)
</UL>
<P><STRONG><a name="[a2]"></a>RttPrintf</STRONG> (Thumb, 26 bytes, Stack size 24 bytes, .\objects\rttprintf.o(i.RttPrintf))
<BR><BR>[Stack]<UL><LI>Max Depth = 48<LI>Call Chain = RttPrintf &rArr; __c89printf
</UL>
<BR>[Calls]<UL><LI><a href="#[a3]">&gt;&gt;</a>&nbsp;&nbsp;&nbsp;__c89printf
</UL>
<BR>[Called By]<UL><LI><a href="#[131]">&gt;&gt;</a>&nbsp;&nbsp;&nbsp;handle_input
</UL>

<P><STRONG><a name="[9]"></a>SysTick_Handler</STRONG> (Thumb, 46 bytes, Stack size 8 bytes, .\objects\include_port.o(i.SysTick_Handler))
<BR><BR>[Stack]<UL><LI>Max Depth = 32<LI>Call Chain = SysTick_Handler &rArr; xTaskIncrementTick
</UL>
<BR>[Calls]<UL><LI><a href="#[a4]">&gt;&gt;</a>&nbsp;&nbsp;&nbsp;xTaskIncrementTick
</UL>
<BR>[Address Reference Count : 1]<UL><LI> startup_at32f435_437.o(RESET)
</UL>
<P><STRONG><a name="[6b]"></a>SystemInit</STRONG> (Thumb, 126 bytes, Stack size 0 bytes, .\objects\system_at32f435_437.o(i.SystemInit))
<BR>[Address Reference Count : 1]<UL><LI> startup_at32f435_437.o(.text)
</UL>
<P><STRONG><a name="[5]"></a>UsageFault_Handler</STRONG> (Thumb, 4 bytes, Stack size 0 bytes, .\objects\at32f435_437_int.o(i.UsageFault_Handler))
<BR>[Address Reference Count : 1]<UL><LI> startup_at32f435_437.o(RESET)
</UL>
<P><STRONG><a name="[a5]"></a>__0printf</STRONG> (Thumb, 22 bytes, Stack size 24 bytes, C:\Keil_v5\ARM\ARMCC\Bin\..\lib\armlib\mc_w.l(printfa.o)(i.__0printf), UNUSED)
<BR><BR>[Calls]<UL><LI><a href="#[a6]">&gt;&gt;</a>&nbsp;&nbsp;&nbsp;_printf_core
</UL>

<P><STRONG><a name="[1db]"></a>__1printf</STRONG> (Thumb, 0 bytes, Stack size 24 bytes, C:\Keil_v5\ARM\ARMCC\Bin\..\lib\armlib\mc_w.l(printfa.o)(i.__0printf), UNUSED)

<P><STRONG><a name="[1dc]"></a>__2printf$full</STRONG> (Thumb, 0 bytes, Stack size 24 bytes, C:\Keil_v5\ARM\ARMCC\Bin\..\lib\armlib\mc_w.l(printfa.o)(i.__0printf), UNUSED)

<P><STRONG><a name="[a3]"></a>__c89printf</STRONG> (Thumb, 0 bytes, Stack size 24 bytes, C:\Keil_v5\ARM\ARMCC\Bin\..\lib\armlib\mc_w.l(printfa.o)(i.__0printf))
<BR><BR>[Stack]<UL><LI>Max Depth = 24<LI>Call Chain = __c89printf
</UL>
<BR>[Called By]<UL><LI><a href="#[a2]">&gt;&gt;</a>&nbsp;&nbsp;&nbsp;RttPrintf
</UL>

<P><STRONG><a name="[1dd]"></a>printf</STRONG> (Thumb, 0 bytes, Stack size 24 bytes, C:\Keil_v5\ARM\ARMCC\Bin\..\lib\armlib\mc_w.l(printfa.o)(i.__0printf), UNUSED)

<P><STRONG><a name="[a7]"></a>__0printf$8</STRONG> (Thumb, 22 bytes, Stack size 24 bytes, C:\Keil_v5\ARM\ARMCC\Bin\..\lib\armlib\mc_w.l(printf8.o)(i.__0printf$8), UNUSED)
<BR><BR>[Calls]<UL><LI><a href="#[a8]">&gt;&gt;</a>&nbsp;&nbsp;&nbsp;_printf_core
</UL>

<P><STRONG><a name="[1de]"></a>__1printf$8</STRONG> (Thumb, 0 bytes, Stack size 24 bytes, C:\Keil_v5\ARM\ARMCC\Bin\..\lib\armlib\mc_w.l(printf8.o)(i.__0printf$8), UNUSED)

<P><STRONG><a name="[95]"></a>__2printf</STRONG> (Thumb, 0 bytes, Stack size 24 bytes, C:\Keil_v5\ARM\ARMCC\Bin\..\lib\armlib\mc_w.l(printf8.o)(i.__0printf$8))
<BR><BR>[Stack]<UL><LI>Max Depth = 24<LI>Call Chain = __2printf
</UL>
<BR>[Called By]<UL><LI><a href="#[184]">&gt;&gt;</a>&nbsp;&nbsp;&nbsp;uip_process
<LI><a href="#[9c]">&gt;&gt;</a>&nbsp;&nbsp;&nbsp;DM_ETH_RXHandler
<LI><a href="#[94]">&gt;&gt;</a>&nbsp;&nbsp;&nbsp;DM_ETH_Init
<LI><a href="#[1ae]">&gt;&gt;</a>&nbsp;&nbsp;&nbsp;uip_log
<LI><a href="#[e4]">&gt;&gt;</a>&nbsp;&nbsp;&nbsp;dhcpc_configured
<LI><a href="#[125]">&gt;&gt;</a>&nbsp;&nbsp;&nbsp;freertos_task_tryDisplay
<LI><a href="#[72]">&gt;&gt;</a>&nbsp;&nbsp;&nbsp;network_task
<LI><a href="#[6a]">&gt;&gt;</a>&nbsp;&nbsp;&nbsp;main
<LI><a href="#[d1]">&gt;&gt;</a>&nbsp;&nbsp;&nbsp;create_network_task
<LI><a href="#[10d]">&gt;&gt;</a>&nbsp;&nbsp;&nbsp;identify_eth_mac
<LI><a href="#[10b]">&gt;&gt;</a>&nbsp;&nbsp;&nbsp;dm9051_start1
<LI><a href="#[138]">&gt;&gt;</a>&nbsp;&nbsp;&nbsp;send_request
<LI><a href="#[134]">&gt;&gt;</a>&nbsp;&nbsp;&nbsp;send_discover
<LI><a href="#[e3]">&gt;&gt;</a>&nbsp;&nbsp;&nbsp;handle_dhcp
<LI><a href="#[cc]">&gt;&gt;</a>&nbsp;&nbsp;&nbsp;rst_pin_mexist
<LI><a href="#[151]">&gt;&gt;</a>&nbsp;&nbsp;&nbsp;spi_add
<LI><a href="#[ec]">&gt;&gt;</a>&nbsp;&nbsp;&nbsp;printkline_log
<LI><a href="#[152]">&gt;&gt;</a>&nbsp;&nbsp;&nbsp;intr_add
<LI><a href="#[ce]">&gt;&gt;</a>&nbsp;&nbsp;&nbsp;gpio_pin_config
<LI><a href="#[b8]">&gt;&gt;</a>&nbsp;&nbsp;&nbsp;dm9051_board_counts_display
<LI><a href="#[cb]">&gt;&gt;</a>&nbsp;&nbsp;&nbsp;cpin_rst_add
<LI><a href="#[97]">&gt;&gt;</a>&nbsp;&nbsp;&nbsp;dm9051_init
<LI><a href="#[dd]">&gt;&gt;</a>&nbsp;&nbsp;&nbsp;cspi_read_regs
<LI><a href="#[bd]">&gt;&gt;</a>&nbsp;&nbsp;&nbsp;cint_enable_mcu_irq
<LI><a href="#[ba]">&gt;&gt;</a>&nbsp;&nbsp;&nbsp;cint_disable_mcu_irq
</UL>

<P><STRONG><a name="[a9]"></a>__0snprintf$8</STRONG> (Thumb, 44 bytes, Stack size 32 bytes, C:\Keil_v5\ARM\ARMCC\Bin\..\lib\armlib\mc_w.l(printf8.o)(i.__0snprintf$8), UNUSED)
<BR><BR>[Calls]<UL><LI><a href="#[a8]">&gt;&gt;</a>&nbsp;&nbsp;&nbsp;_printf_core
</UL>

<P><STRONG><a name="[1df]"></a>__1snprintf$8</STRONG> (Thumb, 0 bytes, Stack size 32 bytes, C:\Keil_v5\ARM\ARMCC\Bin\..\lib\armlib\mc_w.l(printf8.o)(i.__0snprintf$8), UNUSED)

<P><STRONG><a name="[12c]"></a>__2snprintf</STRONG> (Thumb, 0 bytes, Stack size 32 bytes, C:\Keil_v5\ARM\ARMCC\Bin\..\lib\armlib\mc_w.l(printf8.o)(i.__0snprintf$8))
<BR><BR>[Stack]<UL><LI>Max Depth = 32<LI>Call Chain = __2snprintf
</UL>
<BR>[Called By]<UL><LI><a href="#[10a]">&gt;&gt;</a>&nbsp;&nbsp;&nbsp;impl_dm9051_err_hdlr
<LI><a href="#[76]">&gt;&gt;</a>&nbsp;&nbsp;&nbsp;generate_sys_stats
</UL>

<P><STRONG><a name="[aa]"></a>__0sprintf$8</STRONG> (Thumb, 34 bytes, Stack size 24 bytes, C:\Keil_v5\ARM\ARMCC\Bin\..\lib\armlib\mc_w.l(printf8.o)(i.__0sprintf$8), UNUSED)
<BR><BR>[Calls]<UL><LI><a href="#[6f]">&gt;&gt;</a>&nbsp;&nbsp;&nbsp;_sputc
<LI><a href="#[a8]">&gt;&gt;</a>&nbsp;&nbsp;&nbsp;_printf_core
</UL>

<P><STRONG><a name="[1e0]"></a>__1sprintf$8</STRONG> (Thumb, 0 bytes, Stack size 24 bytes, C:\Keil_v5\ARM\ARMCC\Bin\..\lib\armlib\mc_w.l(printf8.o)(i.__0sprintf$8), UNUSED)

<P><STRONG><a name="[18d]"></a>__2sprintf</STRONG> (Thumb, 0 bytes, Stack size 24 bytes, C:\Keil_v5\ARM\ARMCC\Bin\..\lib\armlib\mc_w.l(printf8.o)(i.__0sprintf$8))
<BR><BR>[Stack]<UL><LI>Max Depth = 24<LI>Call Chain = __2sprintf
</UL>
<BR>[Called By]<UL><LI><a href="#[126]">&gt;&gt;</a>&nbsp;&nbsp;&nbsp;vTaskList
<LI><a href="#[1a3]">&gt;&gt;</a>&nbsp;&nbsp;&nbsp;system_core_clock_update
<LI><a href="#[13e]">&gt;&gt;</a>&nbsp;&nbsp;&nbsp;send_led_file
</UL>

<P><STRONG><a name="[1e1]"></a>__scatterload_copy</STRONG> (Thumb, 14 bytes, Stack size unknown bytes, C:\Keil_v5\ARM\ARMCC\Bin\..\lib\armlib\mc_w.l(handlers.o)(i.__scatterload_copy), UNUSED)

<P><STRONG><a name="[1e2]"></a>__scatterload_null</STRONG> (Thumb, 2 bytes, Stack size unknown bytes, C:\Keil_v5\ARM\ARMCC\Bin\..\lib\armlib\mc_w.l(handlers.o)(i.__scatterload_null), UNUSED)

<P><STRONG><a name="[1e3]"></a>__scatterload_zeroinit</STRONG> (Thumb, 14 bytes, Stack size unknown bytes, C:\Keil_v5\ARM\ARMCC\Bin\..\lib\armlib\mc_w.l(handlers.o)(i.__scatterload_zeroinit), UNUSED)

<P><STRONG><a name="[b2]"></a>buff_rx</STRONG> (Thumb, 16 bytes, Stack size 16 bytes, .\objects\dm9051_lw_function_code.o(i.buff_rx))
<BR><BR>[Stack]<UL><LI>Max Depth = 304<LI>Call Chain = buff_rx &rArr; dm9051_rx_read &rArr; ev_rxb &rArr; impl_dm9051_err_hdlr &rArr; hdlr_reset_process &rArr; dm9051_start1 &rArr; internal_adr_logic &rArr; impl_read_par &rArr; cspi_read_regs &rArr; cspi_read_reg &rArr; spi_exc_data
</UL>
<BR>[Calls]<UL><LI><a href="#[b3]">&gt;&gt;</a>&nbsp;&nbsp;&nbsp;dm9051_rx_read
</UL>
<BR>[Called By]<UL><LI><a href="#[103]">&gt;&gt;</a>&nbsp;&nbsp;&nbsp;impl_dm9051_rx1
</UL>

<P><STRONG><a name="[b4]"></a>buff_tx</STRONG> (Thumb, 20 bytes, Stack size 16 bytes, .\objects\dm9051_lw_function_code.o(i.buff_tx))
<BR><BR>[Stack]<UL><LI>Max Depth = 56<LI>Call Chain = buff_tx &rArr; dm9051_tx_write &rArr; cspi_write_reg &rArr; spi_exc_data
</UL>
<BR>[Calls]<UL><LI><a href="#[b5]">&gt;&gt;</a>&nbsp;&nbsp;&nbsp;dm9051_tx_write
<LI><a href="#[b6]">&gt;&gt;</a>&nbsp;&nbsp;&nbsp;dm9051_tx_req
</UL>
<BR>[Called By]<UL><LI><a href="#[10f]">&gt;&gt;</a>&nbsp;&nbsp;&nbsp;impl_dm9051_tx1
</UL>

<P><STRONG><a name="[b7]"></a>cboard_conf_configuration</STRONG> (Thumb, 22 bytes, Stack size 8 bytes, .\objects\dm9051_cboard.o(i.cboard_conf_configuration))
<BR><BR>[Stack]<UL><LI>Max Depth = 48<LI>Call Chain = cboard_conf_configuration &rArr; dm9051_board_counts_display &rArr; printkline_log &rArr; __2printf
</UL>
<BR>[Calls]<UL><LI><a href="#[b9]">&gt;&gt;</a>&nbsp;&nbsp;&nbsp;ETH_COUNT_VOIDFN
<LI><a href="#[b8]">&gt;&gt;</a>&nbsp;&nbsp;&nbsp;dm9051_board_counts_display
</UL>
<BR>[Called By]<UL><LI><a href="#[97]">&gt;&gt;</a>&nbsp;&nbsp;&nbsp;dm9051_init
</UL>

<P><STRONG><a name="[ba]"></a>cint_disable_mcu_irq</STRONG> (Thumb, 54 bytes, Stack size 8 bytes, .\objects\dm9051_cint.o(i.cint_disable_mcu_irq))
<BR><BR>[Stack]<UL><LI>Max Depth = 32<LI>Call Chain = cint_disable_mcu_irq &rArr; __2printf
</UL>
<BR>[Calls]<UL><LI><a href="#[bc]">&gt;&gt;</a>&nbsp;&nbsp;&nbsp;nvic_irq_disable
<LI><a href="#[bb]">&gt;&gt;</a>&nbsp;&nbsp;&nbsp;deidentify_irq_stat
<LI><a href="#[95]">&gt;&gt;</a>&nbsp;&nbsp;&nbsp;__2printf
</UL>
<BR>[Called By]<UL><LI><a href="#[ff]">&gt;&gt;</a>&nbsp;&nbsp;&nbsp;impl_disable_mcu_irq
</UL>

<P><STRONG><a name="[bd]"></a>cint_enable_mcu_irq</STRONG> (Thumb, 64 bytes, Stack size 8 bytes, .\objects\dm9051_cint.o(i.cint_enable_mcu_irq))
<BR><BR>[Stack]<UL><LI>Max Depth = 40<LI>Call Chain = cint_enable_mcu_irq &rArr; nvic_irq_enable
</UL>
<BR>[Calls]<UL><LI><a href="#[bf]">&gt;&gt;</a>&nbsp;&nbsp;&nbsp;nvic_priority_group_config
<LI><a href="#[c0]">&gt;&gt;</a>&nbsp;&nbsp;&nbsp;nvic_irq_enable
<LI><a href="#[be]">&gt;&gt;</a>&nbsp;&nbsp;&nbsp;identify_irq_stat
<LI><a href="#[95]">&gt;&gt;</a>&nbsp;&nbsp;&nbsp;__2printf
</UL>
<BR>[Called By]<UL><LI><a href="#[100]">&gt;&gt;</a>&nbsp;&nbsp;&nbsp;impl_enable_mcu_irq
</UL>

<P><STRONG><a name="[a1]"></a>cint_exint9_5_handler</STRONG> (Thumb, 42 bytes, Stack size 16 bytes, .\objects\dm9051_cint.o(i.cint_exint9_5_handler))
<BR><BR>[Stack]<UL><LI>Max Depth = 16<LI>Call Chain = cint_exint9_5_handler
</UL>
<BR>[Calls]<UL><LI><a href="#[c1]">&gt;&gt;</a>&nbsp;&nbsp;&nbsp;exint_flag_get
<LI><a href="#[c3]">&gt;&gt;</a>&nbsp;&nbsp;&nbsp;exint_flag_clear
<LI><a href="#[9e]">&gt;&gt;</a>&nbsp;&nbsp;&nbsp;dm9051_irq_exint_line
<LI><a href="#[c2]">&gt;&gt;</a>&nbsp;&nbsp;&nbsp;DM_ETH_IRQHandler
</UL>
<BR>[Called By]<UL><LI><a href="#[21]">&gt;&gt;</a>&nbsp;&nbsp;&nbsp;EXINT9_5_IRQHandler
</UL>

<P><STRONG><a name="[c4]"></a>clock_time</STRONG> (Thumb, 8 bytes, Stack size 8 bytes, .\objects\clock-arch.o(i.clock_time))
<BR><BR>[Stack]<UL><LI>Max Depth = 8<LI>Call Chain = clock_time
</UL>
<BR>[Calls]<UL><LI><a href="#[c5]">&gt;&gt;</a>&nbsp;&nbsp;&nbsp;xTaskGetTickCount
</UL>
<BR>[Called By]<UL><LI><a href="#[135]">&gt;&gt;</a>&nbsp;&nbsp;&nbsp;timer_set
<LI><a href="#[136]">&gt;&gt;</a>&nbsp;&nbsp;&nbsp;timer_expired
</UL>

<P><STRONG><a name="[c6]"></a>cpin_poweron_reset</STRONG> (Thumb, 54 bytes, Stack size 8 bytes, .\objects\dm9051_crst_cgpio.o(i.cpin_poweron_reset))
<BR><BR>[Stack]<UL><LI>Max Depth = 16<LI>Call Chain = cpin_poweron_reset &rArr; dm_delay_ms
</UL>
<BR>[Calls]<UL><LI><a href="#[ca]">&gt;&gt;</a>&nbsp;&nbsp;&nbsp;gpio_bits_set
<LI><a href="#[c8]">&gt;&gt;</a>&nbsp;&nbsp;&nbsp;gpio_bits_reset
<LI><a href="#[c7]">&gt;&gt;</a>&nbsp;&nbsp;&nbsp;rst_pin_exister
<LI><a href="#[c9]">&gt;&gt;</a>&nbsp;&nbsp;&nbsp;dm_delay_ms
</UL>
<BR>[Called By]<UL><LI><a href="#[102]">&gt;&gt;</a>&nbsp;&nbsp;&nbsp;dm9051_reset_pulse
</UL>

<P><STRONG><a name="[cb]"></a>cpin_rst_add</STRONG> (Thumb, 56 bytes, Stack size 8 bytes, .\objects\dm9051_cboard.o(i.cpin_rst_add))
<BR><BR>[Stack]<UL><LI>Max Depth = 56<LI>Call Chain = cpin_rst_add &rArr; gpio_pin_config &rArr; __2printf
</UL>
<BR>[Calls]<UL><LI><a href="#[cc]">&gt;&gt;</a>&nbsp;&nbsp;&nbsp;rst_pin_mexist
<LI><a href="#[cd]">&gt;&gt;</a>&nbsp;&nbsp;&nbsp;de_pin
<LI><a href="#[ce]">&gt;&gt;</a>&nbsp;&nbsp;&nbsp;gpio_pin_config
<LI><a href="#[95]">&gt;&gt;</a>&nbsp;&nbsp;&nbsp;__2printf
</UL>
<BR>[Called By]<UL><LI><a href="#[71]">&gt;&gt;</a>&nbsp;&nbsp;&nbsp;interface_all_add
</UL>

<P><STRONG><a name="[d1]"></a>create_network_task</STRONG> (Thumb, 36 bytes, Stack size 16 bytes, .\objects\main.o(i.create_network_task))
<BR><BR>[Stack]<UL><LI>Max Depth = 152<LI>Call Chain = create_network_task &rArr; xTaskCreate &rArr; pvPortMalloc &rArr; xTaskResumeAll &rArr; xTaskIncrementTick
</UL>
<BR>[Calls]<UL><LI><a href="#[d2]">&gt;&gt;</a>&nbsp;&nbsp;&nbsp;xTaskCreate
<LI><a href="#[95]">&gt;&gt;</a>&nbsp;&nbsp;&nbsp;__2printf
</UL>
<BR>[Called By]<UL><LI><a href="#[6a]">&gt;&gt;</a>&nbsp;&nbsp;&nbsp;main
</UL>

<P><STRONG><a name="[19e]"></a>crm_ahb_div_set</STRONG> (Thumb, 14 bytes, Stack size 0 bytes, .\objects\at32f435_437_crm.o(i.crm_ahb_div_set))
<BR><BR>[Called By]<UL><LI><a href="#[155]">&gt;&gt;</a>&nbsp;&nbsp;&nbsp;system_clock_config
</UL>

<P><STRONG><a name="[1a0]"></a>crm_apb1_div_set</STRONG> (Thumb, 14 bytes, Stack size 0 bytes, .\objects\at32f435_437_crm.o(i.crm_apb1_div_set))
<BR><BR>[Called By]<UL><LI><a href="#[155]">&gt;&gt;</a>&nbsp;&nbsp;&nbsp;system_clock_config
</UL>

<P><STRONG><a name="[19f]"></a>crm_apb2_div_set</STRONG> (Thumb, 14 bytes, Stack size 0 bytes, .\objects\at32f435_437_crm.o(i.crm_apb2_div_set))
<BR><BR>[Called By]<UL><LI><a href="#[155]">&gt;&gt;</a>&nbsp;&nbsp;&nbsp;system_clock_config
</UL>

<P><STRONG><a name="[1a1]"></a>crm_auto_step_mode_enable</STRONG> (Thumb, 34 bytes, Stack size 0 bytes, .\objects\at32f435_437_crm.o(i.crm_auto_step_mode_enable))
<BR><BR>[Called By]<UL><LI><a href="#[155]">&gt;&gt;</a>&nbsp;&nbsp;&nbsp;system_clock_config
</UL>

<P><STRONG><a name="[19c]"></a>crm_clock_source_enable</STRONG> (Thumb, 98 bytes, Stack size 0 bytes, .\objects\at32f435_437_crm.o(i.crm_clock_source_enable))
<BR><BR>[Called By]<UL><LI><a href="#[155]">&gt;&gt;</a>&nbsp;&nbsp;&nbsp;system_clock_config
</UL>

<P><STRONG><a name="[d3]"></a>crm_clocks_freq_get</STRONG> (Thumb, 224 bytes, Stack size 28 bytes, .\objects\at32f435_437_crm.o(i.crm_clocks_freq_get))
<BR><BR>[Stack]<UL><LI>Max Depth = 28<LI>Call Chain = crm_clocks_freq_get
</UL>
<BR>[Calls]<UL><LI><a href="#[d4]">&gt;&gt;</a>&nbsp;&nbsp;&nbsp;crm_sysclk_switch_status_get
</UL>
<BR>[Called By]<UL><LI><a href="#[1a5]">&gt;&gt;</a>&nbsp;&nbsp;&nbsp;usart_init
</UL>

<P><STRONG><a name="[d6]"></a>crm_flag_get</STRONG> (Thumb, 44 bytes, Stack size 8 bytes, .\objects\at32f435_437_crm.o(i.crm_flag_get))
<BR><BR>[Stack]<UL><LI>Max Depth = 8<LI>Call Chain = crm_flag_get
</UL>
<BR>[Called By]<UL><LI><a href="#[d5]">&gt;&gt;</a>&nbsp;&nbsp;&nbsp;crm_hext_stable_wait
<LI><a href="#[155]">&gt;&gt;</a>&nbsp;&nbsp;&nbsp;system_clock_config
</UL>

<P><STRONG><a name="[d5]"></a>crm_hext_stable_wait</STRONG> (Thumb, 46 bytes, Stack size 12 bytes, .\objects\at32f435_437_crm.o(i.crm_hext_stable_wait))
<BR><BR>[Stack]<UL><LI>Max Depth = 20<LI>Call Chain = crm_hext_stable_wait &rArr; crm_flag_get
</UL>
<BR>[Calls]<UL><LI><a href="#[d6]">&gt;&gt;</a>&nbsp;&nbsp;&nbsp;crm_flag_get
</UL>
<BR>[Called By]<UL><LI><a href="#[155]">&gt;&gt;</a>&nbsp;&nbsp;&nbsp;system_clock_config
</UL>

<P><STRONG><a name="[11f]"></a>crm_periph_clock_enable</STRONG> (Thumb, 70 bytes, Stack size 8 bytes, .\objects\at32f435_437_crm.o(i.crm_periph_clock_enable))
<BR><BR>[Stack]<UL><LI>Max Depth = 8<LI>Call Chain = crm_periph_clock_enable
</UL>
<BR>[Called By]<UL><LI><a href="#[156]">&gt;&gt;</a>&nbsp;&nbsp;&nbsp;uart_print_init
<LI><a href="#[155]">&gt;&gt;</a>&nbsp;&nbsp;&nbsp;system_clock_config
<LI><a href="#[190]">&gt;&gt;</a>&nbsp;&nbsp;&nbsp;spi_config
<LI><a href="#[ce]">&gt;&gt;</a>&nbsp;&nbsp;&nbsp;gpio_pin_config
<LI><a href="#[11e]">&gt;&gt;</a>&nbsp;&nbsp;&nbsp;exint_config
</UL>

<P><STRONG><a name="[19d]"></a>crm_pll_config</STRONG> (Thumb, 46 bytes, Stack size 12 bytes, .\objects\at32f435_437_crm.o(i.crm_pll_config))
<BR><BR>[Stack]<UL><LI>Max Depth = 12<LI>Call Chain = crm_pll_config
</UL>
<BR>[Called By]<UL><LI><a href="#[155]">&gt;&gt;</a>&nbsp;&nbsp;&nbsp;system_clock_config
</UL>

<P><STRONG><a name="[19b]"></a>crm_reset</STRONG> (Thumb, 104 bytes, Stack size 0 bytes, .\objects\at32f435_437_crm.o(i.crm_reset))
<BR><BR>[Called By]<UL><LI><a href="#[155]">&gt;&gt;</a>&nbsp;&nbsp;&nbsp;system_clock_config
</UL>

<P><STRONG><a name="[1a2]"></a>crm_sysclk_switch</STRONG> (Thumb, 14 bytes, Stack size 0 bytes, .\objects\at32f435_437_crm.o(i.crm_sysclk_switch))
<BR><BR>[Called By]<UL><LI><a href="#[155]">&gt;&gt;</a>&nbsp;&nbsp;&nbsp;system_clock_config
</UL>

<P><STRONG><a name="[d4]"></a>crm_sysclk_switch_status_get</STRONG> (Thumb, 10 bytes, Stack size 0 bytes, .\objects\at32f435_437_crm.o(i.crm_sysclk_switch_status_get))
<BR><BR>[Called By]<UL><LI><a href="#[1a3]">&gt;&gt;</a>&nbsp;&nbsp;&nbsp;system_core_clock_update
<LI><a href="#[155]">&gt;&gt;</a>&nbsp;&nbsp;&nbsp;system_clock_config
[...]
<LI><a href="#[134]">&gt;&gt;</a>&nbsp;&nbsp;&nbsp;send_discover
<LI><a href="#[137]">&gt;&gt;</a>&nbsp;&nbsp;&nbsp;parse_msg
<LI><a href="#[95]">&gt;&gt;</a>&nbsp;&nbsp;&nbsp;__2printf
</UL>
<BR>[Called By]<UL><LI><a href="#[e2]">&gt;&gt;</a>&nbsp;&nbsp;&nbsp;dhcpc_appcall
</UL>

<P><STRONG><a name="[137]"></a>parse_msg</STRONG> (Thumb, 66 bytes, Stack size 8 bytes, .\objects\dhcpc.o(i.parse_msg))
<BR><BR>[Stack]<UL><LI>Max Depth = 20<LI>Call Chain = parse_msg &rArr; parse_options
</UL>
<BR>[Calls]<UL><LI><a href="#[15b]">&gt;&gt;</a>&nbsp;&nbsp;&nbsp;parse_options
<LI><a href="#[15a]">&gt;&gt;</a>&nbsp;&nbsp;&nbsp;memcmp
</UL>
<BR>[Called By]<UL><LI><a href="#[e3]">&gt;&gt;</a>&nbsp;&nbsp;&nbsp;handle_dhcp
</UL>

<P><STRONG><a name="[15b]"></a>parse_options</STRONG> (Thumb, 128 bytes, Stack size 12 bytes, .\objects\dhcpc.o(i.parse_options))
<BR><BR>[Stack]<UL><LI>Max Depth = 12<LI>Call Chain = parse_options
</UL>
<BR>[Called By]<UL><LI><a href="#[137]">&gt;&gt;</a>&nbsp;&nbsp;&nbsp;parse_msg
</UL>

<P><STRONG><a name="[134]"></a>send_discover</STRONG> (Thumb, 66 bytes, Stack size 16 bytes, .\objects\dhcpc.o(i.send_discover))
<BR><BR>[Stack]<UL><LI>Max Depth = 40<LI>Call Chain = send_discover &rArr; __2printf
</UL>
<BR>[Calls]<UL><LI><a href="#[cf]">&gt;&gt;</a>&nbsp;&nbsp;&nbsp;create_msg
<LI><a href="#[18a]">&gt;&gt;</a>&nbsp;&nbsp;&nbsp;add_req_options
<LI><a href="#[189]">&gt;&gt;</a>&nbsp;&nbsp;&nbsp;add_msg_type
<LI><a href="#[18b]">&gt;&gt;</a>&nbsp;&nbsp;&nbsp;add_end
<LI><a href="#[188]">&gt;&gt;</a>&nbsp;&nbsp;&nbsp;uip_send
<LI><a href="#[95]">&gt;&gt;</a>&nbsp;&nbsp;&nbsp;__2printf
</UL>
<BR>[Called By]<UL><LI><a href="#[e3]">&gt;&gt;</a>&nbsp;&nbsp;&nbsp;handle_dhcp
</UL>

<P><STRONG><a name="[138]"></a>send_request</STRONG> (Thumb, 74 bytes, Stack size 16 bytes, .\objects\dhcpc.o(i.send_request))
<BR><BR>[Stack]<UL><LI>Max Depth = 40<LI>Call Chain = send_request &rArr; __2printf
</UL>
<BR>[Calls]<UL><LI><a href="#[cf]">&gt;&gt;</a>&nbsp;&nbsp;&nbsp;create_msg
<LI><a href="#[18e]">&gt;&gt;</a>&nbsp;&nbsp;&nbsp;add_server_id
<LI><a href="#[18f]">&gt;&gt;</a>&nbsp;&nbsp;&nbsp;add_req_ipaddr
<LI><a href="#[189]">&gt;&gt;</a>&nbsp;&nbsp;&nbsp;add_msg_type
<LI><a href="#[18b]">&gt;&gt;</a>&nbsp;&nbsp;&nbsp;add_end
<LI><a href="#[188]">&gt;&gt;</a>&nbsp;&nbsp;&nbsp;uip_send
<LI><a href="#[95]">&gt;&gt;</a>&nbsp;&nbsp;&nbsp;__2printf
</UL>
<BR>[Called By]<UL><LI><a href="#[e3]">&gt;&gt;</a>&nbsp;&nbsp;&nbsp;handle_dhcp
</UL>

<P><STRONG><a name="[75]"></a>generate_part_of_file</STRONG> (Thumb, 62 bytes, Stack size 16 bytes, .\objects\httpd.o(i.generate_part_of_file))
<BR><BR>[Stack]<UL><LI>Max Depth = 16<LI>Call Chain = generate_part_of_file
</UL>
<BR>[Calls]<UL><LI><a href="#[d0]">&gt;&gt;</a>&nbsp;&nbsp;&nbsp;__aeabi_memcpy
</UL>
<BR>[Address Reference Count : 1]<UL><LI> httpd.o(i.send_file)
</UL>
<P><STRONG><a name="[130]"></a>handle_connection</STRONG> (Thumb, 26 bytes, Stack size 8 bytes, .\objects\httpd.o(i.handle_connection))
<BR><BR>[Stack]<UL><LI>Max Depth = 136<LI>Call Chain = handle_connection &rArr; handle_output &rArr; send_led_file &rArr; psock_send &rArr; send_data &rArr; uip_send
</UL>
<BR>[Calls]<UL><LI><a href="#[132]">&gt;&gt;</a>&nbsp;&nbsp;&nbsp;handle_output
<LI><a href="#[131]">&gt;&gt;</a>&nbsp;&nbsp;&nbsp;handle_input
</UL>
<BR>[Called By]<UL><LI><a href="#[148]">&gt;&gt;</a>&nbsp;&nbsp;&nbsp;httpd_appcall
</UL>

<P><STRONG><a name="[131]"></a>handle_input</STRONG> (Thumb, 324 bytes, Stack size 16 bytes, .\objects\httpd.o(i.handle_input))
<BR><BR>[Stack]<UL><LI>Max Depth = 64<LI>Call Chain = handle_input &rArr; RttPrintf &rArr; __c89printf
</UL>
<BR>[Calls]<UL><LI><a href="#[a2]">&gt;&gt;</a>&nbsp;&nbsp;&nbsp;RttPrintf
<LI><a href="#[139]">&gt;&gt;</a>&nbsp;&nbsp;&nbsp;psock_readto
<LI><a href="#[13c]">&gt;&gt;</a>&nbsp;&nbsp;&nbsp;psock_datalen
<LI><a href="#[13a]">&gt;&gt;</a>&nbsp;&nbsp;&nbsp;strncmp
<LI><a href="#[13b]">&gt;&gt;</a>&nbsp;&nbsp;&nbsp;strncpy
</UL>
<BR>[Called By]<UL><LI><a href="#[130]">&gt;&gt;</a>&nbsp;&nbsp;&nbsp;handle_connection
</UL>

<P><STRONG><a name="[132]"></a>handle_output</STRONG> (Thumb, 354 bytes, Stack size 16 bytes, .\objects\httpd.o(i.handle_output))
<BR><BR>[Stack]<UL><LI>Max Depth = 128<LI>Call Chain = handle_output &rArr; send_led_file &rArr; psock_send &rArr; send_data &rArr; uip_send
</UL>
<BR>[Calls]<UL><LI><a href="#[13f]">&gt;&gt;</a>&nbsp;&nbsp;&nbsp;httpd_fs_open
<LI><a href="#[13e]">&gt;&gt;</a>&nbsp;&nbsp;&nbsp;send_led_file
<LI><a href="#[13d]">&gt;&gt;</a>&nbsp;&nbsp;&nbsp;send_headers
<LI><a href="#[141]">&gt;&gt;</a>&nbsp;&nbsp;&nbsp;send_file
<LI><a href="#[143]">&gt;&gt;</a>&nbsp;&nbsp;&nbsp;handle_script
<LI><a href="#[13a]">&gt;&gt;</a>&nbsp;&nbsp;&nbsp;strncmp
<LI><a href="#[140]">&gt;&gt;</a>&nbsp;&nbsp;&nbsp;strcpy
<LI><a href="#[142]">&gt;&gt;</a>&nbsp;&nbsp;&nbsp;strchr
</UL>
<BR>[Called By]<UL><LI><a href="#[130]">&gt;&gt;</a>&nbsp;&nbsp;&nbsp;handle_connection
</UL>

<P><STRONG><a name="[143]"></a>handle_script</STRONG> (Thumb, 380 bytes, Stack size 24 bytes, .\objects\httpd.o(i.handle_script))
<BR><BR>[Stack]<UL><LI>Max Depth = 96<LI>Call Chain = handle_script &rArr; send_part_of_file &rArr; psock_send &rArr; send_data &rArr; uip_send
</UL>
<BR>[Calls]<UL><LI><a href="#[13f]">&gt;&gt;</a>&nbsp;&nbsp;&nbsp;httpd_fs_open
<LI><a href="#[144]">&gt;&gt;</a>&nbsp;&nbsp;&nbsp;httpd_cgi
<LI><a href="#[146]">&gt;&gt;</a>&nbsp;&nbsp;&nbsp;send_part_of_file
<LI><a href="#[141]">&gt;&gt;</a>&nbsp;&nbsp;&nbsp;send_file
<LI><a href="#[145]">&gt;&gt;</a>&nbsp;&nbsp;&nbsp;next_scriptstate
<LI><a href="#[142]">&gt;&gt;</a>&nbsp;&nbsp;&nbsp;strchr
</UL>
<BR>[Called By]<UL><LI><a href="#[132]">&gt;&gt;</a>&nbsp;&nbsp;&nbsp;handle_output
</UL>

<P><STRONG><a name="[145]"></a>next_scriptstate</STRONG> (Thumb, 34 bytes, Stack size 16 bytes, .\objects\httpd.o(i.next_scriptstate))
<BR><BR>[Stack]<UL><LI>Max Depth = 16<LI>Call Chain = next_scriptstate
</UL>
<BR>[Calls]<UL><LI><a href="#[142]">&gt;&gt;</a>&nbsp;&nbsp;&nbsp;strchr
</UL>
<BR>[Called By]<UL><LI><a href="#[143]">&gt;&gt;</a>&nbsp;&nbsp;&nbsp;handle_script
</UL>

<P><STRONG><a name="[141]"></a>send_file</STRONG> (Thumb, 96 bytes, Stack size 16 bytes, .\objects\httpd.o(i.send_file))
<BR><BR>[Stack]<UL><LI>Max Depth = 64<LI>Call Chain = send_file &rArr; psock_generator_send &rArr; send_data &rArr; uip_send
</UL>
<BR>[Calls]<UL><LI><a href="#[178]">&gt;&gt;</a>&nbsp;&nbsp;&nbsp;psock_generator_send
</UL>
<BR>[Called By]<UL><LI><a href="#[143]">&gt;&gt;</a>&nbsp;&nbsp;&nbsp;handle_script
<LI><a href="#[132]">&gt;&gt;</a>&nbsp;&nbsp;&nbsp;handle_output
</UL>

<P><STRONG><a name="[13d]"></a>send_headers</STRONG> (Thumb, 476 bytes, Stack size 24 bytes, .\objects\httpd.o(i.send_headers))
<BR><BR>[Stack]<UL><LI>Max Depth = 80<LI>Call Chain = send_headers &rArr; psock_send &rArr; send_data &rArr; uip_send
</UL>
<BR>[Calls]<UL><LI><a href="#[17e]">&gt;&gt;</a>&nbsp;&nbsp;&nbsp;psock_send
<LI><a href="#[18c]">&gt;&gt;</a>&nbsp;&nbsp;&nbsp;strrchr
<LI><a href="#[13a]">&gt;&gt;</a>&nbsp;&nbsp;&nbsp;strncmp
<LI><a href="#[127]">&gt;&gt;</a>&nbsp;&nbsp;&nbsp;strlen
</UL>
<BR>[Called By]<UL><LI><a href="#[132]">&gt;&gt;</a>&nbsp;&nbsp;&nbsp;handle_output
</UL>

<P><STRONG><a name="[13e]"></a>send_led_file</STRONG> (Thumb, 756 bytes, Stack size 56 bytes, .\objects\httpd.o(i.send_led_file))
<BR><BR>[Stack]<UL><LI>Max Depth = 112<LI>Call Chain = send_led_file &rArr; psock_send &rArr; send_data &rArr; uip_send
</UL>
<BR>[Calls]<UL><LI><a href="#[17e]">&gt;&gt;</a>&nbsp;&nbsp;&nbsp;psock_send
<LI><a href="#[18d]">&gt;&gt;</a>&nbsp;&nbsp;&nbsp;__2sprintf
<LI><a href="#[127]">&gt;&gt;</a>&nbsp;&nbsp;&nbsp;strlen
</UL>
<BR>[Called By]<UL><LI><a href="#[132]">&gt;&gt;</a>&nbsp;&nbsp;&nbsp;handle_output
</UL>

<P><STRONG><a name="[146]"></a>send_part_of_file</STRONG> (Thumb, 64 bytes, Stack size 16 bytes, .\objects\httpd.o(i.send_part_of_file))
<BR><BR>[Stack]<UL><LI>Max Depth = 72<LI>Call Chain = send_part_of_file &rArr; psock_send &rArr; send_data &rArr; uip_send
</UL>
<BR>[Calls]<UL><LI><a href="#[17e]">&gt;&gt;</a>&nbsp;&nbsp;&nbsp;psock_send
</UL>
<BR>[Called By]<UL><LI><a href="#[143]">&gt;&gt;</a>&nbsp;&nbsp;&nbsp;handle_script
</UL>

<P><STRONG><a name="[14a]"></a>httpd_fs_strcmp</STRONG> (Thumb, 48 bytes, Stack size 8 bytes, .\objects\httpd-fs.o(i.httpd_fs_strcmp))
<BR><BR>[Stack]<UL><LI>Max Depth = 8<LI>Call Chain = httpd_fs_strcmp
</UL>
<BR>[Called By]<UL><LI><a href="#[13f]">&gt;&gt;</a>&nbsp;&nbsp;&nbsp;httpd_fs_open
</UL>

<P><STRONG><a name="[76]"></a>generate_sys_stats</STRONG> (Thumb, 138 bytes, Stack size 80 bytes, .\objects\httpd-cgi.o(i.generate_sys_stats))
<BR><BR>[Stack]<UL><LI>Max Depth = 112<LI>Call Chain = generate_sys_stats &rArr; __2snprintf
</UL>
<BR>[Calls]<UL><LI><a href="#[12c]">&gt;&gt;</a>&nbsp;&nbsp;&nbsp;__2snprintf
</UL>
<BR>[Address Reference Count : 1]<UL><LI> httpd-cgi.o(i.sys_stats)
</UL>
<P><STRONG><a name="[73]"></a>nullfunction</STRONG> (Thumb, 26 bytes, Stack size 8 bytes, .\objects\httpd-cgi.o(i.nullfunction))
<BR><BR>[Stack]<UL><LI>Max Depth = 8<LI>Call Chain = nullfunction
</UL>
<BR>[Address Reference Count : 1]<UL><LI> httpd-cgi.o(i.httpd_cgi)
</UL>
<P><STRONG><a name="[78]"></a>sys_stats</STRONG> (Thumb, 92 bytes, Stack size 16 bytes, .\objects\httpd-cgi.o(i.sys_stats))
<BR><BR>[Stack]<UL><LI>Max Depth = 64<LI>Call Chain = sys_stats &rArr; psock_generator_send &rArr; send_data &rArr; uip_send
</UL>
<BR>[Calls]<UL><LI><a href="#[178]">&gt;&gt;</a>&nbsp;&nbsp;&nbsp;psock_generator_send
</UL>
<BR>[Address Reference Count : 1]<UL><LI> httpd-cgi.o(.constdata)
</UL>
<P><STRONG><a name="[197]"></a>inHandlerMode</STRONG> (Thumb, 16 bytes, Stack size 0 bytes, .\objects\dm9051_rtos.o(i.inHandlerMode))
<BR><BR>[Called By]<UL><LI><a href="#[f7]">&gt;&gt;</a>&nbsp;&nbsp;&nbsp;sys_mutex_unlock_end
<LI><a href="#[f5]">&gt;&gt;</a>&nbsp;&nbsp;&nbsp;sys_mutex_lock_start
</UL>

<P><STRONG><a name="[10e]"></a>internal_adr_logic</STRONG> (Thumb, 48 bytes, Stack size 16 bytes, .\objects\dm9051_lw_function_code.o(i.internal_adr_logic))
<BR><BR>[Stack]<UL><LI>Max Depth = 80<LI>Call Chain = internal_adr_logic &rArr; impl_read_par &rArr; cspi_read_regs &rArr; cspi_read_reg &rArr; spi_exc_data
</UL>
<BR>[Calls]<UL><LI><a href="#[14f]">&gt;&gt;</a>&nbsp;&nbsp;&nbsp;impl_read_par
<LI><a href="#[10d]">&gt;&gt;</a>&nbsp;&nbsp;&nbsp;identify_eth_mac
<LI><a href="#[10c]">&gt;&gt;</a>&nbsp;&nbsp;&nbsp;is_valid_ether_addr
</UL>
<BR>[Called By]<UL><LI><a href="#[10b]">&gt;&gt;</a>&nbsp;&nbsp;&nbsp;dm9051_start1
</UL>

<P><STRONG><a name="[153]"></a>is_multicast_ether_addr</STRONG> (Thumb, 10 bytes, Stack size 0 bytes, .\objects\dm9051_lw_function_code.o(i.is_multicast_ether_addr))
<BR><BR>[Called By]<UL><LI><a href="#[10c]">&gt;&gt;</a>&nbsp;&nbsp;&nbsp;is_valid_ether_addr
</UL>

<P><STRONG><a name="[10c]"></a>is_valid_ether_addr</STRONG> (Thumb, 28 bytes, Stack size 8 bytes, .\objects\dm9051_lw_function_code.o(i.is_valid_ether_addr))
<BR><BR>[Stack]<UL><LI>Max Depth = 8<LI>Call Chain = is_valid_ether_addr
</UL>
<BR>[Calls]<UL><LI><a href="#[154]">&gt;&gt;</a>&nbsp;&nbsp;&nbsp;is_zero_ether_addr
<LI><a href="#[153]">&gt;&gt;</a>&nbsp;&nbsp;&nbsp;is_multicast_ether_addr
</UL>
<BR>[Called By]<UL><LI><a href="#[10b]">&gt;&gt;</a>&nbsp;&nbsp;&nbsp;dm9051_start1
<LI><a href="#[10e]">&gt;&gt;</a>&nbsp;&nbsp;&nbsp;internal_adr_logic
</UL>

<P><STRONG><a name="[154]"></a>is_zero_ether_addr</STRONG> (Thumb, 22 bytes, Stack size 0 bytes, .\objects\dm9051_lw_function_code.o(i.is_zero_ether_addr))
<BR><BR>[Called By]<UL><LI><a href="#[10c]">&gt;&gt;</a>&nbsp;&nbsp;&nbsp;is_valid_ether_addr
</UL>

<P><STRONG><a name="[f1]"></a>dm9051_delay_in_core_process</STRONG> (Thumb, 20 bytes, Stack size 16 bytes, .\objects\dm9051_lw_control_cblock.o(i.dm9051_delay_in_core_process))
<BR><BR>[Stack]<UL><LI>Max Depth = 24<LI>Call Chain = dm9051_delay_in_core_process &rArr; dm_delay_ms
</UL>
<BR>[Calls]<UL><LI><a href="#[c9]">&gt;&gt;</a>&nbsp;&nbsp;&nbsp;dm_delay_ms
</UL>
<BR>[Called By]<UL><LI><a href="#[ef]">&gt;&gt;</a>&nbsp;&nbsp;&nbsp;dm9051_phycore_on
<LI><a href="#[ee]">&gt;&gt;</a>&nbsp;&nbsp;&nbsp;dm9051_ncr_reset
</UL>

<P><STRONG><a name="[187]"></a>dm9051_show_rxbstatistic</STRONG> (Thumb, 118 bytes, Stack size 16 bytes, .\objects\dm9051_lw_control_cblock.o(i.dm9051_show_rxbstatistic))
<BR><BR>[Stack]<UL><LI>Max Depth = 16<LI>Call Chain = dm9051_show_rxbstatistic
</UL>
<BR>[Called By]<UL><LI><a href="#[11d]">&gt;&gt;</a>&nbsp;&nbsp;&nbsp;ret_fire_time
</UL>

<P><STRONG><a name="[11d]"></a>ret_fire_time</STRONG> (Thumb, 58 bytes, Stack size 32 bytes, .\objects\dm9051_lw_control_cblock.o(i.ret_fire_time))
<BR><BR>[Stack]<UL><LI>Max Depth = 72<LI>Call Chain = ret_fire_time &rArr; impl_read_rx_pointers &rArr; cspi_read_reg &rArr; spi_exc_data
</UL>
<BR>[Calls]<UL><LI><a href="#[150]">&gt;&gt;</a>&nbsp;&nbsp;&nbsp;impl_read_rx_pointers
<LI><a href="#[187]">&gt;&gt;</a>&nbsp;&nbsp;&nbsp;dm9051_show_rxbstatistic
</UL>
<BR>[Called By]<UL><LI><a href="#[107]">&gt;&gt;</a>&nbsp;&nbsp;&nbsp;ev_rxb
</UL>

<P><STRONG><a name="[79]"></a>uvTaskDelay</STRONG> (Thumb, 30 bytes, Stack size 16 bytes, .\objects\dm9051_lw_data.o(i.uvTaskDelay))
<BR><BR>[Stack]<UL><LI>Max Depth = 72<LI>Call Chain = uvTaskDelay &rArr; vTaskDelay &rArr; xTaskResumeAll &rArr; xTaskIncrementTick
</UL>
<BR>[Calls]<UL><LI><a href="#[7a]">&gt;&gt;</a>&nbsp;&nbsp;&nbsp;vTaskDelay
</UL>
<BR>[Address Reference Count : 1]<UL><LI> dm9051_lw_data.o(.constdata)
</UL>
<P><STRONG><a name="[da]"></a>spi_cs_hi</STRONG> (Thumb, 16 bytes, Stack size 8 bytes, .\objects\dm9051_cspi.o(i.spi_cs_hi))
<BR><BR>[Stack]<UL><LI>Max Depth = 8<LI>Call Chain = spi_cs_hi
</UL>
<BR>[Calls]<UL><LI><a href="#[ca]">&gt;&gt;</a>&nbsp;&nbsp;&nbsp;gpio_bits_set
</UL>
<BR>[Called By]<UL><LI><a href="#[df]">&gt;&gt;</a>&nbsp;&nbsp;&nbsp;cspi_write_reg
<LI><a href="#[de]">&gt;&gt;</a>&nbsp;&nbsp;&nbsp;cspi_write_mem
<LI><a href="#[dd]">&gt;&gt;</a>&nbsp;&nbsp;&nbsp;cspi_read_regs
<LI><a href="#[dc]">&gt;&gt;</a>&nbsp;&nbsp;&nbsp;cspi_read_reg
<LI><a href="#[db]">&gt;&gt;</a>&nbsp;&nbsp;&nbsp;cspi_read_mem2x
<LI><a href="#[d7]">&gt;&gt;</a>&nbsp;&nbsp;&nbsp;cspi_read_mem
</UL>

<P><STRONG><a name="[d8]"></a>spi_cs_lo</STRONG> (Thumb, 16 bytes, Stack size 8 bytes, .\objects\dm9051_cspi.o(i.spi_cs_lo))
<BR><BR>[Stack]<UL><LI>Max Depth = 8<LI>Call Chain = spi_cs_lo
</UL>
<BR>[Calls]<UL><LI><a href="#[c8]">&gt;&gt;</a>&nbsp;&nbsp;&nbsp;gpio_bits_reset
</UL>
<BR>[Called By]<UL><LI><a href="#[df]">&gt;&gt;</a>&nbsp;&nbsp;&nbsp;cspi_write_reg
<LI><a href="#[de]">&gt;&gt;</a>&nbsp;&nbsp;&nbsp;cspi_write_mem
<LI><a href="#[dd]">&gt;&gt;</a>&nbsp;&nbsp;&nbsp;cspi_read_regs
<LI><a href="#[dc]">&gt;&gt;</a>&nbsp;&nbsp;&nbsp;cspi_read_reg
<LI><a href="#[db]">&gt;&gt;</a>&nbsp;&nbsp;&nbsp;cspi_read_mem2x
<LI><a href="#[d7]">&gt;&gt;</a>&nbsp;&nbsp;&nbsp;cspi_read_mem
</UL>

<P><STRONG><a name="[d9]"></a>spi_exc_data</STRONG> (Thumb, 58 bytes, Stack size 8 bytes, .\objects\dm9051_cspi.o(i.spi_exc_data))
<BR><BR>[Stack]<UL><LI>Max Depth = 8<LI>Call Chain = spi_exc_data
</UL>
<BR>[Calls]<UL><LI><a href="#[194]">&gt;&gt;</a>&nbsp;&nbsp;&nbsp;spi_i2s_flag_get
<LI><a href="#[195]">&gt;&gt;</a>&nbsp;&nbsp;&nbsp;spi_i2s_data_transmit
<LI><a href="#[196]">&gt;&gt;</a>&nbsp;&nbsp;&nbsp;spi_i2s_data_receive
</UL>
<BR>[Called By]<UL><LI><a href="#[df]">&gt;&gt;</a>&nbsp;&nbsp;&nbsp;cspi_write_reg
<LI><a href="#[de]">&gt;&gt;</a>&nbsp;&nbsp;&nbsp;cspi_write_mem
<LI><a href="#[dd]">&gt;&gt;</a>&nbsp;&nbsp;&nbsp;cspi_read_regs
<LI><a href="#[dc]">&gt;&gt;</a>&nbsp;&nbsp;&nbsp;cspi_read_reg
<LI><a href="#[db]">&gt;&gt;</a>&nbsp;&nbsp;&nbsp;cspi_read_mem2x
<LI><a href="#[d7]">&gt;&gt;</a>&nbsp;&nbsp;&nbsp;cspi_read_mem
</UL>

<P><STRONG><a name="[11e]"></a>exint_config</STRONG> (Thumb, 82 bytes, Stack size 24 bytes, .\objects\dm9051_cboard.o(i.exint_config))
<BR><BR>[Stack]<UL><LI>Max Depth = 32<LI>Call Chain = exint_config &rArr; crm_periph_clock_enable
</UL>
<BR>[Calls]<UL><LI><a href="#[11f]">&gt;&gt;</a>&nbsp;&nbsp;&nbsp;crm_periph_clock_enable
<LI><a href="#[122]">&gt;&gt;</a>&nbsp;&nbsp;&nbsp;exint_init
<LI><a href="#[121]">&gt;&gt;</a>&nbsp;&nbsp;&nbsp;exint_default_para_init
<LI><a href="#[120]">&gt;&gt;</a>&nbsp;&nbsp;&nbsp;scfg_exint_line_config
</UL>
<BR>[Called By]<UL><LI><a href="#[152]">&gt;&gt;</a>&nbsp;&nbsp;&nbsp;intr_add
</UL>

<P><STRONG><a name="[a8]"></a>_printf_core</STRONG> (Thumb, 996 bytes, Stack size 104 bytes, C:\Keil_v5\ARM\ARMCC\Bin\..\lib\armlib\mc_w.l(printf8.o)(i._printf_core), UNUSED)
<BR><BR>[Calls]<UL><LI><a href="#[81]">&gt;&gt;</a>&nbsp;&nbsp;&nbsp;__aeabi_uldivmod
<LI><a href="#[ad]">&gt;&gt;</a>&nbsp;&nbsp;&nbsp;_printf_pre_padding
<LI><a href="#[ae]">&gt;&gt;</a>&nbsp;&nbsp;&nbsp;_printf_post_padding
</UL>
<BR>[Called By]<UL><LI><a href="#[aa]">&gt;&gt;</a>&nbsp;&nbsp;&nbsp;__0sprintf$8
<LI><a href="#[a9]">&gt;&gt;</a>&nbsp;&nbsp;&nbsp;__0snprintf$8
<LI><a href="#[a7]">&gt;&gt;</a>&nbsp;&nbsp;&nbsp;__0printf$8
</UL>

<P><STRONG><a name="[ae]"></a>_printf_post_padding</STRONG> (Thumb, 36 bytes, Stack size 24 bytes, C:\Keil_v5\ARM\ARMCC\Bin\..\lib\armlib\mc_w.l(printf8.o)(i._printf_post_padding), UNUSED)
<BR><BR>[Called By]<UL><LI><a href="#[a8]">&gt;&gt;</a>&nbsp;&nbsp;&nbsp;_printf_core
</UL>

<P><STRONG><a name="[ad]"></a>_printf_pre_padding</STRONG> (Thumb, 46 bytes, Stack size 24 bytes, C:\Keil_v5\ARM\ARMCC\Bin\..\lib\armlib\mc_w.l(printf8.o)(i._printf_pre_padding), UNUSED)
<BR><BR>[Called By]<UL><LI><a href="#[a8]">&gt;&gt;</a>&nbsp;&nbsp;&nbsp;_printf_core
</UL>

<P><STRONG><a name="[6e]"></a>_snputc</STRONG> (Thumb, 22 bytes, Stack size 0 bytes, C:\Keil_v5\ARM\ARMCC\Bin\..\lib\armlib\mc_w.l(printf8.o)(i._snputc))
<BR>[Address Reference Count : 1]<UL><LI> printf8.o(i.__0snprintf$8)
</UL>
<P><STRONG><a name="[6f]"></a>_sputc</STRONG> (Thumb, 10 bytes, Stack size 0 bytes, C:\Keil_v5\ARM\ARMCC\Bin\..\lib\armlib\mc_w.l(printf8.o)(i._sputc))
<BR><BR>[Called By]<UL><LI><a href="#[aa]">&gt;&gt;</a>&nbsp;&nbsp;&nbsp;__0sprintf$8
</UL>
<BR>[Address Reference Count : 1]<UL><LI> printf8.o(i.__0sprintf$8)
</UL>
<P><STRONG><a name="[ab]"></a>_fp_digits</STRONG> (Thumb, 366 bytes, Stack size 64 bytes, C:\Keil_v5\ARM\ARMCC\Bin\..\lib\armlib\mc_w.l(printfa.o)(i._fp_digits), UNUSED)
<BR><BR>[Calls]<UL><LI><a href="#[81]">&gt;&gt;</a>&nbsp;&nbsp;&nbsp;__aeabi_uldivmod
<LI><a href="#[8a]">&gt;&gt;</a>&nbsp;&nbsp;&nbsp;__aeabi_dmul
<LI><a href="#[8b]">&gt;&gt;</a>&nbsp;&nbsp;&nbsp;__aeabi_ddiv
<LI><a href="#[84]">&gt;&gt;</a>&nbsp;&nbsp;&nbsp;__aeabi_dadd
<LI><a href="#[8c]">&gt;&gt;</a>&nbsp;&nbsp;&nbsp;__aeabi_d2ulz
<LI><a href="#[ac]">&gt;&gt;</a>&nbsp;&nbsp;&nbsp;__aeabi_cdrcmple
</UL>
<BR>[Called By]<UL><LI><a href="#[a6]">&gt;&gt;</a>&nbsp;&nbsp;&nbsp;_printf_core
</UL>

<P><STRONG><a name="[a6]"></a>_printf_core</STRONG> (Thumb, 1744 bytes, Stack size 136 bytes, C:\Keil_v5\ARM\ARMCC\Bin\..\lib\armlib\mc_w.l(printfa.o)(i._printf_core), UNUSED)
<BR><BR>[Calls]<UL><LI><a href="#[81]">&gt;&gt;</a>&nbsp;&nbsp;&nbsp;__aeabi_uldivmod
<LI><a href="#[b1]">&gt;&gt;</a>&nbsp;&nbsp;&nbsp;__aeabi_uidivmod
<LI><a href="#[af]">&gt;&gt;</a>&nbsp;&nbsp;&nbsp;_printf_pre_padding
<LI><a href="#[b0]">&gt;&gt;</a>&nbsp;&nbsp;&nbsp;_printf_post_padding
<LI><a href="#[ab]">&gt;&gt;</a>&nbsp;&nbsp;&nbsp;_fp_digits
</UL>
<BR>[Called By]<UL><LI><a href="#[a5]">&gt;&gt;</a>&nbsp;&nbsp;&nbsp;__0printf
</UL>

<P><STRONG><a name="[b0]"></a>_printf_post_padding</STRONG> (Thumb, 36 bytes, Stack size 24 bytes, C:\Keil_v5\ARM\ARMCC\Bin\..\lib\armlib\mc_w.l(printfa.o)(i._printf_post_padding), UNUSED)
<BR><BR>[Called By]<UL><LI><a href="#[a6]">&gt;&gt;</a>&nbsp;&nbsp;&nbsp;_printf_core
</UL>

<P><STRONG><a name="[af]"></a>_printf_pre_padding</STRONG> (Thumb, 46 bytes, Stack size 24 bytes, C:\Keil_v5\ARM\ARMCC\Bin\..\lib\armlib\mc_w.l(printfa.o)(i._printf_pre_padding), UNUSED)
<BR><BR>[Called By]<UL><LI><a href="#[a6]">&gt;&gt;</a>&nbsp;&nbsp;&nbsp;_printf_core
</UL>
<P>
<H3>
Undefined Global Symbols
</H3><HR></body></html>
