<html>
<body>
<pre>
<h1>µVision Build Log</h1>
<h2>Tool Versions:</h2>
IDE-Version: µVision V5.15
Copyright (C) 2015 ARM Ltd and ARM Germany GmbH. All rights reserved.
License Information: Joseph CHANG, dx, LIC=ZB4Y8-35WSJ-WDJK8-3K263-ZRP7Z-ELXWV
 
Tool Versions:
Toolchain:       MDK-ARM Standard  Version: 5.15.0
Toolchain Path:  C:\Keil_v5\ARM\ARMCC\Bin
C Compiler:      Armcc.exe V5.05 update 2 (build 169)
Assembler:       Armasm.exe V5.05 update 2 (build 169)
Linker/Locator:  ArmLink.exe V5.05 update 2 (build 169)
Library Manager: ArmAr.exe V5.05 update 2 (build 169)
Hex Converter:   FromElf.exe V5.05 update 2 (build 169)
CPU DLL:         SARMCM3.DLL V5.15.0
Dialog DLL:      DCM.DLL V1.13.2.0
Target DLL:      CMSIS_AGDI.dll V1.21.12.0
Dialog DLL:      TCM.DLL V1.14.5.0
 
<h2>Project:</h2>
C:\basic_2Git\zyk_project\zyk\UIP_ZYK\RE_UIP_ZKY\utilities\demo\mdk_v5\uio_zky_demo.uvprojx
Project File Date:  09/23/2024

<h2>Output:</h2>
*** Using Compiler 'V5.05 update 2 (build 169)', folder: 'C:\Keil_v5\ARM\ARMCC\Bin'
Build target 'at_start_f437'
compiling uIP_cTask.c...
..\..\dm9051_driver\dm9051_u\dm_eth/dm_eth_driver_define.h(22): warning:  #1215-D: #warning directive: "freeRTOS is defined"
  #warning "freeRTOS is defined"
..\src\uIP_cTask.c: 1 warning, 0 errors
linking...
Program Size: Code=34852 RO-data=7128 RW-data=336 ZI-data=46728  
FromELF: creating hex file...
".\objects\at32f403a_freertos.axf" - 0 Error(s), 1 Warning(s).

<h2>Collection of Component include folders:</h2>
  C:\basic_2Git\zyk_project\zyk\UIP_ZYK\RE_UIP_ZKY\utilities\demo\mdk_v5\RTE
  C:\Keil_v5\ARM\PACK\ArteryTek\AT32F435_437_DFP\2.1.9\Device\Include

<h2>Collection of Component Files used:</h2>
</pre>
</body>
</html>
